17:11:57 **** Build of project DMA_transfer_1_bsp ****
make -k all 
Running Make include in ps7_cortexa9_0/libsrc/qspips_v3_3/src
make -C ps7_cortexa9_0/libsrc/qspips_v3_3/src -s include  "SHELL=/bin/sh" "COMPILER=arm-none-eabi-gcc" "ARCHIVER=arm-none-eabi-ar" "COMPILER_FLAGS=  -O2 -c" "EXTRA_COMPILER_FLAGS=-mcpu=cortex-a9 -mfpu=vfpv3 -mfloat-abi=hard -nostartfiles"
Running Make include in ps7_cortexa9_0/libsrc/ddrps_v1_0/src
make -C ps7_cortexa9_0/libsrc/ddrps_v1_0/src -s include  "SHELL=/bin/sh" "COMPILER=arm-none-eabi-gcc" "ARCHIVER=arm-none-eabi-ar" "COMPILER_FLAGS=  -O2 -c" "EXTRA_COMPILER_FLAGS=-mcpu=cortex-a9 -mfpu=vfpv3 -mfloat-abi=hard -nostartfiles"
Running Make include in ps7_cortexa9_0/libsrc/axidma_v9_1/src
make -C ps7_cortexa9_0/libsrc/axidma_v9_1/src -s include  "SHELL=/bin/sh" "COMPILER=arm-none-eabi-gcc" "ARCHIVER=arm-none-eabi-ar" "COMPILER_FLAGS=  -O2 -c" "EXTRA_COMPILER_FLAGS=-mcpu=cortex-a9 -mfpu=vfpv3 -mfloat-abi=hard -nostartfiles"
Running Make include in ps7_cortexa9_0/libsrc/cpu_cortexa9_v2_2/src
make -C ps7_cortexa9_0/libsrc/cpu_cortexa9_v2_2/src -s include  "SHELL=/bin/sh" "COMPILER=arm-none-eabi-gcc" "ARCHIVER=arm-none-eabi-ar" "COMPILER_FLAGS=  -O2 -c" "EXTRA_COMPILER_FLAGS=-mcpu=cortex-a9 -mfpu=vfpv3 -mfloat-abi=hard -nostartfiles"
Running Make include in ps7_cortexa9_0/libsrc/emacps_v3_2/src
make -C ps7_cortexa9_0/libsrc/emacps_v3_2/src -s include  "SHELL=/bin/sh" "COMPILER=arm-none-eabi-gcc" "ARCHIVER=arm-none-eabi-ar" "COMPILER_FLAGS=  -O2 -c" "EXTRA_COMPILER_FLAGS=-mcpu=cortex-a9 -mfpu=vfpv3 -mfloat-abi=hard -nostartfiles"
Running Make include in ps7_cortexa9_0/libsrc/uartps_v3_1/src
make -C ps7_cortexa9_0/libsrc/uartps_v3_1/src -s include  "SHELL=/bin/sh" "COMPILER=arm-none-eabi-gcc" "ARCHIVER=arm-none-eabi-ar" "COMPILER_FLAGS=  -O2 -c" "EXTRA_COMPILER_FLAGS=-mcpu=cortex-a9 -mfpu=vfpv3 -mfloat-abi=hard -nostartfiles"
Running Make include in ps7_cortexa9_0/libsrc/scugic_v3_2/src
make -C ps7_cortexa9_0/libsrc/scugic_v3_2/src -s include  "SHELL=/bin/sh" "COMPILER=arm-none-eabi-gcc" "ARCHIVER=arm-none-eabi-ar" "COMPILER_FLAGS=  -O2 -c" "EXTRA_COMPILER_FLAGS=-mcpu=cortex-a9 -mfpu=vfpv3 -mfloat-abi=hard -nostartfiles"
Running Make include in ps7_cortexa9_0/libsrc/xadcps_v2_2/src
make -C ps7_cortexa9_0/libsrc/xadcps_v2_2/src -s include  "SHELL=/bin/sh" "COMPILER=arm-none-eabi-gcc" "ARCHIVER=arm-none-eabi-ar" "COMPILER_FLAGS=  -O2 -c" "EXTRA_COMPILER_FLAGS=-mcpu=cortex-a9 -mfpu=vfpv3 -mfloat-abi=hard -nostartfiles"
Running Make include in ps7_cortexa9_0/libsrc/sdps_v2_7/src
make -C ps7_cortexa9_0/libsrc/sdps_v2_7/src -s include  "SHELL=/bin/sh" "COMPILER=arm-none-eabi-gcc" "ARCHIVER=arm-none-eabi-ar" "COMPILER_FLAGS=  -O2 -c" "EXTRA_COMPILER_FLAGS=-mcpu=cortex-a9 -mfpu=vfpv3 -mfloat-abi=hard -nostartfiles"
Running Make include in ps7_cortexa9_0/libsrc/devcfg_v3_4/src
make -C ps7_cortexa9_0/libsrc/devcfg_v3_4/src -s include  "SHELL=/bin/sh" "COMPILER=arm-none-eabi-gcc" "ARCHIVER=arm-none-eabi-ar" "COMPILER_FLAGS=  -O2 -c" "EXTRA_COMPILER_FLAGS=-mcpu=cortex-a9 -mfpu=vfpv3 -mfloat-abi=hard -nostartfiles"
Running Make include in ps7_cortexa9_0/libsrc/dmaps_v2_1/src
make -C ps7_cortexa9_0/libsrc/dmaps_v2_1/src -s include  "SHELL=/bin/sh" "COMPILER=arm-none-eabi-gcc" "ARCHIVER=arm-none-eabi-ar" "COMPILER_FLAGS=  -O2 -c" "EXTRA_COMPILER_FLAGS=-mcpu=cortex-a9 -mfpu=vfpv3 -mfloat-abi=hard -nostartfiles"
Running Make include in ps7_cortexa9_0/libsrc/gpiops_v3_1/src
make -C ps7_cortexa9_0/libsrc/gpiops_v3_1/src -s include  "SHELL=/bin/sh" "COMPILER=arm-none-eabi-gcc" "ARCHIVER=arm-none-eabi-ar" "COMPILER_FLAGS=  -O2 -c" "EXTRA_COMPILER_FLAGS=-mcpu=cortex-a9 -mfpu=vfpv3 -mfloat-abi=hard -nostartfiles"
Running Make include in ps7_cortexa9_0/libsrc/scuwdt_v2_1/src
make -C ps7_cortexa9_0/libsrc/scuwdt_v2_1/src -s include  "SHELL=/bin/sh" "COMPILER=arm-none-eabi-gcc" "ARCHIVER=arm-none-eabi-ar" "COMPILER_FLAGS=  -O2 -c" "EXTRA_COMPILER_FLAGS=-mcpu=cortex-a9 -mfpu=vfpv3 -mfloat-abi=hard -nostartfiles"
Running Make include in ps7_cortexa9_0/libsrc/standalone_v5_4/src
make -C ps7_cortexa9_0/libsrc/standalone_v5_4/src -s include  "SHELL=/bin/sh" "COMPILER=arm-none-eabi-gcc" "ARCHIVER=arm-none-eabi-ar" "COMPILER_FLAGS=  -O2 -c" "EXTRA_COMPILER_FLAGS=-mcpu=cortex-a9 -mfpu=vfpv3 -mfloat-abi=hard -nostartfiles"
Running Make include in ps7_cortexa9_0/libsrc/ttcps_v3_1/src
make -C ps7_cortexa9_0/libsrc/ttcps_v3_1/src -s include  "SHELL=/bin/sh" "COMPILER=arm-none-eabi-gcc" "ARCHIVER=arm-none-eabi-ar" "COMPILER_FLAGS=  -O2 -c" "EXTRA_COMPILER_FLAGS=-mcpu=cortex-a9 -mfpu=vfpv3 -mfloat-abi=hard -nostartfiles"
Running Make include in ps7_cortexa9_0/libsrc/coresightps_dcc_v1_2/src
make -C ps7_cortexa9_0/libsrc/coresightps_dcc_v1_2/src -s include  "SHELL=/bin/sh" "COMPILER=arm-none-eabi-gcc" "ARCHIVER=arm-none-eabi-ar" "COMPILER_FLAGS=  -O2 -c" "EXTRA_COMPILER_FLAGS=-mcpu=cortex-a9 -mfpu=vfpv3 -mfloat-abi=hard -nostartfiles"
Running Make include in ps7_cortexa9_0/libsrc/usbps_v2_3/src
make -C ps7_cortexa9_0/libsrc/usbps_v2_3/src -s include  "SHELL=/bin/sh" "COMPILER=arm-none-eabi-gcc" "ARCHIVER=arm-none-eabi-ar" "COMPILER_FLAGS=  -O2 -c" "EXTRA_COMPILER_FLAGS=-mcpu=cortex-a9 -mfpu=vfpv3 -mfloat-abi=hard -nostartfiles"
Running Make include in ps7_cortexa9_0/libsrc/scutimer_v2_1/src
make -C ps7_cortexa9_0/libsrc/scutimer_v2_1/src -s include  "SHELL=/bin/sh" "COMPILER=arm-none-eabi-gcc" "ARCHIVER=arm-none-eabi-ar" "COMPILER_FLAGS=  -O2 -c" "EXTRA_COMPILER_FLAGS=-mcpu=cortex-a9 -mfpu=vfpv3 -mfloat-abi=hard -nostartfiles"
Running Make libs in ps7_cortexa9_0/libsrc/qspips_v3_3/src
make -C ps7_cortexa9_0/libsrc/qspips_v3_3/src -s libs  "SHELL=/bin/sh" "COMPILER=arm-none-eabi-gcc" "ARCHIVER=arm-none-eabi-ar" "COMPILER_FLAGS=  -O2 -c" "EXTRA_COMPILER_FLAGS=-mcpu=cortex-a9 -mfpu=vfpv3 -mfloat-abi=hard -nostartfiles"
Compiling qspips
arm-none-eabi-ar: creating ../../../lib/libxil.a
Running Make libs in ps7_cortexa9_0/libsrc/ddrps_v1_0/src
make -C ps7_cortexa9_0/libsrc/ddrps_v1_0/src -s libs  "SHELL=/bin/sh" "COMPILER=arm-none-eabi-gcc" "ARCHIVER=arm-none-eabi-ar" "COMPILER_FLAGS=  -O2 -c" "EXTRA_COMPILER_FLAGS=-mcpu=cortex-a9 -mfpu=vfpv3 -mfloat-abi=hard -nostartfiles"
Compiling ddrps
Running Make libs in ps7_cortexa9_0/libsrc/axidma_v9_1/src
make -C ps7_cortexa9_0/libsrc/axidma_v9_1/src -s libs  "SHELL=/bin/sh" "COMPILER=arm-none-eabi-gcc" "ARCHIVER=arm-none-eabi-ar" "COMPILER_FLAGS=  -O2 -c" "EXTRA_COMPILER_FLAGS=-mcpu=cortex-a9 -mfpu=vfpv3 -mfloat-abi=hard -nostartfiles"
Compiling axidma
Running Make libs in ps7_cortexa9_0/libsrc/cpu_cortexa9_v2_2/src
make -C ps7_cortexa9_0/libsrc/cpu_cortexa9_v2_2/src -s libs  "SHELL=/bin/sh" "COMPILER=arm-none-eabi-gcc" "ARCHIVER=arm-none-eabi-ar" "COMPILER_FLAGS=  -O2 -c" "EXTRA_COMPILER_FLAGS=-mcpu=cortex-a9 -mfpu=vfpv3 -mfloat-abi=hard -nostartfiles"
Compiling cpu_cortexa9
Running Make libs in ps7_cortexa9_0/libsrc/emacps_v3_2/src
make -C ps7_cortexa9_0/libsrc/emacps_v3_2/src -s libs  "SHELL=/bin/sh" "COMPILER=arm-none-eabi-gcc" "ARCHIVER=arm-none-eabi-ar" "COMPILER_FLAGS=  -O2 -c" "EXTRA_COMPILER_FLAGS=-mcpu=cortex-a9 -mfpu=vfpv3 -mfloat-abi=hard -nostartfiles"
Compiling emacps
Running Make libs in ps7_cortexa9_0/libsrc/uartps_v3_1/src
make -C ps7_cortexa9_0/libsrc/uartps_v3_1/src -s libs  "SHELL=/bin/sh" "COMPILER=arm-none-eabi-gcc" "ARCHIVER=arm-none-eabi-ar" "COMPILER_FLAGS=  -O2 -c" "EXTRA_COMPILER_FLAGS=-mcpu=cortex-a9 -mfpu=vfpv3 -mfloat-abi=hard -nostartfiles"
Compiling uartps
Running Make libs in ps7_cortexa9_0/libsrc/scugic_v3_2/src
make -C ps7_cortexa9_0/libsrc/scugic_v3_2/src -s libs  "SHELL=/bin/sh" "COMPILER=arm-none-eabi-gcc" "ARCHIVER=arm-none-eabi-ar" "COMPILER_FLAGS=  -O2 -c" "EXTRA_COMPILER_FLAGS=-mcpu=cortex-a9 -mfpu=vfpv3 -mfloat-abi=hard -nostartfiles"
Compiling scugic
Running Make libs in ps7_cortexa9_0/libsrc/xadcps_v2_2/src
make -C ps7_cortexa9_0/libsrc/xadcps_v2_2/src -s libs  "SHELL=/bin/sh" "COMPILER=arm-none-eabi-gcc" "ARCHIVER=arm-none-eabi-ar" "COMPILER_FLAGS=  -O2 -c" "EXTRA_COMPILER_FLAGS=-mcpu=cortex-a9 -mfpu=vfpv3 -mfloat-abi=hard -nostartfiles"
Compiling xadcps
Running Make libs in ps7_cortexa9_0/libsrc/sdps_v2_7/src
make -C ps7_cortexa9_0/libsrc/sdps_v2_7/src -s libs  "SHELL=/bin/sh" "COMPILER=arm-none-eabi-gcc" "ARCHIVER=arm-none-eabi-ar" "COMPILER_FLAGS=  -O2 -c" "EXTRA_COMPILER_FLAGS=-mcpu=cortex-a9 -mfpu=vfpv3 -mfloat-abi=hard -nostartfiles"
Compiling sdps
Running Make libs in ps7_cortexa9_0/libsrc/devcfg_v3_4/src
make -C ps7_cortexa9_0/libsrc/devcfg_v3_4/src -s libs  "SHELL=/bin/sh" "COMPILER=arm-none-eabi-gcc" "ARCHIVER=arm-none-eabi-ar" "COMPILER_FLAGS=  -O2 -c" "EXTRA_COMPILER_FLAGS=-mcpu=cortex-a9 -mfpu=vfpv3 -mfloat-abi=hard -nostartfiles"
Compiling devcfg
Running Make libs in ps7_cortexa9_0/libsrc/dmaps_v2_1/src
make -C ps7_cortexa9_0/libsrc/dmaps_v2_1/src -s libs  "SHELL=/bin/sh" "COMPILER=arm-none-eabi-gcc" "ARCHIVER=arm-none-eabi-ar" "COMPILER_FLAGS=  -O2 -c" "EXTRA_COMPILER_FLAGS=-mcpu=cortex-a9 -mfpu=vfpv3 -mfloat-abi=hard -nostartfiles"
Compiling dmaps
Running Make libs in ps7_cortexa9_0/libsrc/gpiops_v3_1/src
make -C ps7_cortexa9_0/libsrc/gpiops_v3_1/src -s libs  "SHELL=/bin/sh" "COMPILER=arm-none-eabi-gcc" "ARCHIVER=arm-none-eabi-ar" "COMPILER_FLAGS=  -O2 -c" "EXTRA_COMPILER_FLAGS=-mcpu=cortex-a9 -mfpu=vfpv3 -mfloat-abi=hard -nostartfiles"
Compiling gpiops
Running Make libs in ps7_cortexa9_0/libsrc/scuwdt_v2_1/src
make -C ps7_cortexa9_0/libsrc/scuwdt_v2_1/src -s libs  "SHELL=/bin/sh" "COMPILER=arm-none-eabi-gcc" "ARCHIVER=arm-none-eabi-ar" "COMPILER_FLAGS=  -O2 -c" "EXTRA_COMPILER_FLAGS=-mcpu=cortex-a9 -mfpu=vfpv3 -mfloat-abi=hard -nostartfiles"
Compiling scuwdt
Running Make libs in ps7_cortexa9_0/libsrc/standalone_v5_4/src
make -C ps7_cortexa9_0/libsrc/standalone_v5_4/src -s libs  "SHELL=/bin/sh" "COMPILER=arm-none-eabi-gcc" "ARCHIVER=arm-none-eabi-ar" "COMPILER_FLAGS=  -O2 -c" "EXTRA_COMPILER_FLAGS=-mcpu=cortex-a9 -mfpu=vfpv3 -mfloat-abi=hard -nostartfiles"
Compiling standalone
Running Make libs in ps7_cortexa9_0/libsrc/ttcps_v3_1/src
make -C ps7_cortexa9_0/libsrc/ttcps_v3_1/src -s libs  "SHELL=/bin/sh" "COMPILER=arm-none-eabi-gcc" "ARCHIVER=arm-none-eabi-ar" "COMPILER_FLAGS=  -O2 -c" "EXTRA_COMPILER_FLAGS=-mcpu=cortex-a9 -mfpu=vfpv3 -mfloat-abi=hard -nostartfiles"
Compiling ttcps
Running Make libs in ps7_cortexa9_0/libsrc/coresightps_dcc_v1_2/src
make -C ps7_cortexa9_0/libsrc/coresightps_dcc_v1_2/src -s libs  "SHELL=/bin/sh" "COMPILER=arm-none-eabi-gcc" "ARCHIVER=arm-none-eabi-ar" "COMPILER_FLAGS=  -O2 -c" "EXTRA_COMPILER_FLAGS=-mcpu=cortex-a9 -mfpu=vfpv3 -mfloat-abi=hard -nostartfiles"
Compiling coresightps_dcc
Running Make libs in ps7_cortexa9_0/libsrc/usbps_v2_3/src
make -C ps7_cortexa9_0/libsrc/usbps_v2_3/src -s libs  "SHELL=/bin/sh" "COMPILER=arm-none-eabi-gcc" "ARCHIVER=arm-none-eabi-ar" "COMPILER_FLAGS=  -O2 -c" "EXTRA_COMPILER_FLAGS=-mcpu=cortex-a9 -mfpu=vfpv3 -mfloat-abi=hard -nostartfiles"
Compiling usbps
Running Make libs in ps7_cortexa9_0/libsrc/scutimer_v2_1/src
make -C ps7_cortexa9_0/libsrc/scutimer_v2_1/src -s libs  "SHELL=/bin/sh" "COMPILER=arm-none-eabi-gcc" "ARCHIVER=arm-none-eabi-ar" "COMPILER_FLAGS=  -O2 -c" "EXTRA_COMPILER_FLAGS=-mcpu=cortex-a9 -mfpu=vfpv3 -mfloat-abi=hard -nostartfiles"
Compiling scutimer
Finished building libraries
17:12:03 **** Build of configuration Debug for project DMA_transfer_1 ****
make pre-build main-build 
a9-linaro-pre-build-step
 
Building file: ../src/helloworld.c
Invoking: ARM v7 gcc compiler
arm-none-eabi-gcc -Wall -O0 -g3 -c -fmessage-length=0 -MT"src/helloworld.o" -mcpu=cortex-a9 -mfpu=vfpv3 -mfloat-abi=hard -I../../DMA_transfer_1_bsp/ps7_cortexa9_0/include -MMD -MP -MF"src/helloworld.d" -MT"src/helloworld.o" -o "src/helloworld.o" "../src/helloworld.c"
Finished building: ../src/helloworld.c
 
Building file: ../src/platform.c
Invoking: ARM v7 gcc compiler
arm-none-eabi-gcc -Wall -O0 -g3 -c -fmessage-length=0 -MT"src/platform.o" -mcpu=cortex-a9 -mfpu=vfpv3 -mfloat-abi=hard -I../../DMA_transfer_1_bsp/ps7_cortexa9_0/include -MMD -MP -MF"src/platform.d" -MT"src/platform.o" -o "src/platform.o" "../src/platform.c"
Finished building: ../src/platform.c
 
Building target: DMA_transfer_1.elf
Invoking: ARM v7 gcc linker
arm-none-eabi-gcc -mcpu=cortex-a9 -mfpu=vfpv3 -mfloat-abi=hard -Wl,-build-id=none -specs=Xilinx.spec -Wl,-T -Wl,../src/lscript.ld -L../../DMA_transfer_1_bsp/ps7_cortexa9_0/lib -o "DMA_transfer_1.elf"  ./src/helloworld.o ./src/platform.o   -Wl,--start-group,-lxil,-lgcc,-lc,--end-group
Finished building target: DMA_transfer_1.elf
 
Invoking: ARM v7 Print Size
arm-none-eabi-size DMA_transfer_1.elf  |tee "DMA_transfer_1.elf.size"
   text	   data	    bss	    dec	    hex	filename
  22964	   1152	  22580	  46696	   b668	DMA_transfer_1.elf
Finished building: DMA_transfer_1.elf.size
 
17:12:04 **** Auto Build of configuration Debug for project DMA_transfer_1 ****
make pre-build main-build 
a9-linaro-pre-build-step
 
make: Nothing to be done for 'main-build'.
17:13:07 **** Auto Build of configuration Debug for project DMA_transfer_1 ****
make pre-build main-build 
a9-linaro-pre-build-step
 
Building file: ../src/helloworld.c
Invoking: ARM v7 gcc compiler
arm-none-eabi-gcc -Wall -O0 -g3 -c -fmessage-length=0 -MT"src/helloworld.o" -mcpu=cortex-a9 -mfpu=vfpv3 -mfloat-abi=hard -I../../DMA_transfer_1_bsp/ps7_cortexa9_0/include -MMD -MP -MF"src/helloworld.d" -MT"src/helloworld.o" -o "src/helloworld.o" "../src/helloworld.c"
../src/helloworld.c:6:19: fatal error: mylib.h: No such file or directory
src/subdir.mk:24: recipe for target 'src/helloworld.o' failed
 #include "mylib.h"
                   ^
compilation terminated.
make: *** [src/helloworld.o] Error 1
17:13:15 **** Auto Build of configuration Debug for project DMA_transfer_1 ****
make pre-build main-build 
a9-linaro-pre-build-step
 
Building file: ../src/helloworld.c
Invoking: ARM v7 gcc compiler
arm-none-eabi-gcc -Wall -O0 -g3 -c -fmessage-length=0 -MT"src/helloworld.o" -mcpu=cortex-a9 -mfpu=vfpv3 -mfloat-abi=hard -I../../DMA_transfer_1_bsp/ps7_cortexa9_0/include -MMD -MP -MF"src/helloworld.d" -MT"src/helloworld.o" -o "src/helloworld.o" "../src/helloworld.c"
../src/helloworld.c: In function ‘main’:
../src/helloworld.c:132:2: warning: implicit declaration of function ‘enable_DMA_soft_reset’ [-Wimplicit-function-declaration]
  enable_DMA_soft_reset();
  ^
../src/helloworld.c:145:2: warning: implicit declaration of function ‘check_DMA_normal_mode’ [-Wimplicit-function-declaration]
  status = check_DMA_normal_mode();
  ^
../src/helloworld.c:146:2: warning: implicit declaration of function ‘check_DMA_irq_disabled’ [-Wimplicit-function-declaration]
  status = check_DMA_irq_disabled();
  ^
../src/helloworld.c:151:2: warning: implicit declaration of function ‘check_DMA_irq_event’ [-Wimplicit-function-declaration]
  status = check_DMA_irq_event();
  ^
../src/helloworld.c:166:2: warning: implicit declaration of function ‘check_DMA_idle’ [-Wimplicit-function-declaration]
  while (check_DMA_idle() != XST_SUCCESS);
  ^
../src/helloworld.c:144:6: warning: variable ‘status’ set but not used [-Wunused-but-set-variable]
  u32 status;
      ^
../src/helloworld.c: In function ‘init_dma’:
../src/helloworld.c:212:2: warning: implicit declaration of function ‘set’ [-Wimplicit-function-declaration]
  set(XPAR_AXI_DMA_0_BASEADDR, c_MM2S, 0); //start _MM2S channel
  ^
../src/helloworld.c:219:2: warning: implicit declaration of function ‘prrd’ [-Wimplicit-function-declaration]
  prrd(XPAR_AXI_DMA_0_BASEADDR, c_MM2S, 0); //read status if running
  ^
../src/helloworld.c: In function ‘execute_dma_transfer’:
../src/helloworld.c:231:2: warning: implicit declaration of function ‘write’ [-Wimplicit-function-declaration]
  write(XPAR_AXI_DMA_0_BASEADDR, da_S2MM, (u32) RxBufferPtr); //specify destination address
  ^
../src/helloworld.c:238:2: warning: implicit declaration of function ‘prread’ [-Wimplicit-function-declaration]
  prread(XPAR_AXI_DMA_0_BASEADDR, sa_MM2S); //read source address
  ^
../src/helloworld.c: At top level:
../src/helloworld.c:247:13: warning: ‘test’ defined but not used [-Wunused-function]
 void static test() {
             ^
Finished building: ../src/helloworld.c
 
Building target: DMA_transfer_1.elf
Invoking: ARM v7 gcc linker
arm-none-eabi-gcc -mcpu=cortex-a9 -mfpu=vfpv3 -mfloat-abi=hard -Wl,-build-id=none -specs=Xilinx.spec -Wl,-T -Wl,../src/lscript.ld -L../../DMA_transfer_1_bsp/ps7_cortexa9_0/lib -o "DMA_transfer_1.elf"  ./src/helloworld.o ./src/platform.o   -Wl,--start-group,-lxil,-lgcc,-lc,--end-group
./src/helloworld.o: In function `main':
/home/tsotne/ownCloud/git/ETSE_GDSP/tmp/projects/ETSE_GDSP_DMA/ETSE_GDSP_DMA.sdk/DMA_transfer_1/Debug/../src/helloworld.c:132: undefined reference to `enable_DMA_soft_reset'
makefile:39: recipe for target 'DMA_transfer_1.elf' failed
/home/tsotne/ownCloud/git/ETSE_GDSP/tmp/projects/ETSE_GDSP_DMA/ETSE_GDSP_DMA.sdk/DMA_transfer_1/Debug/../src/helloworld.c:145: undefined reference to `check_DMA_normal_mode'
/home/tsotne/ownCloud/git/ETSE_GDSP/tmp/projects/ETSE_GDSP_DMA/ETSE_GDSP_DMA.sdk/DMA_transfer_1/Debug/../src/helloworld.c:146: undefined reference to `check_DMA_irq_disabled'
/home/tsotne/ownCloud/git/ETSE_GDSP/tmp/projects/ETSE_GDSP_DMA/ETSE_GDSP_DMA.sdk/DMA_transfer_1/Debug/../src/helloworld.c:151: undefined reference to `check_DMA_irq_event'
/home/tsotne/ownCloud/git/ETSE_GDSP/tmp/projects/ETSE_GDSP_DMA/ETSE_GDSP_DMA.sdk/DMA_transfer_1/Debug/../src/helloworld.c:166: undefined reference to `check_DMA_idle'
/home/tsotne/ownCloud/git/ETSE_GDSP/tmp/projects/ETSE_GDSP_DMA/ETSE_GDSP_DMA.sdk/DMA_transfer_1/Debug/../src/helloworld.c:178: undefined reference to `check_DMA_idle'
./src/helloworld.o: In function `init_dma':
/home/tsotne/ownCloud/git/ETSE_GDSP/tmp/projects/ETSE_GDSP_DMA/ETSE_GDSP_DMA.sdk/DMA_transfer_1/Debug/../src/helloworld.c:212: undefined reference to `set'
/home/tsotne/ownCloud/git/ETSE_GDSP/tmp/projects/ETSE_GDSP_DMA/ETSE_GDSP_DMA.sdk/DMA_transfer_1/Debug/../src/helloworld.c:213: undefined reference to `set'
/home/tsotne/ownCloud/git/ETSE_GDSP/tmp/projects/ETSE_GDSP_DMA/ETSE_GDSP_DMA.sdk/DMA_transfer_1/Debug/../src/helloworld.c:219: undefined reference to `prrd'
/home/tsotne/ownCloud/git/ETSE_GDSP/tmp/projects/ETSE_GDSP_DMA/ETSE_GDSP_DMA.sdk/DMA_transfer_1/Debug/../src/helloworld.c:220: undefined reference to `prrd'
/home/tsotne/ownCloud/git/ETSE_GDSP/tmp/projects/ETSE_GDSP_DMA/ETSE_GDSP_DMA.sdk/DMA_transfer_1/Debug/../src/helloworld.c:224: undefined reference to `prrd'
/home/tsotne/ownCloud/git/ETSE_GDSP/tmp/projects/ETSE_GDSP_DMA/ETSE_GDSP_DMA.sdk/DMA_transfer_1/Debug/../src/helloworld.c:225: undefined reference to `prrd'
./src/helloworld.o: In function `execute_dma_transfer':
/home/tsotne/ownCloud/git/ETSE_GDSP/tmp/projects/ETSE_GDSP_DMA/ETSE_GDSP_DMA.sdk/DMA_transfer_1/Debug/../src/helloworld.c:238: undefined reference to `prread'
/home/tsotne/ownCloud/git/ETSE_GDSP/tmp/projects/ETSE_GDSP_DMA/ETSE_GDSP_DMA.sdk/DMA_transfer_1/Debug/../src/helloworld.c:239: undefined reference to `prread'
/home/tsotne/ownCloud/git/ETSE_GDSP/tmp/projects/ETSE_GDSP_DMA/ETSE_GDSP_DMA.sdk/DMA_transfer_1/Debug/../src/helloworld.c:242: undefined reference to `prread'
/home/tsotne/ownCloud/git/ETSE_GDSP/tmp/projects/ETSE_GDSP_DMA/ETSE_GDSP_DMA.sdk/DMA_transfer_1/Debug/../src/helloworld.c:243: undefined reference to `prread'
collect2: error: ld returned 1 exit status
make: *** [DMA_transfer_1.elf] Error 1
17:13:34 **** Auto Build of configuration Debug for project DMA_transfer_1 ****
make pre-build main-build 
a9-linaro-pre-build-step
 
Building file: ../src/helloworld.c
Invoking: ARM v7 gcc compiler
arm-none-eabi-gcc -Wall -O0 -g3 -c -fmessage-length=0 -MT"src/helloworld.o" -mcpu=cortex-a9 -mfpu=vfpv3 -mfloat-abi=hard -I../../DMA_transfer_1_bsp/ps7_cortexa9_0/include -MMD -MP -MF"src/helloworld.d" -MT"src/helloworld.o" -o "src/helloworld.o" "../src/helloworld.c"
../src/helloworld.c: In function ‘main’:
../src/helloworld.c:144:6: warning: variable ‘status’ set but not used [-Wunused-but-set-variable]
  u32 status;
      ^
In file included from ../src/helloworld.c:6:0:
../src/helloworld.c: At top level:
../src/mylib.h:23:13: warning: ‘clr’ defined but not used [-Wunused-function]
 static void clr(u32 BA, u32 reg_offset, u8 bit_ind) {
             ^
../src/mylib.h:43:12: warning: ‘read’ defined but not used [-Wunused-function]
 static u32 read(u32 BA, u32 reg_offset) {
            ^
../src/mylib.h:113:12: warning: ‘enable_DMA_irq’ defined but not used [-Wunused-function]
 static int enable_DMA_irq() {
            ^
../src/helloworld.c:247:13: warning: ‘test’ defined but not used [-Wunused-function]
 void static test() {
             ^
Finished building: ../src/helloworld.c
 
Building target: DMA_transfer_1.elf
Invoking: ARM v7 gcc linker
arm-none-eabi-gcc -mcpu=cortex-a9 -mfpu=vfpv3 -mfloat-abi=hard -Wl,-build-id=none -specs=Xilinx.spec -Wl,-T -Wl,../src/lscript.ld -L../../DMA_transfer_1_bsp/ps7_cortexa9_0/lib -o "DMA_transfer_1.elf"  ./src/helloworld.o ./src/platform.o   -Wl,--start-group,-lxil,-lgcc,-lc,--end-group
Finished building target: DMA_transfer_1.elf
 
Invoking: ARM v7 Print Size
arm-none-eabi-size DMA_transfer_1.elf  |tee "DMA_transfer_1.elf.size"
   text	   data	    bss	    dec	    hex	filename
  28688	   1160	  22612	  52460	   ccec	DMA_transfer_1.elf
Finished building: DMA_transfer_1.elf.size
 
17:27:29 **** Auto Build of configuration Debug for project DMA_transfer_1 ****
make pre-build main-build 
a9-linaro-pre-build-step
 
Building file: ../src/helloworld.c
Invoking: ARM v7 gcc compiler
arm-none-eabi-gcc -Wall -O0 -g3 -c -fmessage-length=0 -MT"src/helloworld.o" -mcpu=cortex-a9 -mfpu=vfpv3 -mfloat-abi=hard -I../../DMA_transfer_1_bsp/ps7_cortexa9_0/include -MMD -MP -MF"src/helloworld.d" -MT"src/helloworld.o" -o "src/helloworld.o" "../src/helloworld.c"
../src/helloworld.c: In function ‘main’:
../src/helloworld.c:144:6: warning: variable ‘status’ set but not used [-Wunused-but-set-variable]
  u32 status;
      ^
In file included from ../src/helloworld.c:6:0:
../src/helloworld.c: At top level:
../src/mylib.h:23:13: warning: ‘clr’ defined but not used [-Wunused-function]
 static void clr(u32 BA, u32 reg_offset, u8 bit_ind) {
             ^
../src/mylib.h:43:12: warning: ‘read’ defined but not used [-Wunused-function]
 static u32 read(u32 BA, u32 reg_offset) {
            ^
../src/helloworld.c:247:13: warning: ‘test’ defined but not used [-Wunused-function]
 void static test() {
             ^
Finished building: ../src/helloworld.c
 
Building target: DMA_transfer_1.elf
Invoking: ARM v7 gcc linker
arm-none-eabi-gcc -mcpu=cortex-a9 -mfpu=vfpv3 -mfloat-abi=hard -Wl,-build-id=none -specs=Xilinx.spec -Wl,-T -Wl,../src/lscript.ld -L../../DMA_transfer_1_bsp/ps7_cortexa9_0/lib -o "DMA_transfer_1.elf"  ./src/helloworld.o ./src/platform.o   -Wl,--start-group,-lxil,-lgcc,-lc,--end-group
Finished building target: DMA_transfer_1.elf
 
Invoking: ARM v7 Print Size
arm-none-eabi-size DMA_transfer_1.elf  |tee "DMA_transfer_1.elf.size"
   text	   data	    bss	    dec	    hex	filename
  28688	   1160	  22612	  52460	   ccec	DMA_transfer_1.elf
Finished building: DMA_transfer_1.elf.size
 
17:27:34 **** Auto Build of configuration Debug for project DMA_transfer_1 ****
make pre-build main-build 
a9-linaro-pre-build-step
 
Building file: ../src/helloworld.c
Invoking: ARM v7 gcc compiler
arm-none-eabi-gcc -Wall -O0 -g3 -c -fmessage-length=0 -MT"src/helloworld.o" -mcpu=cortex-a9 -mfpu=vfpv3 -mfloat-abi=hard -I../../DMA_transfer_1_bsp/ps7_cortexa9_0/include -MMD -MP -MF"src/helloworld.d" -MT"src/helloworld.o" -o "src/helloworld.o" "../src/helloworld.c"
../src/helloworld.c: In function ‘main’:
../src/helloworld.c:144:6: warning: variable ‘status’ set but not used [-Wunused-but-set-variable]
  u32 status;
      ^
In file included from ../src/helloworld.c:6:0:
../src/helloworld.c: At top level:
../src/mylib.h:23:13: warning: ‘clr’ defined but not used [-Wunused-function]
 static void clr(u32 BA, u32 reg_offset, u8 bit_ind) {
             ^
../src/mylib.h:43:12: warning: ‘read’ defined but not used [-Wunused-function]
 static u32 read(u32 BA, u32 reg_offset) {
            ^
../src/helloworld.c:247:13: warning: ‘test’ defined but not used [-Wunused-function]
 void static test() {
             ^
Finished building: ../src/helloworld.c
 
Building target: DMA_transfer_1.elf
Invoking: ARM v7 gcc linker
arm-none-eabi-gcc -mcpu=cortex-a9 -mfpu=vfpv3 -mfloat-abi=hard -Wl,-build-id=none -specs=Xilinx.spec -Wl,-T -Wl,../src/lscript.ld -L../../DMA_transfer_1_bsp/ps7_cortexa9_0/lib -o "DMA_transfer_1.elf"  ./src/helloworld.o ./src/platform.o   -Wl,--start-group,-lxil,-lgcc,-lc,--end-group
Finished building target: DMA_transfer_1.elf
 
Invoking: ARM v7 Print Size
arm-none-eabi-size DMA_transfer_1.elf  |tee "DMA_transfer_1.elf.size"
   text	   data	    bss	    dec	    hex	filename
  28688	   1160	  22612	  52460	   ccec	DMA_transfer_1.elf
Finished building: DMA_transfer_1.elf.size
 
17:27:50 **** Auto Build of configuration Debug for project DMA_transfer_1 ****
make pre-build main-build 
a9-linaro-pre-build-step
 
Building file: ../src/helloworld.c
Invoking: ARM v7 gcc compiler
arm-none-eabi-gcc -Wall -O0 -g3 -c -fmessage-length=0 -MT"src/helloworld.o" -mcpu=cortex-a9 -mfpu=vfpv3 -mfloat-abi=hard -I../../DMA_transfer_1_bsp/ps7_cortexa9_0/include -MMD -MP -MF"src/helloworld.d" -MT"src/helloworld.o" -o "src/helloworld.o" "../src/helloworld.c"
../src/helloworld.c: In function ‘main’:
../src/helloworld.c:152:2: warning: implicit declaration of function ‘disable_DMA_irq’ [-Wimplicit-function-declaration]
  status = disable_DMA_irq();
  ^
../src/helloworld.c:144:6: warning: variable ‘status’ set but not used [-Wunused-but-set-variable]
  u32 status;
      ^
In file included from ../src/helloworld.c:6:0:
../src/helloworld.c: At top level:
../src/mylib.h:23:13: warning: ‘clr’ defined but not used [-Wunused-function]
 static void clr(u32 BA, u32 reg_offset, u8 bit_ind) {
             ^
../src/mylib.h:43:12: warning: ‘read’ defined but not used [-Wunused-function]
 static u32 read(u32 BA, u32 reg_offset) {
            ^
../src/helloworld.c:248:13: warning: ‘test’ defined but not used [-Wunused-function]
 void static test() {
             ^
Finished building: ../src/helloworld.c
 
Building target: DMA_transfer_1.elf
Invoking: ARM v7 gcc linker
arm-none-eabi-gcc -mcpu=cortex-a9 -mfpu=vfpv3 -mfloat-abi=hard -Wl,-build-id=none -specs=Xilinx.spec -Wl,-T -Wl,../src/lscript.ld -L../../DMA_transfer_1_bsp/ps7_cortexa9_0/lib -o "DMA_transfer_1.elf"  ./src/helloworld.o ./src/platform.o   -Wl,--start-group,-lxil,-lgcc,-lc,--end-group
./src/helloworld.o: In function `main':
/home/tsotne/ownCloud/git/ETSE_GDSP/tmp/projects/ETSE_GDSP_DMA/ETSE_GDSP_DMA.sdk/DMA_transfer_1/Debug/../src/helloworld.c:152: undefined reference to `disable_DMA_irq'
makefile:39: recipe for target 'DMA_transfer_1.elf' failed
collect2: error: ld returned 1 exit status
make: *** [DMA_transfer_1.elf] Error 1
17:27:53 **** Auto Build of configuration Debug for project DMA_transfer_1 ****
make pre-build main-build 
a9-linaro-pre-build-step
 
Building file: ../src/helloworld.c
Invoking: ARM v7 gcc compiler
arm-none-eabi-gcc -Wall -O0 -g3 -c -fmessage-length=0 -MT"src/helloworld.o" -mcpu=cortex-a9 -mfpu=vfpv3 -mfloat-abi=hard -I../../DMA_transfer_1_bsp/ps7_cortexa9_0/include -MMD -MP -MF"src/helloworld.d" -MT"src/helloworld.o" -o "src/helloworld.o" "../src/helloworld.c"
../src/helloworld.c: In function ‘main’:
../src/helloworld.c:144:6: warning: variable ‘status’ set but not used [-Wunused-but-set-variable]
  u32 status;
      ^
In file included from ../src/helloworld.c:6:0:
../src/helloworld.c: At top level:
../src/mylib.h:23:13: warning: ‘clr’ defined but not used [-Wunused-function]
 static void clr(u32 BA, u32 reg_offset, u8 bit_ind) {
             ^
../src/mylib.h:43:12: warning: ‘read’ defined but not used [-Wunused-function]
 static u32 read(u32 BA, u32 reg_offset) {
            ^
../src/helloworld.c:247:13: warning: ‘test’ defined but not used [-Wunused-function]
 void static test() {
             ^
Finished building: ../src/helloworld.c
 
Building target: DMA_transfer_1.elf
Invoking: ARM v7 gcc linker
arm-none-eabi-gcc -mcpu=cortex-a9 -mfpu=vfpv3 -mfloat-abi=hard -Wl,-build-id=none -specs=Xilinx.spec -Wl,-T -Wl,../src/lscript.ld -L../../DMA_transfer_1_bsp/ps7_cortexa9_0/lib -o "DMA_transfer_1.elf"  ./src/helloworld.o ./src/platform.o   -Wl,--start-group,-lxil,-lgcc,-lc,--end-group
Finished building target: DMA_transfer_1.elf
 
Invoking: ARM v7 Print Size
arm-none-eabi-size DMA_transfer_1.elf  |tee "DMA_transfer_1.elf.size"
   text	   data	    bss	    dec	    hex	filename
  28688	   1160	  22612	  52460	   ccec	DMA_transfer_1.elf
Finished building: DMA_transfer_1.elf.size
 
17:36:08 **** Auto Build of configuration Debug for project DMA_transfer_1 ****
make pre-build main-build 
a9-linaro-pre-build-step
 
Building file: ../src/helloworld.c
Invoking: ARM v7 gcc compiler
arm-none-eabi-gcc -Wall -O0 -g3 -c -fmessage-length=0 -MT"src/helloworld.o" -mcpu=cortex-a9 -mfpu=vfpv3 -mfloat-abi=hard -I../../DMA_transfer_1_bsp/ps7_cortexa9_0/include -MMD -MP -MF"src/helloworld.d" -MT"src/helloworld.o" -o "src/helloworld.o" "../src/helloworld.c"
In file included from ../src/helloworld.c:6:0:
../src/mylib.h:14:25: fatal error: MMULT_AXI_2.h: No such file or directory
 #include "MMULT_AXI_2.h"
                         ^
compilation terminated.
make: *** [src/helloworld.o] Error 1
src/subdir.mk:24: recipe for target 'src/helloworld.o' failed
17:36:20 **** Auto Build of configuration Debug for project DMA_transfer_1 ****
make pre-build main-build 
a9-linaro-pre-build-step
 
Building file: ../src/helloworld.c
Invoking: ARM v7 gcc compiler
arm-none-eabi-gcc -Wall -O0 -g3 -c -fmessage-length=0 -MT"src/helloworld.o" -mcpu=cortex-a9 -mfpu=vfpv3 -mfloat-abi=hard -I../../DMA_transfer_1_bsp/ps7_cortexa9_0/include -MMD -MP -MF"src/helloworld.d" -MT"src/helloworld.o" -o "src/helloworld.o" "../src/helloworld.c"
In file included from ../src/helloworld.c:6:0:
../src/mylib.h:14:25: fatal error: MMULT_AXI_2.h: No such file or directory
 #include "MMULT_AXI_2.h"
                         ^
compilation terminated.
make: *** [src/helloworld.o] Error 1
src/subdir.mk:24: recipe for target 'src/helloworld.o' failed
17:36:57 **** Auto Build of configuration Debug for project DMA_transfer_1 ****
make pre-build main-build 
a9-linaro-pre-build-step
 
Building file: ../src/helloworld.c
Invoking: ARM v7 gcc compiler
arm-none-eabi-gcc -Wall -O0 -g3 -c -fmessage-length=0 -MT"src/helloworld.o" -mcpu=cortex-a9 -mfpu=vfpv3 -mfloat-abi=hard -I../../DMA_transfer_1_bsp/ps7_cortexa9_0/include -MMD -MP -MF"src/helloworld.d" -MT"src/helloworld.o" -o "src/helloworld.o" "../src/helloworld.c"
In file included from ../src/helloworld.c:6:0:
../src/mylib.h:14:23: fatal error: ETSE_GDSP.h: No such file or directory
 #include "ETSE_GDSP.h"
                       ^
compilation terminated.
src/subdir.mk:24: recipe for target 'src/helloworld.o' failed
make: *** [src/helloworld.o] Error 1
17:37:07 **** Auto Build of configuration Debug for project DMA_transfer_1 ****
make pre-build main-build 
a9-linaro-pre-build-step
 
Building file: ../src/helloworld.c
Invoking: ARM v7 gcc compiler
arm-none-eabi-gcc -Wall -O0 -g3 -c -fmessage-length=0 -MT"src/helloworld.o" -mcpu=cortex-a9 -mfpu=vfpv3 -mfloat-abi=hard -I../../DMA_transfer_1_bsp/ps7_cortexa9_0/include -MMD -MP -MF"src/helloworld.d" -MT"src/helloworld.o" -o "src/helloworld.o" "../src/helloworld.c"
In file included from ../src/helloworld.c:6:0:
../src/mylib.h:14:27: fatal error: ETSE_GDSP_DMA.h: No such file or directory
 #include "ETSE_GDSP_DMA.h"
                           ^
compilation terminated.
src/subdir.mk:24: recipe for target 'src/helloworld.o' failed
make: *** [src/helloworld.o] Error 1
17:37:36 **** Auto Build of configuration Debug for project DMA_transfer_1 ****
make pre-build main-build 
a9-linaro-pre-build-step
 
Building file: ../src/helloworld.c
Invoking: ARM v7 gcc compiler
arm-none-eabi-gcc -Wall -O0 -g3 -c -fmessage-length=0 -MT"src/helloworld.o" -mcpu=cortex-a9 -mfpu=vfpv3 -mfloat-abi=hard -I../../DMA_transfer_1_bsp/ps7_cortexa9_0/include -MMD -MP -MF"src/helloworld.d" -MT"src/helloworld.o" -o "src/helloworld.o" "../src/helloworld.c"
In file included from ../src/helloworld.c:6:0:
../src/mylib.h:14:25: fatal error: ETSE_GDSP_0.h: No such file or directory
 #include "ETSE_GDSP_0.h"
                         ^
compilation terminated.
make: *** [src/helloworld.o] Error 1
src/subdir.mk:24: recipe for target 'src/helloworld.o' failed
17:37:43 **** Auto Build of configuration Debug for project DMA_transfer_1 ****
make pre-build main-build 
a9-linaro-pre-build-step
 
Building file: ../src/helloworld.c
Invoking: ARM v7 gcc compiler
arm-none-eabi-gcc -Wall -O0 -g3 -c -fmessage-length=0 -MT"src/helloworld.o" -mcpu=cortex-a9 -mfpu=vfpv3 -mfloat-abi=hard -I../../DMA_transfer_1_bsp/ps7_cortexa9_0/include -MMD -MP -MF"src/helloworld.d" -MT"src/helloworld.o" -o "src/helloworld.o" "../src/helloworld.c"
In file included from ../src/helloworld.c:6:0:
../src/mylib.h:14:23: fatal error: ETSE_GDSP.h: No such file or directory
 #include "ETSE_GDSP.h"
                       ^
compilation terminated.
make: *** [src/helloworld.o] Error 1
src/subdir.mk:24: recipe for target 'src/helloworld.o' failed
17:38:09 **** Auto Build of configuration Debug for project DMA_transfer_1 ****
make pre-build main-build 
a9-linaro-pre-build-step
 
Building file: ../src/helloworld.c
Invoking: ARM v7 gcc compiler
arm-none-eabi-gcc -Wall -O0 -g3 -c -fmessage-length=0 -MT"src/helloworld.o" -mcpu=cortex-a9 -mfpu=vfpv3 -mfloat-abi=hard -I../../DMA_transfer_1_bsp/ps7_cortexa9_0/include -MMD -MP -MF"src/helloworld.d" -MT"src/helloworld.o" -o "src/helloworld.o" "../src/helloworld.c"
In file included from ../src/helloworld.c:6:0:
../src/mylib.h: In function ‘AXI_2_write’:
../src/mylib.h:132:2: warning: implicit declaration of function ‘MMULT_AXI_2_mWriteReg’ [-Wimplicit-function-declaration]
  MMULT_AXI_2_mWriteReg(XPAR_MMULT_AXI_2_0_S00_AXI_BASEADDR, MMULT_AXI_2_S00_AXI_SLV_REG0_OFFSET, unified);
  ^
../src/mylib.h:132:24: error: ‘XPAR_MMULT_AXI_2_0_S00_AXI_BASEADDR’ undeclared (first use in this function)
  MMULT_AXI_2_mWriteReg(XPAR_MMULT_AXI_2_0_S00_AXI_BASEADDR, MMULT_AXI_2_S00_AXI_SLV_REG0_OFFSET, unified);
                        ^
../src/mylib.h:132:24: note: each undeclared identifier is reported only once for each function it appears in
../src/mylib.h:132:61: error: ‘MMULT_AXI_2_S00_AXI_SLV_REG0_OFFSET’ undeclared (first use in this function)
  MMULT_AXI_2_mWriteReg(XPAR_MMULT_AXI_2_0_S00_AXI_BASEADDR, MMULT_AXI_2_S00_AXI_SLV_REG0_OFFSET, unified);
                                                             ^
../src/mylib.h: In function ‘AXI_2_read_print’:
../src/mylib.h:137:2: warning: implicit declaration of function ‘MMULT_AXI_2_mReadReg’ [-Wimplicit-function-declaration]
  xil_printf("from slv_reg%d, value = %d\n\r",addr,MMULT_AXI_2_mReadReg(XPAR_MMULT_AXI_2_0_S00_AXI_BASEADDR, addr*4));
  ^
../src/mylib.h:137:72: error: ‘XPAR_MMULT_AXI_2_0_S00_AXI_BASEADDR’ undeclared (first use in this function)
  xil_printf("from slv_reg%d, value = %d\n\r",addr,MMULT_AXI_2_mReadReg(XPAR_MMULT_AXI_2_0_S00_AXI_BASEADDR, addr*4));
                                                                        ^
../src/helloworld.c: In function ‘main’:
../src/helloworld.c:92:6: warning: variable ‘status’ set but not used [-Wunused-but-set-variable]
  u32 status;
      ^
In file included from ../src/helloworld.c:6:0:
../src/helloworld.c: At top level:
../src/mylib.h:23:13: warning: ‘clr’ defined but not used [-Wunused-function]
 static void clr(u32 BA, u32 reg_offset, u8 bit_ind) {
             ^
../src/mylib.h:43:12: warning: ‘read’ defined but not used [-Wunused-function]
 static u32 read(u32 BA, u32 reg_offset) {
            ^
../src/mylib.h:77:12: warning: ‘check_DMA_irq_disabled’ defined but not used [-Wunused-function]
 static int check_DMA_irq_disabled() {
            ^
../src/mylib.h:89:12: warning: ‘check_DMA_idle’ defined but not used [-Wunused-function]
 static int check_DMA_idle() {
            ^
../src/mylib.h:101:12: warning: ‘check_DMA_irq_event’ defined but not used [-Wunused-function]
 static int check_DMA_irq_event() {
            ^
../src/mylib.h:113:12: warning: ‘enable_DMA_irq’ defined but not used [-Wunused-function]
 static int enable_DMA_irq() {
            ^
../src/helloworld.c:305:13: warning: ‘test’ defined but not used [-Wunused-function]
 void static test() {
             ^
../src/helloworld.c:249:13: warning: ‘print_arr’ defined but not used [-Wunused-function]
 void static print_arr(void){
             ^
make: *** [src/helloworld.o] Error 1
src/subdir.mk:24: recipe for target 'src/helloworld.o' failed
17:38:42 **** Auto Build of configuration Debug for project DMA_transfer_1 ****
make pre-build main-build 
a9-linaro-pre-build-step
 
Building file: ../src/helloworld.c
Invoking: ARM v7 gcc compiler
arm-none-eabi-gcc -Wall -O0 -g3 -c -fmessage-length=0 -MT"src/helloworld.o" -mcpu=cortex-a9 -mfpu=vfpv3 -mfloat-abi=hard -I../../DMA_transfer_1_bsp/ps7_cortexa9_0/include -MMD -MP -MF"src/helloworld.d" -MT"src/helloworld.o" -o "src/helloworld.o" "../src/helloworld.c"
In file included from ../src/helloworld.c:6:0:
../src/mylib.h: In function ‘AXI_2_write’:
../src/mylib.h:132:8: error: ‘XPAR_MMULT_AXI_2_0_S00_AXI_BASEADDR’ undeclared (first use in this function)
  write(XPAR_MMULT_AXI_2_0_S00_AXI_BASEADDR, MMULT_AXI_2_S00_AXI_SLV_REG0_OFFSET, unified);
        ^
../src/mylib.h:132:8: note: each undeclared identifier is reported only once for each function it appears in
../src/mylib.h:132:45: error: ‘MMULT_AXI_2_S00_AXI_SLV_REG0_OFFSET’ undeclared (first use in this function)
  write(XPAR_MMULT_AXI_2_0_S00_AXI_BASEADDR, MMULT_AXI_2_S00_AXI_SLV_REG0_OFFSET, unified);
                                             ^
../src/mylib.h: In function ‘AXI_2_read_print’:
../src/mylib.h:137:2: warning: implicit declaration of function ‘MMULT_AXI_2_mReadReg’ [-Wimplicit-function-declaration]
  xil_printf("from slv_reg%d, value = %d\n\r",addr,MMULT_AXI_2_mReadReg(XPAR_MMULT_AXI_2_0_S00_AXI_BASEADDR, addr*4));
  ^
../src/mylib.h:137:72: error: ‘XPAR_MMULT_AXI_2_0_S00_AXI_BASEADDR’ undeclared (first use in this function)
  xil_printf("from slv_reg%d, value = %d\n\r",addr,MMULT_AXI_2_mReadReg(XPAR_MMULT_AXI_2_0_S00_AXI_BASEADDR, addr*4));
                                                                        ^
../src/helloworld.c: In function ‘main’:
../src/helloworld.c:92:6: warning: variable ‘status’ set but not used [-Wunused-but-set-variable]
  u32 status;
      ^
In file included from ../src/helloworld.c:6:0:
../src/helloworld.c: At top level:
../src/mylib.h:23:13: warning: ‘clr’ defined but not used [-Wunused-function]
 static void clr(u32 BA, u32 reg_offset, u8 bit_ind) {
             ^
../src/mylib.h:43:12: warning: ‘read’ defined but not used [-Wunused-function]
 static u32 read(u32 BA, u32 reg_offset) {
            ^
../src/mylib.h:77:12: warning: ‘check_DMA_irq_disabled’ defined but not used [-Wunused-function]
 static int check_DMA_irq_disabled() {
            ^
../src/mylib.h:89:12: warning: ‘check_DMA_idle’ defined but not used [-Wunused-function]
 static int check_DMA_idle() {
            ^
../src/mylib.h:101:12: warning: ‘check_DMA_irq_event’ defined but not used [-Wunused-function]
src/subdir.mk:24: recipe for target 'src/helloworld.o' failed
 static int check_DMA_irq_event() {
            ^
../src/mylib.h:113:12: warning: ‘enable_DMA_irq’ defined but not used [-Wunused-function]
 static int enable_DMA_irq() {
            ^
../src/helloworld.c:305:13: warning: ‘test’ defined but not used [-Wunused-function]
 void static test() {
             ^
../src/helloworld.c:249:13: warning: ‘print_arr’ defined but not used [-Wunused-function]
 void static print_arr(void){
             ^
make: *** [src/helloworld.o] Error 1
17:38:51 **** Auto Build of configuration Debug for project DMA_transfer_1 ****
make pre-build main-build 
a9-linaro-pre-build-step
 
Building file: ../src/helloworld.c
Invoking: ARM v7 gcc compiler
arm-none-eabi-gcc -Wall -O0 -g3 -c -fmessage-length=0 -MT"src/helloworld.o" -mcpu=cortex-a9 -mfpu=vfpv3 -mfloat-abi=hard -I../../DMA_transfer_1_bsp/ps7_cortexa9_0/include -MMD -MP -MF"src/helloworld.d" -MT"src/helloworld.o" -o "src/helloworld.o" "../src/helloworld.c"
In file included from ../src/helloworld.c:6:0:
../src/mylib.h: In function ‘AXI_2_write’:
../src/mylib.h:132:35: error: ‘MMULT_AXI_2_S00_AXI_SLV_REG0_OFFSET’ undeclared (first use in this function)
  write(XPAR_ETSE_GDSP_0_BASEADDR, MMULT_AXI_2_S00_AXI_SLV_REG0_OFFSET, unified);
                                   ^
../src/mylib.h:132:35: note: each undeclared identifier is reported only once for each function it appears in
../src/mylib.h: In function ‘AXI_2_read_print’:
../src/mylib.h:137:2: warning: implicit declaration of function ‘MMULT_AXI_2_mReadReg’ [-Wimplicit-function-declaration]
  xil_printf("from slv_reg%d, value = %d\n\r",addr,MMULT_AXI_2_mReadReg(XPAR_MMULT_AXI_2_0_S00_AXI_BASEADDR, addr*4));
  ^
../src/mylib.h:137:72: error: ‘XPAR_MMULT_AXI_2_0_S00_AXI_BASEADDR’ undeclared (first use in this function)
  xil_printf("from slv_reg%d, value = %d\n\r",addr,MMULT_AXI_2_mReadReg(XPAR_MMULT_AXI_2_0_S00_AXI_BASEADDR, addr*4));
                                                                        ^
../src/helloworld.c: In function ‘main’:
../src/helloworld.c:92:6: warning: variable ‘status’ set but not used [-Wunused-but-set-variable]
  u32 status;
      ^
In file included from ../src/helloworld.c:6:0:
../src/helloworld.c: At top level:
../src/mylib.h:23:13: warning: ‘clr’ defined but not used [-Wunused-function]
 static void clr(u32 BA, u32 reg_offset, u8 bit_ind) {
             ^
../src/mylib.h:43:12: warning: ‘read’ defined but not used [-Wunused-function]
 static u32 read(u32 BA, u32 reg_offset) {
            ^
../src/mylib.h:77:12: warning: ‘check_DMA_irq_disabled’ defined but not used [-Wunused-function]
 static int check_DMA_irq_disabled() {
            ^
../src/mylib.h:89:12: warning: ‘check_DMA_idle’ defined but not used [-Wunused-function]
 static int check_DMA_idle() {
            ^
../src/mylib.h:101:12: warning: ‘check_DMA_irq_event’ defined but not used [-Wunused-function]
 static int check_DMA_irq_event() {
            ^
../src/mylib.h:113:12: warning: ‘enable_DMA_irq’ defined but not used [-Wunused-function]
src/subdir.mk:24: recipe for target 'src/helloworld.o' failed
 static int enable_DMA_irq() {
            ^
../src/helloworld.c:305:13: warning: ‘test’ defined but not used [-Wunused-function]
 void static test() {
             ^
../src/helloworld.c:249:13: warning: ‘print_arr’ defined but not used [-Wunused-function]
 void static print_arr(void){
             ^
make: *** [src/helloworld.o] Error 1
17:39:04 **** Auto Build of configuration Debug for project DMA_transfer_1 ****
make pre-build main-build 
a9-linaro-pre-build-step
 
Building file: ../src/helloworld.c
Invoking: ARM v7 gcc compiler
arm-none-eabi-gcc -Wall -O0 -g3 -c -fmessage-length=0 -MT"src/helloworld.o" -mcpu=cortex-a9 -mfpu=vfpv3 -mfloat-abi=hard -I../../DMA_transfer_1_bsp/ps7_cortexa9_0/include -MMD -MP -MF"src/helloworld.d" -MT"src/helloworld.o" -o "src/helloworld.o" "../src/helloworld.c"
In file included from ../src/helloworld.c:6:0:
../src/mylib.h: In function ‘AXI_2_read_print’:
../src/mylib.h:137:2: warning: implicit declaration of function ‘MMULT_AXI_2_mReadReg’ [-Wimplicit-function-declaration]
  xil_printf("from slv_reg%d, value = %d\n\r",addr,MMULT_AXI_2_mReadReg(XPAR_MMULT_AXI_2_0_S00_AXI_BASEADDR, addr*4));
  ^
../src/mylib.h:137:72: error: ‘XPAR_MMULT_AXI_2_0_S00_AXI_BASEADDR’ undeclared (first use in this function)
  xil_printf("from slv_reg%d, value = %d\n\r",addr,MMULT_AXI_2_mReadReg(XPAR_MMULT_AXI_2_0_S00_AXI_BASEADDR, addr*4));
                                                                        ^
../src/mylib.h:137:72: note: each undeclared identifier is reported only once for each function it appears in
../src/helloworld.c: In function ‘main’:
../src/helloworld.c:92:6: warning: variable ‘status’ set but not used [-Wunused-but-set-variable]
  u32 status;
      ^
In file included from ../src/helloworld.c:6:0:
../src/helloworld.c: At top level:
../src/mylib.h:23:13: warning: ‘clr’ defined but not used [-Wunused-function]
 static void clr(u32 BA, u32 reg_offset, u8 bit_ind) {
             ^
../src/mylib.h:43:12: warning: ‘read’ defined but not used [-Wunused-function]
 static u32 read(u32 BA, u32 reg_offset) {
            ^
../src/mylib.h:77:12: warning: ‘check_DMA_irq_disabled’ defined but not used [-Wunused-function]
 static int check_DMA_irq_disabled() {
            ^
../src/mylib.h:89:12: warning: ‘check_DMA_idle’ defined but not used [-Wunused-function]
 static int check_DMA_idle() {
            ^
../src/mylib.h:101:12: warning: ‘check_DMA_irq_event’ defined but not used [-Wunused-function]
src/subdir.mk:24: recipe for target 'src/helloworld.o' failed
 static int check_DMA_irq_event() {
            ^
../src/mylib.h:113:12: warning: ‘enable_DMA_irq’ defined but not used [-Wunused-function]
 static int enable_DMA_irq() {
            ^
../src/helloworld.c:305:13: warning: ‘test’ defined but not used [-Wunused-function]
 void static test() {
             ^
../src/helloworld.c:249:13: warning: ‘print_arr’ defined but not used [-Wunused-function]
 void static print_arr(void){
             ^
make: *** [src/helloworld.o] Error 1
17:39:15 **** Auto Build of configuration Debug for project DMA_transfer_1 ****
make pre-build main-build 
a9-linaro-pre-build-step
 
Building file: ../src/helloworld.c
Invoking: ARM v7 gcc compiler
arm-none-eabi-gcc -Wall -O0 -g3 -c -fmessage-length=0 -MT"src/helloworld.o" -mcpu=cortex-a9 -mfpu=vfpv3 -mfloat-abi=hard -I../../DMA_transfer_1_bsp/ps7_cortexa9_0/include -MMD -MP -MF"src/helloworld.d" -MT"src/helloworld.o" -o "src/helloworld.o" "../src/helloworld.c"
In file included from ../src/helloworld.c:6:0:
../src/mylib.h: In function ‘AXI_2_read_print’:
../src/mylib.h:137:56: error: ‘XPAR_MMULT_AXI_2_0_S00_AXI_BASEADDR’ undeclared (first use in this function)
  xil_printf("from slv_reg%d, value = %d\n\r",addr,read(XPAR_MMULT_AXI_2_0_S00_AXI_BASEADDR, addr*4));
                                                        ^
../src/mylib.h:137:56: note: each undeclared identifier is reported only once for each function it appears in
../src/helloworld.c: In function ‘main’:
../src/helloworld.c:92:6: warning: variable ‘status’ set but not used [-Wunused-but-set-variable]
  u32 status;
      ^
In file included from ../src/helloworld.c:6:0:
../src/helloworld.c: At top level:
../src/mylib.h:23:13: warning: ‘clr’ defined but not used [-Wunused-function]
 static void clr(u32 BA, u32 reg_offset, u8 bit_ind) {
             ^
../src/mylib.h:77:12: warning: ‘check_DMA_irq_disabled’ defined but not used [-Wunused-function]
 static int check_DMA_irq_disabled() {
            ^
../src/mylib.h:89:12: warning: ‘check_DMA_idle’ defined but not used [-Wunused-function]
 static int check_DMA_idle() {
            ^
../src/mylib.h:101:12: warning: ‘check_DMA_irq_event’ defined but not used [-Wunused-function]
 static int check_DMA_irq_event() {
            ^
../src/mylib.h:113:12: warning: ‘enable_DMA_irq’ defined but not used [-Wunused-function]
 static int enable_DMA_irq() {
            ^
../src/helloworld.c:305:13: warning: ‘test’ defined but not used [-Wunused-function]
 void static test() {
             ^
../src/helloworld.c:249:13: warning: ‘print_arr’ defined but not used [-Wunused-function]
 void static print_arr(void){
             ^
src/subdir.mk:24: recipe for target 'src/helloworld.o' failed
make: *** [src/helloworld.o] Error 1
17:39:19 **** Auto Build of configuration Debug for project DMA_transfer_1 ****
make pre-build main-build 
a9-linaro-pre-build-step
 
Building file: ../src/helloworld.c
Invoking: ARM v7 gcc compiler
arm-none-eabi-gcc -Wall -O0 -g3 -c -fmessage-length=0 -MT"src/helloworld.o" -mcpu=cortex-a9 -mfpu=vfpv3 -mfloat-abi=hard -I../../DMA_transfer_1_bsp/ps7_cortexa9_0/include -MMD -MP -MF"src/helloworld.d" -MT"src/helloworld.o" -o "src/helloworld.o" "../src/helloworld.c"
../src/helloworld.c: In function ‘main’:
../src/helloworld.c:92:6: warning: variable ‘status’ set but not used [-Wunused-but-set-variable]
  u32 status;
      ^
In file included from ../src/helloworld.c:6:0:
../src/helloworld.c: At top level:
../src/mylib.h:23:13: warning: ‘clr’ defined but not used [-Wunused-function]
 static void clr(u32 BA, u32 reg_offset, u8 bit_ind) {
             ^
../src/mylib.h:77:12: warning: ‘check_DMA_irq_disabled’ defined but not used [-Wunused-function]
 static int check_DMA_irq_disabled() {
            ^
../src/mylib.h:89:12: warning: ‘check_DMA_idle’ defined but not used [-Wunused-function]
 static int check_DMA_idle() {
            ^
../src/mylib.h:101:12: warning: ‘check_DMA_irq_event’ defined but not used [-Wunused-function]
 static int check_DMA_irq_event() {
            ^
../src/mylib.h:113:12: warning: ‘enable_DMA_irq’ defined but not used [-Wunused-function]
 static int enable_DMA_irq() {
            ^
../src/helloworld.c:305:13: warning: ‘test’ defined but not used [-Wunused-function]
 void static test() {
             ^
../src/helloworld.c:249:13: warning: ‘print_arr’ defined but not used [-Wunused-function]
 void static print_arr(void){
             ^
Finished building: ../src/helloworld.c
 
Building target: DMA_transfer_1.elf
Invoking: ARM v7 gcc linker
arm-none-eabi-gcc -mcpu=cortex-a9 -mfpu=vfpv3 -mfloat-abi=hard -Wl,-build-id=none -specs=Xilinx.spec -Wl,-T -Wl,../src/lscript.ld -L../../DMA_transfer_1_bsp/ps7_cortexa9_0/lib -o "DMA_transfer_1.elf"  ./src/helloworld.o ./src/platform.o   -Wl,--start-group,-lxil,-lgcc,-lc,--end-group
Finished building target: DMA_transfer_1.elf
 
Invoking: ARM v7 Print Size
arm-none-eabi-size DMA_transfer_1.elf  |tee "DMA_transfer_1.elf.size"
   text	   data	    bss	    dec	    hex	filename
  30036	   1160	  22612	  53808	   d230	DMA_transfer_1.elf
Finished building: DMA_transfer_1.elf.size
 
20:52:29 **** Build of project ETSE_APP_bsp ****
make -k all 
Running Make include in ps7_cortexa9_0/libsrc/qspips_v3_3/src
make -C ps7_cortexa9_0/libsrc/qspips_v3_3/src -s include  "SHELL=/bin/sh" "COMPILER=arm-none-eabi-gcc" "ARCHIVER=arm-none-eabi-ar" "COMPILER_FLAGS=  -O2 -c" "EXTRA_COMPILER_FLAGS=-mcpu=cortex-a9 -mfpu=vfpv3 -mfloat-abi=hard -nostartfiles"
Running Make include in ps7_cortexa9_0/libsrc/ddrps_v1_0/src
make -C ps7_cortexa9_0/libsrc/ddrps_v1_0/src -s include  "SHELL=/bin/sh" "COMPILER=arm-none-eabi-gcc" "ARCHIVER=arm-none-eabi-ar" "COMPILER_FLAGS=  -O2 -c" "EXTRA_COMPILER_FLAGS=-mcpu=cortex-a9 -mfpu=vfpv3 -mfloat-abi=hard -nostartfiles"
Running Make include in ps7_cortexa9_0/libsrc/axidma_v9_1/src
make -C ps7_cortexa9_0/libsrc/axidma_v9_1/src -s include  "SHELL=/bin/sh" "COMPILER=arm-none-eabi-gcc" "ARCHIVER=arm-none-eabi-ar" "COMPILER_FLAGS=  -O2 -c" "EXTRA_COMPILER_FLAGS=-mcpu=cortex-a9 -mfpu=vfpv3 -mfloat-abi=hard -nostartfiles"
Running Make include in ps7_cortexa9_0/libsrc/cpu_cortexa9_v2_2/src
make -C ps7_cortexa9_0/libsrc/cpu_cortexa9_v2_2/src -s include  "SHELL=/bin/sh" "COMPILER=arm-none-eabi-gcc" "ARCHIVER=arm-none-eabi-ar" "COMPILER_FLAGS=  -O2 -c" "EXTRA_COMPILER_FLAGS=-mcpu=cortex-a9 -mfpu=vfpv3 -mfloat-abi=hard -nostartfiles"
Running Make include in ps7_cortexa9_0/libsrc/emacps_v3_2/src
make -C ps7_cortexa9_0/libsrc/emacps_v3_2/src -s include  "SHELL=/bin/sh" "COMPILER=arm-none-eabi-gcc" "ARCHIVER=arm-none-eabi-ar" "COMPILER_FLAGS=  -O2 -c" "EXTRA_COMPILER_FLAGS=-mcpu=cortex-a9 -mfpu=vfpv3 -mfloat-abi=hard -nostartfiles"
Running Make include in ps7_cortexa9_0/libsrc/uartps_v3_1/src
make -C ps7_cortexa9_0/libsrc/uartps_v3_1/src -s include  "SHELL=/bin/sh" "COMPILER=arm-none-eabi-gcc" "ARCHIVER=arm-none-eabi-ar" "COMPILER_FLAGS=  -O2 -c" "EXTRA_COMPILER_FLAGS=-mcpu=cortex-a9 -mfpu=vfpv3 -mfloat-abi=hard -nostartfiles"
Running Make include in ps7_cortexa9_0/libsrc/scugic_v3_2/src
make -C ps7_cortexa9_0/libsrc/scugic_v3_2/src -s include  "SHELL=/bin/sh" "COMPILER=arm-none-eabi-gcc" "ARCHIVER=arm-none-eabi-ar" "COMPILER_FLAGS=  -O2 -c" "EXTRA_COMPILER_FLAGS=-mcpu=cortex-a9 -mfpu=vfpv3 -mfloat-abi=hard -nostartfiles"
Running Make include in ps7_cortexa9_0/libsrc/xadcps_v2_2/src
make -C ps7_cortexa9_0/libsrc/xadcps_v2_2/src -s include  "SHELL=/bin/sh" "COMPILER=arm-none-eabi-gcc" "ARCHIVER=arm-none-eabi-ar" "COMPILER_FLAGS=  -O2 -c" "EXTRA_COMPILER_FLAGS=-mcpu=cortex-a9 -mfpu=vfpv3 -mfloat-abi=hard -nostartfiles"
Running Make include in ps7_cortexa9_0/libsrc/sdps_v2_7/src
make -C ps7_cortexa9_0/libsrc/sdps_v2_7/src -s include  "SHELL=/bin/sh" "COMPILER=arm-none-eabi-gcc" "ARCHIVER=arm-none-eabi-ar" "COMPILER_FLAGS=  -O2 -c" "EXTRA_COMPILER_FLAGS=-mcpu=cortex-a9 -mfpu=vfpv3 -mfloat-abi=hard -nostartfiles"
Running Make include in ps7_cortexa9_0/libsrc/devcfg_v3_4/src
make -C ps7_cortexa9_0/libsrc/devcfg_v3_4/src -s include  "SHELL=/bin/sh" "COMPILER=arm-none-eabi-gcc" "ARCHIVER=arm-none-eabi-ar" "COMPILER_FLAGS=  -O2 -c" "EXTRA_COMPILER_FLAGS=-mcpu=cortex-a9 -mfpu=vfpv3 -mfloat-abi=hard -nostartfiles"
Running Make include in ps7_cortexa9_0/libsrc/dmaps_v2_1/src
make -C ps7_cortexa9_0/libsrc/dmaps_v2_1/src -s include  "SHELL=/bin/sh" "COMPILER=arm-none-eabi-gcc" "ARCHIVER=arm-none-eabi-ar" "COMPILER_FLAGS=  -O2 -c" "EXTRA_COMPILER_FLAGS=-mcpu=cortex-a9 -mfpu=vfpv3 -mfloat-abi=hard -nostartfiles"
Running Make include in ps7_cortexa9_0/libsrc/gpiops_v3_1/src
make -C ps7_cortexa9_0/libsrc/gpiops_v3_1/src -s include  "SHELL=/bin/sh" "COMPILER=arm-none-eabi-gcc" "ARCHIVER=arm-none-eabi-ar" "COMPILER_FLAGS=  -O2 -c" "EXTRA_COMPILER_FLAGS=-mcpu=cortex-a9 -mfpu=vfpv3 -mfloat-abi=hard -nostartfiles"
Running Make include in ps7_cortexa9_0/libsrc/scuwdt_v2_1/src
make -C ps7_cortexa9_0/libsrc/scuwdt_v2_1/src -s include  "SHELL=/bin/sh" "COMPILER=arm-none-eabi-gcc" "ARCHIVER=arm-none-eabi-ar" "COMPILER_FLAGS=  -O2 -c" "EXTRA_COMPILER_FLAGS=-mcpu=cortex-a9 -mfpu=vfpv3 -mfloat-abi=hard -nostartfiles"
Running Make include in ps7_cortexa9_0/libsrc/standalone_v5_4/src
make -C ps7_cortexa9_0/libsrc/standalone_v5_4/src -s include  "SHELL=/bin/sh" "COMPILER=arm-none-eabi-gcc" "ARCHIVER=arm-none-eabi-ar" "COMPILER_FLAGS=  -O2 -c" "EXTRA_COMPILER_FLAGS=-mcpu=cortex-a9 -mfpu=vfpv3 -mfloat-abi=hard -nostartfiles"
Running Make include in ps7_cortexa9_0/libsrc/ttcps_v3_1/src
make -C ps7_cortexa9_0/libsrc/ttcps_v3_1/src -s include  "SHELL=/bin/sh" "COMPILER=arm-none-eabi-gcc" "ARCHIVER=arm-none-eabi-ar" "COMPILER_FLAGS=  -O2 -c" "EXTRA_COMPILER_FLAGS=-mcpu=cortex-a9 -mfpu=vfpv3 -mfloat-abi=hard -nostartfiles"
Running Make include in ps7_cortexa9_0/libsrc/coresightps_dcc_v1_2/src
make -C ps7_cortexa9_0/libsrc/coresightps_dcc_v1_2/src -s include  "SHELL=/bin/sh" "COMPILER=arm-none-eabi-gcc" "ARCHIVER=arm-none-eabi-ar" "COMPILER_FLAGS=  -O2 -c" "EXTRA_COMPILER_FLAGS=-mcpu=cortex-a9 -mfpu=vfpv3 -mfloat-abi=hard -nostartfiles"
Running Make include in ps7_cortexa9_0/libsrc/usbps_v2_3/src
make -C ps7_cortexa9_0/libsrc/usbps_v2_3/src -s include  "SHELL=/bin/sh" "COMPILER=arm-none-eabi-gcc" "ARCHIVER=arm-none-eabi-ar" "COMPILER_FLAGS=  -O2 -c" "EXTRA_COMPILER_FLAGS=-mcpu=cortex-a9 -mfpu=vfpv3 -mfloat-abi=hard -nostartfiles"
Running Make include in ps7_cortexa9_0/libsrc/scutimer_v2_1/src
make -C ps7_cortexa9_0/libsrc/scutimer_v2_1/src -s include  "SHELL=/bin/sh" "COMPILER=arm-none-eabi-gcc" "ARCHIVER=arm-none-eabi-ar" "COMPILER_FLAGS=  -O2 -c" "EXTRA_COMPILER_FLAGS=-mcpu=cortex-a9 -mfpu=vfpv3 -mfloat-abi=hard -nostartfiles"
Running Make libs in ps7_cortexa9_0/libsrc/qspips_v3_3/src
make -C ps7_cortexa9_0/libsrc/qspips_v3_3/src -s libs  "SHELL=/bin/sh" "COMPILER=arm-none-eabi-gcc" "ARCHIVER=arm-none-eabi-ar" "COMPILER_FLAGS=  -O2 -c" "EXTRA_COMPILER_FLAGS=-mcpu=cortex-a9 -mfpu=vfpv3 -mfloat-abi=hard -nostartfiles"
Compiling qspips
arm-none-eabi-ar: creating ../../../lib/libxil.a
Running Make libs in ps7_cortexa9_0/libsrc/ddrps_v1_0/src
make -C ps7_cortexa9_0/libsrc/ddrps_v1_0/src -s libs  "SHELL=/bin/sh" "COMPILER=arm-none-eabi-gcc" "ARCHIVER=arm-none-eabi-ar" "COMPILER_FLAGS=  -O2 -c" "EXTRA_COMPILER_FLAGS=-mcpu=cortex-a9 -mfpu=vfpv3 -mfloat-abi=hard -nostartfiles"
Compiling ddrps
Running Make libs in ps7_cortexa9_0/libsrc/axidma_v9_1/src
make -C ps7_cortexa9_0/libsrc/axidma_v9_1/src -s libs  "SHELL=/bin/sh" "COMPILER=arm-none-eabi-gcc" "ARCHIVER=arm-none-eabi-ar" "COMPILER_FLAGS=  -O2 -c" "EXTRA_COMPILER_FLAGS=-mcpu=cortex-a9 -mfpu=vfpv3 -mfloat-abi=hard -nostartfiles"
Compiling axidma
Running Make libs in ps7_cortexa9_0/libsrc/cpu_cortexa9_v2_2/src
make -C ps7_cortexa9_0/libsrc/cpu_cortexa9_v2_2/src -s libs  "SHELL=/bin/sh" "COMPILER=arm-none-eabi-gcc" "ARCHIVER=arm-none-eabi-ar" "COMPILER_FLAGS=  -O2 -c" "EXTRA_COMPILER_FLAGS=-mcpu=cortex-a9 -mfpu=vfpv3 -mfloat-abi=hard -nostartfiles"
Compiling cpu_cortexa9
Running Make libs in ps7_cortexa9_0/libsrc/emacps_v3_2/src
make -C ps7_cortexa9_0/libsrc/emacps_v3_2/src -s libs  "SHELL=/bin/sh" "COMPILER=arm-none-eabi-gcc" "ARCHIVER=arm-none-eabi-ar" "COMPILER_FLAGS=  -O2 -c" "EXTRA_COMPILER_FLAGS=-mcpu=cortex-a9 -mfpu=vfpv3 -mfloat-abi=hard -nostartfiles"
Compiling emacps
Running Make libs in ps7_cortexa9_0/libsrc/uartps_v3_1/src
make -C ps7_cortexa9_0/libsrc/uartps_v3_1/src -s libs  "SHELL=/bin/sh" "COMPILER=arm-none-eabi-gcc" "ARCHIVER=arm-none-eabi-ar" "COMPILER_FLAGS=  -O2 -c" "EXTRA_COMPILER_FLAGS=-mcpu=cortex-a9 -mfpu=vfpv3 -mfloat-abi=hard -nostartfiles"
Compiling uartps
Running Make libs in ps7_cortexa9_0/libsrc/scugic_v3_2/src
make -C ps7_cortexa9_0/libsrc/scugic_v3_2/src -s libs  "SHELL=/bin/sh" "COMPILER=arm-none-eabi-gcc" "ARCHIVER=arm-none-eabi-ar" "COMPILER_FLAGS=  -O2 -c" "EXTRA_COMPILER_FLAGS=-mcpu=cortex-a9 -mfpu=vfpv3 -mfloat-abi=hard -nostartfiles"
Compiling scugic
Running Make libs in ps7_cortexa9_0/libsrc/xadcps_v2_2/src
make -C ps7_cortexa9_0/libsrc/xadcps_v2_2/src -s libs  "SHELL=/bin/sh" "COMPILER=arm-none-eabi-gcc" "ARCHIVER=arm-none-eabi-ar" "COMPILER_FLAGS=  -O2 -c" "EXTRA_COMPILER_FLAGS=-mcpu=cortex-a9 -mfpu=vfpv3 -mfloat-abi=hard -nostartfiles"
Compiling xadcps
Running Make libs in ps7_cortexa9_0/libsrc/sdps_v2_7/src
make -C ps7_cortexa9_0/libsrc/sdps_v2_7/src -s libs  "SHELL=/bin/sh" "COMPILER=arm-none-eabi-gcc" "ARCHIVER=arm-none-eabi-ar" "COMPILER_FLAGS=  -O2 -c" "EXTRA_COMPILER_FLAGS=-mcpu=cortex-a9 -mfpu=vfpv3 -mfloat-abi=hard -nostartfiles"
Compiling sdps
Running Make libs in ps7_cortexa9_0/libsrc/devcfg_v3_4/src
make -C ps7_cortexa9_0/libsrc/devcfg_v3_4/src -s libs  "SHELL=/bin/sh" "COMPILER=arm-none-eabi-gcc" "ARCHIVER=arm-none-eabi-ar" "COMPILER_FLAGS=  -O2 -c" "EXTRA_COMPILER_FLAGS=-mcpu=cortex-a9 -mfpu=vfpv3 -mfloat-abi=hard -nostartfiles"
Compiling devcfg
Running Make libs in ps7_cortexa9_0/libsrc/dmaps_v2_1/src
make -C ps7_cortexa9_0/libsrc/dmaps_v2_1/src -s libs  "SHELL=/bin/sh" "COMPILER=arm-none-eabi-gcc" "ARCHIVER=arm-none-eabi-ar" "COMPILER_FLAGS=  -O2 -c" "EXTRA_COMPILER_FLAGS=-mcpu=cortex-a9 -mfpu=vfpv3 -mfloat-abi=hard -nostartfiles"
Compiling dmaps
Running Make libs in ps7_cortexa9_0/libsrc/gpiops_v3_1/src
make -C ps7_cortexa9_0/libsrc/gpiops_v3_1/src -s libs  "SHELL=/bin/sh" "COMPILER=arm-none-eabi-gcc" "ARCHIVER=arm-none-eabi-ar" "COMPILER_FLAGS=  -O2 -c" "EXTRA_COMPILER_FLAGS=-mcpu=cortex-a9 -mfpu=vfpv3 -mfloat-abi=hard -nostartfiles"
Compiling gpiops
Running Make libs in ps7_cortexa9_0/libsrc/scuwdt_v2_1/src
make -C ps7_cortexa9_0/libsrc/scuwdt_v2_1/src -s libs  "SHELL=/bin/sh" "COMPILER=arm-none-eabi-gcc" "ARCHIVER=arm-none-eabi-ar" "COMPILER_FLAGS=  -O2 -c" "EXTRA_COMPILER_FLAGS=-mcpu=cortex-a9 -mfpu=vfpv3 -mfloat-abi=hard -nostartfiles"
Compiling scuwdt
Running Make libs in ps7_cortexa9_0/libsrc/standalone_v5_4/src
make -C ps7_cortexa9_0/libsrc/standalone_v5_4/src -s libs  "SHELL=/bin/sh" "COMPILER=arm-none-eabi-gcc" "ARCHIVER=arm-none-eabi-ar" "COMPILER_FLAGS=  -O2 -c" "EXTRA_COMPILER_FLAGS=-mcpu=cortex-a9 -mfpu=vfpv3 -mfloat-abi=hard -nostartfiles"
Compiling standalone
Running Make libs in ps7_cortexa9_0/libsrc/ttcps_v3_1/src
make -C ps7_cortexa9_0/libsrc/ttcps_v3_1/src -s libs  "SHELL=/bin/sh" "COMPILER=arm-none-eabi-gcc" "ARCHIVER=arm-none-eabi-ar" "COMPILER_FLAGS=  -O2 -c" "EXTRA_COMPILER_FLAGS=-mcpu=cortex-a9 -mfpu=vfpv3 -mfloat-abi=hard -nostartfiles"
Compiling ttcps
Running Make libs in ps7_cortexa9_0/libsrc/coresightps_dcc_v1_2/src
make -C ps7_cortexa9_0/libsrc/coresightps_dcc_v1_2/src -s libs  "SHELL=/bin/sh" "COMPILER=arm-none-eabi-gcc" "ARCHIVER=arm-none-eabi-ar" "COMPILER_FLAGS=  -O2 -c" "EXTRA_COMPILER_FLAGS=-mcpu=cortex-a9 -mfpu=vfpv3 -mfloat-abi=hard -nostartfiles"
Compiling coresightps_dcc
Running Make libs in ps7_cortexa9_0/libsrc/usbps_v2_3/src
make -C ps7_cortexa9_0/libsrc/usbps_v2_3/src -s libs  "SHELL=/bin/sh" "COMPILER=arm-none-eabi-gcc" "ARCHIVER=arm-none-eabi-ar" "COMPILER_FLAGS=  -O2 -c" "EXTRA_COMPILER_FLAGS=-mcpu=cortex-a9 -mfpu=vfpv3 -mfloat-abi=hard -nostartfiles"
Compiling usbps
Running Make libs in ps7_cortexa9_0/libsrc/scutimer_v2_1/src
make -C ps7_cortexa9_0/libsrc/scutimer_v2_1/src -s libs  "SHELL=/bin/sh" "COMPILER=arm-none-eabi-gcc" "ARCHIVER=arm-none-eabi-ar" "COMPILER_FLAGS=  -O2 -c" "EXTRA_COMPILER_FLAGS=-mcpu=cortex-a9 -mfpu=vfpv3 -mfloat-abi=hard -nostartfiles"
Compiling scutimer
Finished building libraries
20:52:36 **** Auto Build of project ETSE_APP_bsp ****
make -k all 
Running Make include in ps7_cortexa9_0/libsrc/qspips_v3_3/src
make -C ps7_cortexa9_0/libsrc/qspips_v3_3/src -s include  "SHELL=/bin/sh" "COMPILER=arm-none-eabi-gcc" "ARCHIVER=arm-none-eabi-ar" "COMPILER_FLAGS=  -O2 -c" "EXTRA_COMPILER_FLAGS=-mcpu=cortex-a9 -mfpu=vfpv3 -mfloat-abi=hard -nostartfiles"
Running Make include in ps7_cortexa9_0/libsrc/ddrps_v1_0/src
make -C ps7_cortexa9_0/libsrc/ddrps_v1_0/src -s include  "SHELL=/bin/sh" "COMPILER=arm-none-eabi-gcc" "ARCHIVER=arm-none-eabi-ar" "COMPILER_FLAGS=  -O2 -c" "EXTRA_COMPILER_FLAGS=-mcpu=cortex-a9 -mfpu=vfpv3 -mfloat-abi=hard -nostartfiles"
Running Make include in ps7_cortexa9_0/libsrc/axidma_v9_1/src
make -C ps7_cortexa9_0/libsrc/axidma_v9_1/src -s include  "SHELL=/bin/sh" "COMPILER=arm-none-eabi-gcc" "ARCHIVER=arm-none-eabi-ar" "COMPILER_FLAGS=  -O2 -c" "EXTRA_COMPILER_FLAGS=-mcpu=cortex-a9 -mfpu=vfpv3 -mfloat-abi=hard -nostartfiles"
Running Make include in ps7_cortexa9_0/libsrc/cpu_cortexa9_v2_2/src
make -C ps7_cortexa9_0/libsrc/cpu_cortexa9_v2_2/src -s include  "SHELL=/bin/sh" "COMPILER=arm-none-eabi-gcc" "ARCHIVER=arm-none-eabi-ar" "COMPILER_FLAGS=  -O2 -c" "EXTRA_COMPILER_FLAGS=-mcpu=cortex-a9 -mfpu=vfpv3 -mfloat-abi=hard -nostartfiles"
Running Make include in ps7_cortexa9_0/libsrc/emacps_v3_2/src
make -C ps7_cortexa9_0/libsrc/emacps_v3_2/src -s include  "SHELL=/bin/sh" "COMPILER=arm-none-eabi-gcc" "ARCHIVER=arm-none-eabi-ar" "COMPILER_FLAGS=  -O2 -c" "EXTRA_COMPILER_FLAGS=-mcpu=cortex-a9 -mfpu=vfpv3 -mfloat-abi=hard -nostartfiles"
Running Make include in ps7_cortexa9_0/libsrc/uartps_v3_1/src
make -C ps7_cortexa9_0/libsrc/uartps_v3_1/src -s include  "SHELL=/bin/sh" "COMPILER=arm-none-eabi-gcc" "ARCHIVER=arm-none-eabi-ar" "COMPILER_FLAGS=  -O2 -c" "EXTRA_COMPILER_FLAGS=-mcpu=cortex-a9 -mfpu=vfpv3 -mfloat-abi=hard -nostartfiles"
Running Make include in ps7_cortexa9_0/libsrc/scugic_v3_2/src
make -C ps7_cortexa9_0/libsrc/scugic_v3_2/src -s include  "SHELL=/bin/sh" "COMPILER=arm-none-eabi-gcc" "ARCHIVER=arm-none-eabi-ar" "COMPILER_FLAGS=  -O2 -c" "EXTRA_COMPILER_FLAGS=-mcpu=cortex-a9 -mfpu=vfpv3 -mfloat-abi=hard -nostartfiles"
Running Make include in ps7_cortexa9_0/libsrc/xadcps_v2_2/src
make -C ps7_cortexa9_0/libsrc/xadcps_v2_2/src -s include  "SHELL=/bin/sh" "COMPILER=arm-none-eabi-gcc" "ARCHIVER=arm-none-eabi-ar" "COMPILER_FLAGS=  -O2 -c" "EXTRA_COMPILER_FLAGS=-mcpu=cortex-a9 -mfpu=vfpv3 -mfloat-abi=hard -nostartfiles"
Running Make include in ps7_cortexa9_0/libsrc/sdps_v2_7/src
make -C ps7_cortexa9_0/libsrc/sdps_v2_7/src -s include  "SHELL=/bin/sh" "COMPILER=arm-none-eabi-gcc" "ARCHIVER=arm-none-eabi-ar" "COMPILER_FLAGS=  -O2 -c" "EXTRA_COMPILER_FLAGS=-mcpu=cortex-a9 -mfpu=vfpv3 -mfloat-abi=hard -nostartfiles"
Running Make include in ps7_cortexa9_0/libsrc/devcfg_v3_4/src
make -C ps7_cortexa9_0/libsrc/devcfg_v3_4/src -s include  "SHELL=/bin/sh" "COMPILER=arm-none-eabi-gcc" "ARCHIVER=arm-none-eabi-ar" "COMPILER_FLAGS=  -O2 -c" "EXTRA_COMPILER_FLAGS=-mcpu=cortex-a9 -mfpu=vfpv3 -mfloat-abi=hard -nostartfiles"
Running Make include in ps7_cortexa9_0/libsrc/dmaps_v2_1/src
make -C ps7_cortexa9_0/libsrc/dmaps_v2_1/src -s include  "SHELL=/bin/sh" "COMPILER=arm-none-eabi-gcc" "ARCHIVER=arm-none-eabi-ar" "COMPILER_FLAGS=  -O2 -c" "EXTRA_COMPILER_FLAGS=-mcpu=cortex-a9 -mfpu=vfpv3 -mfloat-abi=hard -nostartfiles"
Running Make include in ps7_cortexa9_0/libsrc/gpiops_v3_1/src
make -C ps7_cortexa9_0/libsrc/gpiops_v3_1/src -s include  "SHELL=/bin/sh" "COMPILER=arm-none-eabi-gcc" "ARCHIVER=arm-none-eabi-ar" "COMPILER_FLAGS=  -O2 -c" "EXTRA_COMPILER_FLAGS=-mcpu=cortex-a9 -mfpu=vfpv3 -mfloat-abi=hard -nostartfiles"
Running Make include in ps7_cortexa9_0/libsrc/scuwdt_v2_1/src
make -C ps7_cortexa9_0/libsrc/scuwdt_v2_1/src -s include  "SHELL=/bin/sh" "COMPILER=arm-none-eabi-gcc" "ARCHIVER=arm-none-eabi-ar" "COMPILER_FLAGS=  -O2 -c" "EXTRA_COMPILER_FLAGS=-mcpu=cortex-a9 -mfpu=vfpv3 -mfloat-abi=hard -nostartfiles"
Running Make include in ps7_cortexa9_0/libsrc/standalone_v5_4/src
make -C ps7_cortexa9_0/libsrc/standalone_v5_4/src -s include  "SHELL=/bin/sh" "COMPILER=arm-none-eabi-gcc" "ARCHIVER=arm-none-eabi-ar" "COMPILER_FLAGS=  -O2 -c" "EXTRA_COMPILER_FLAGS=-mcpu=cortex-a9 -mfpu=vfpv3 -mfloat-abi=hard -nostartfiles"
Running Make include in ps7_cortexa9_0/libsrc/ttcps_v3_1/src
make -C ps7_cortexa9_0/libsrc/ttcps_v3_1/src -s include  "SHELL=/bin/sh" "COMPILER=arm-none-eabi-gcc" "ARCHIVER=arm-none-eabi-ar" "COMPILER_FLAGS=  -O2 -c" "EXTRA_COMPILER_FLAGS=-mcpu=cortex-a9 -mfpu=vfpv3 -mfloat-abi=hard -nostartfiles"
Running Make include in ps7_cortexa9_0/libsrc/coresightps_dcc_v1_2/src
make -C ps7_cortexa9_0/libsrc/coresightps_dcc_v1_2/src -s include  "SHELL=/bin/sh" "COMPILER=arm-none-eabi-gcc" "ARCHIVER=arm-none-eabi-ar" "COMPILER_FLAGS=  -O2 -c" "EXTRA_COMPILER_FLAGS=-mcpu=cortex-a9 -mfpu=vfpv3 -mfloat-abi=hard -nostartfiles"
Running Make include in ps7_cortexa9_0/libsrc/usbps_v2_3/src
make -C ps7_cortexa9_0/libsrc/usbps_v2_3/src -s include  "SHELL=/bin/sh" "COMPILER=arm-none-eabi-gcc" "ARCHIVER=arm-none-eabi-ar" "COMPILER_FLAGS=  -O2 -c" "EXTRA_COMPILER_FLAGS=-mcpu=cortex-a9 -mfpu=vfpv3 -mfloat-abi=hard -nostartfiles"
Running Make include in ps7_cortexa9_0/libsrc/scutimer_v2_1/src
make -C ps7_cortexa9_0/libsrc/scutimer_v2_1/src -s include  "SHELL=/bin/sh" "COMPILER=arm-none-eabi-gcc" "ARCHIVER=arm-none-eabi-ar" "COMPILER_FLAGS=  -O2 -c" "EXTRA_COMPILER_FLAGS=-mcpu=cortex-a9 -mfpu=vfpv3 -mfloat-abi=hard -nostartfiles"
Running Make libs in ps7_cortexa9_0/libsrc/qspips_v3_3/src
make -C ps7_cortexa9_0/libsrc/qspips_v3_3/src -s libs  "SHELL=/bin/sh" "COMPILER=arm-none-eabi-gcc" "ARCHIVER=arm-none-eabi-ar" "COMPILER_FLAGS=  -O2 -c" "EXTRA_COMPILER_FLAGS=-mcpu=cortex-a9 -mfpu=vfpv3 -mfloat-abi=hard -nostartfiles"
Compiling qspips
Running Make libs in ps7_cortexa9_0/libsrc/ddrps_v1_0/src
make -C ps7_cortexa9_0/libsrc/ddrps_v1_0/src -s libs  "SHELL=/bin/sh" "COMPILER=arm-none-eabi-gcc" "ARCHIVER=arm-none-eabi-ar" "COMPILER_FLAGS=  -O2 -c" "EXTRA_COMPILER_FLAGS=-mcpu=cortex-a9 -mfpu=vfpv3 -mfloat-abi=hard -nostartfiles"
Compiling ddrps
Running Make libs in ps7_cortexa9_0/libsrc/axidma_v9_1/src
make -C ps7_cortexa9_0/libsrc/axidma_v9_1/src -s libs  "SHELL=/bin/sh" "COMPILER=arm-none-eabi-gcc" "ARCHIVER=arm-none-eabi-ar" "COMPILER_FLAGS=  -O2 -c" "EXTRA_COMPILER_FLAGS=-mcpu=cortex-a9 -mfpu=vfpv3 -mfloat-abi=hard -nostartfiles"
Compiling axidma
Running Make libs in ps7_cortexa9_0/libsrc/cpu_cortexa9_v2_2/src
make -C ps7_cortexa9_0/libsrc/cpu_cortexa9_v2_2/src -s libs  "SHELL=/bin/sh" "COMPILER=arm-none-eabi-gcc" "ARCHIVER=arm-none-eabi-ar" "COMPILER_FLAGS=  -O2 -c" "EXTRA_COMPILER_FLAGS=-mcpu=cortex-a9 -mfpu=vfpv3 -mfloat-abi=hard -nostartfiles"
Compiling cpu_cortexa9
Running Make libs in ps7_cortexa9_0/libsrc/emacps_v3_2/src
make -C ps7_cortexa9_0/libsrc/emacps_v3_2/src -s libs  "SHELL=/bin/sh" "COMPILER=arm-none-eabi-gcc" "ARCHIVER=arm-none-eabi-ar" "COMPILER_FLAGS=  -O2 -c" "EXTRA_COMPILER_FLAGS=-mcpu=cortex-a9 -mfpu=vfpv3 -mfloat-abi=hard -nostartfiles"
Compiling emacps
Running Make libs in ps7_cortexa9_0/libsrc/uartps_v3_1/src
make -C ps7_cortexa9_0/libsrc/uartps_v3_1/src -s libs  "SHELL=/bin/sh" "COMPILER=arm-none-eabi-gcc" "ARCHIVER=arm-none-eabi-ar" "COMPILER_FLAGS=  -O2 -c" "EXTRA_COMPILER_FLAGS=-mcpu=cortex-a9 -mfpu=vfpv3 -mfloat-abi=hard -nostartfiles"
Compiling uartps
Running Make libs in ps7_cortexa9_0/libsrc/scugic_v3_2/src
make -C ps7_cortexa9_0/libsrc/scugic_v3_2/src -s libs  "SHELL=/bin/sh" "COMPILER=arm-none-eabi-gcc" "ARCHIVER=arm-none-eabi-ar" "COMPILER_FLAGS=  -O2 -c" "EXTRA_COMPILER_FLAGS=-mcpu=cortex-a9 -mfpu=vfpv3 -mfloat-abi=hard -nostartfiles"
Compiling scugic
Running Make libs in ps7_cortexa9_0/libsrc/xadcps_v2_2/src
make -C ps7_cortexa9_0/libsrc/xadcps_v2_2/src -s libs  "SHELL=/bin/sh" "COMPILER=arm-none-eabi-gcc" "ARCHIVER=arm-none-eabi-ar" "COMPILER_FLAGS=  -O2 -c" "EXTRA_COMPILER_FLAGS=-mcpu=cortex-a9 -mfpu=vfpv3 -mfloat-abi=hard -nostartfiles"
Compiling xadcps
Running Make libs in ps7_cortexa9_0/libsrc/sdps_v2_7/src
make -C ps7_cortexa9_0/libsrc/sdps_v2_7/src -s libs  "SHELL=/bin/sh" "COMPILER=arm-none-eabi-gcc" "ARCHIVER=arm-none-eabi-ar" "COMPILER_FLAGS=  -O2 -c" "EXTRA_COMPILER_FLAGS=-mcpu=cortex-a9 -mfpu=vfpv3 -mfloat-abi=hard -nostartfiles"
Compiling sdps
Running Make libs in ps7_cortexa9_0/libsrc/devcfg_v3_4/src
make -C ps7_cortexa9_0/libsrc/devcfg_v3_4/src -s libs  "SHELL=/bin/sh" "COMPILER=arm-none-eabi-gcc" "ARCHIVER=arm-none-eabi-ar" "COMPILER_FLAGS=  -O2 -c" "EXTRA_COMPILER_FLAGS=-mcpu=cortex-a9 -mfpu=vfpv3 -mfloat-abi=hard -nostartfiles"
Compiling devcfg
Running Make libs in ps7_cortexa9_0/libsrc/dmaps_v2_1/src
make -C ps7_cortexa9_0/libsrc/dmaps_v2_1/src -s libs  "SHELL=/bin/sh" "COMPILER=arm-none-eabi-gcc" "ARCHIVER=arm-none-eabi-ar" "COMPILER_FLAGS=  -O2 -c" "EXTRA_COMPILER_FLAGS=-mcpu=cortex-a9 -mfpu=vfpv3 -mfloat-abi=hard -nostartfiles"
Compiling dmaps
Running Make libs in ps7_cortexa9_0/libsrc/gpiops_v3_1/src
make -C ps7_cortexa9_0/libsrc/gpiops_v3_1/src -s libs  "SHELL=/bin/sh" "COMPILER=arm-none-eabi-gcc" "ARCHIVER=arm-none-eabi-ar" "COMPILER_FLAGS=  -O2 -c" "EXTRA_COMPILER_FLAGS=-mcpu=cortex-a9 -mfpu=vfpv3 -mfloat-abi=hard -nostartfiles"
Compiling gpiops
Running Make libs in ps7_cortexa9_0/libsrc/scuwdt_v2_1/src
make -C ps7_cortexa9_0/libsrc/scuwdt_v2_1/src -s libs  "SHELL=/bin/sh" "COMPILER=arm-none-eabi-gcc" "ARCHIVER=arm-none-eabi-ar" "COMPILER_FLAGS=  -O2 -c" "EXTRA_COMPILER_FLAGS=-mcpu=cortex-a9 -mfpu=vfpv3 -mfloat-abi=hard -nostartfiles"
Compiling scuwdt
Running Make libs in ps7_cortexa9_0/libsrc/standalone_v5_4/src
make -C ps7_cortexa9_0/libsrc/standalone_v5_4/src -s libs  "SHELL=/bin/sh" "COMPILER=arm-none-eabi-gcc" "ARCHIVER=arm-none-eabi-ar" "COMPILER_FLAGS=  -O2 -c" "EXTRA_COMPILER_FLAGS=-mcpu=cortex-a9 -mfpu=vfpv3 -mfloat-abi=hard -nostartfiles"
Compiling standalone
Running Make libs in ps7_cortexa9_0/libsrc/ttcps_v3_1/src
make -C ps7_cortexa9_0/libsrc/ttcps_v3_1/src -s libs  "SHELL=/bin/sh" "COMPILER=arm-none-eabi-gcc" "ARCHIVER=arm-none-eabi-ar" "COMPILER_FLAGS=  -O2 -c" "EXTRA_COMPILER_FLAGS=-mcpu=cortex-a9 -mfpu=vfpv3 -mfloat-abi=hard -nostartfiles"
Compiling ttcps
Running Make libs in ps7_cortexa9_0/libsrc/coresightps_dcc_v1_2/src
make -C ps7_cortexa9_0/libsrc/coresightps_dcc_v1_2/src -s libs  "SHELL=/bin/sh" "COMPILER=arm-none-eabi-gcc" "ARCHIVER=arm-none-eabi-ar" "COMPILER_FLAGS=  -O2 -c" "EXTRA_COMPILER_FLAGS=-mcpu=cortex-a9 -mfpu=vfpv3 -mfloat-abi=hard -nostartfiles"
Compiling coresightps_dcc
Running Make libs in ps7_cortexa9_0/libsrc/usbps_v2_3/src
make -C ps7_cortexa9_0/libsrc/usbps_v2_3/src -s libs  "SHELL=/bin/sh" "COMPILER=arm-none-eabi-gcc" "ARCHIVER=arm-none-eabi-ar" "COMPILER_FLAGS=  -O2 -c" "EXTRA_COMPILER_FLAGS=-mcpu=cortex-a9 -mfpu=vfpv3 -mfloat-abi=hard -nostartfiles"
Compiling usbps
Running Make libs in ps7_cortexa9_0/libsrc/scutimer_v2_1/src
make -C ps7_cortexa9_0/libsrc/scutimer_v2_1/src -s libs  "SHELL=/bin/sh" "COMPILER=arm-none-eabi-gcc" "ARCHIVER=arm-none-eabi-ar" "COMPILER_FLAGS=  -O2 -c" "EXTRA_COMPILER_FLAGS=-mcpu=cortex-a9 -mfpu=vfpv3 -mfloat-abi=hard -nostartfiles"
Compiling scutimer
Finished building libraries

**** Build of configuration Debug for project ETSE_APP ****

Nothing to build for project ETSE_APP
20:54:57 **** Auto Build of configuration Debug for project ETSE_APP ****
make pre-build main-build 
a9-linaro-pre-build-step
 
Building file: ../src/main2.c
Invoking: ARM v7 gcc compiler
arm-none-eabi-gcc -Wall -O0 -g3 -c -fmessage-length=0 -MT"src/main2.o" -mcpu=cortex-a9 -mfpu=vfpv3 -mfloat-abi=hard -I../../ETSE_APP_bsp/ps7_cortexa9_0/include -MMD -MP -MF"src/main2.d" -MT"src/main2.o" -o "src/main2.o" "../src/main2.c"
../src/main2.c:2:22: fatal error: platform.h: No such file or directory
 #include "platform.h"
                      ^
compilation terminated.
src/subdir.mk:21: recipe for target 'src/main2.o' failed
make: *** [src/main2.o] Error 1
13:29:20 **** Build of project ETSE_app_bsp ****
make -k all 
Running Make include in ps7_cortexa9_0/libsrc/qspips_v3_3/src
make -C ps7_cortexa9_0/libsrc/qspips_v3_3/src -s include  "SHELL=/bin/sh" "COMPILER=arm-none-eabi-gcc" "ARCHIVER=arm-none-eabi-ar" "COMPILER_FLAGS=  -O2 -c" "EXTRA_COMPILER_FLAGS=-mcpu=cortex-a9 -mfpu=vfpv3 -mfloat-abi=hard -nostartfiles"
Running Make include in ps7_cortexa9_0/libsrc/ddrps_v1_0/src
make -C ps7_cortexa9_0/libsrc/ddrps_v1_0/src -s include  "SHELL=/bin/sh" "COMPILER=arm-none-eabi-gcc" "ARCHIVER=arm-none-eabi-ar" "COMPILER_FLAGS=  -O2 -c" "EXTRA_COMPILER_FLAGS=-mcpu=cortex-a9 -mfpu=vfpv3 -mfloat-abi=hard -nostartfiles"
Running Make include in ps7_cortexa9_0/libsrc/axidma_v9_1/src
make -C ps7_cortexa9_0/libsrc/axidma_v9_1/src -s include  "SHELL=/bin/sh" "COMPILER=arm-none-eabi-gcc" "ARCHIVER=arm-none-eabi-ar" "COMPILER_FLAGS=  -O2 -c" "EXTRA_COMPILER_FLAGS=-mcpu=cortex-a9 -mfpu=vfpv3 -mfloat-abi=hard -nostartfiles"
Running Make include in ps7_cortexa9_0/libsrc/cpu_cortexa9_v2_2/src
make -C ps7_cortexa9_0/libsrc/cpu_cortexa9_v2_2/src -s include  "SHELL=/bin/sh" "COMPILER=arm-none-eabi-gcc" "ARCHIVER=arm-none-eabi-ar" "COMPILER_FLAGS=  -O2 -c" "EXTRA_COMPILER_FLAGS=-mcpu=cortex-a9 -mfpu=vfpv3 -mfloat-abi=hard -nostartfiles"
Running Make include in ps7_cortexa9_0/libsrc/emacps_v3_2/src
make -C ps7_cortexa9_0/libsrc/emacps_v3_2/src -s include  "SHELL=/bin/sh" "COMPILER=arm-none-eabi-gcc" "ARCHIVER=arm-none-eabi-ar" "COMPILER_FLAGS=  -O2 -c" "EXTRA_COMPILER_FLAGS=-mcpu=cortex-a9 -mfpu=vfpv3 -mfloat-abi=hard -nostartfiles"
Running Make include in ps7_cortexa9_0/libsrc/uartps_v3_1/src
make -C ps7_cortexa9_0/libsrc/uartps_v3_1/src -s include  "SHELL=/bin/sh" "COMPILER=arm-none-eabi-gcc" "ARCHIVER=arm-none-eabi-ar" "COMPILER_FLAGS=  -O2 -c" "EXTRA_COMPILER_FLAGS=-mcpu=cortex-a9 -mfpu=vfpv3 -mfloat-abi=hard -nostartfiles"
Running Make include in ps7_cortexa9_0/libsrc/scugic_v3_2/src
make -C ps7_cortexa9_0/libsrc/scugic_v3_2/src -s include  "SHELL=/bin/sh" "COMPILER=arm-none-eabi-gcc" "ARCHIVER=arm-none-eabi-ar" "COMPILER_FLAGS=  -O2 -c" "EXTRA_COMPILER_FLAGS=-mcpu=cortex-a9 -mfpu=vfpv3 -mfloat-abi=hard -nostartfiles"
Running Make include in ps7_cortexa9_0/libsrc/xadcps_v2_2/src
make -C ps7_cortexa9_0/libsrc/xadcps_v2_2/src -s include  "SHELL=/bin/sh" "COMPILER=arm-none-eabi-gcc" "ARCHIVER=arm-none-eabi-ar" "COMPILER_FLAGS=  -O2 -c" "EXTRA_COMPILER_FLAGS=-mcpu=cortex-a9 -mfpu=vfpv3 -mfloat-abi=hard -nostartfiles"
Running Make include in ps7_cortexa9_0/libsrc/sdps_v2_7/src
make -C ps7_cortexa9_0/libsrc/sdps_v2_7/src -s include  "SHELL=/bin/sh" "COMPILER=arm-none-eabi-gcc" "ARCHIVER=arm-none-eabi-ar" "COMPILER_FLAGS=  -O2 -c" "EXTRA_COMPILER_FLAGS=-mcpu=cortex-a9 -mfpu=vfpv3 -mfloat-abi=hard -nostartfiles"
Running Make include in ps7_cortexa9_0/libsrc/devcfg_v3_4/src
make -C ps7_cortexa9_0/libsrc/devcfg_v3_4/src -s include  "SHELL=/bin/sh" "COMPILER=arm-none-eabi-gcc" "ARCHIVER=arm-none-eabi-ar" "COMPILER_FLAGS=  -O2 -c" "EXTRA_COMPILER_FLAGS=-mcpu=cortex-a9 -mfpu=vfpv3 -mfloat-abi=hard -nostartfiles"
Running Make include in ps7_cortexa9_0/libsrc/dmaps_v2_1/src
make -C ps7_cortexa9_0/libsrc/dmaps_v2_1/src -s include  "SHELL=/bin/sh" "COMPILER=arm-none-eabi-gcc" "ARCHIVER=arm-none-eabi-ar" "COMPILER_FLAGS=  -O2 -c" "EXTRA_COMPILER_FLAGS=-mcpu=cortex-a9 -mfpu=vfpv3 -mfloat-abi=hard -nostartfiles"
Running Make include in ps7_cortexa9_0/libsrc/gpiops_v3_1/src
make -C ps7_cortexa9_0/libsrc/gpiops_v3_1/src -s include  "SHELL=/bin/sh" "COMPILER=arm-none-eabi-gcc" "ARCHIVER=arm-none-eabi-ar" "COMPILER_FLAGS=  -O2 -c" "EXTRA_COMPILER_FLAGS=-mcpu=cortex-a9 -mfpu=vfpv3 -mfloat-abi=hard -nostartfiles"
Running Make include in ps7_cortexa9_0/libsrc/scuwdt_v2_1/src
make -C ps7_cortexa9_0/libsrc/scuwdt_v2_1/src -s include  "SHELL=/bin/sh" "COMPILER=arm-none-eabi-gcc" "ARCHIVER=arm-none-eabi-ar" "COMPILER_FLAGS=  -O2 -c" "EXTRA_COMPILER_FLAGS=-mcpu=cortex-a9 -mfpu=vfpv3 -mfloat-abi=hard -nostartfiles"
Running Make include in ps7_cortexa9_0/libsrc/standalone_v5_4/src
make -C ps7_cortexa9_0/libsrc/standalone_v5_4/src -s include  "SHELL=/bin/sh" "COMPILER=arm-none-eabi-gcc" "ARCHIVER=arm-none-eabi-ar" "COMPILER_FLAGS=  -O2 -c" "EXTRA_COMPILER_FLAGS=-mcpu=cortex-a9 -mfpu=vfpv3 -mfloat-abi=hard -nostartfiles"
Running Make include in ps7_cortexa9_0/libsrc/ttcps_v3_1/src
make -C ps7_cortexa9_0/libsrc/ttcps_v3_1/src -s include  "SHELL=/bin/sh" "COMPILER=arm-none-eabi-gcc" "ARCHIVER=arm-none-eabi-ar" "COMPILER_FLAGS=  -O2 -c" "EXTRA_COMPILER_FLAGS=-mcpu=cortex-a9 -mfpu=vfpv3 -mfloat-abi=hard -nostartfiles"
Running Make include in ps7_cortexa9_0/libsrc/coresightps_dcc_v1_2/src
make -C ps7_cortexa9_0/libsrc/coresightps_dcc_v1_2/src -s include  "SHELL=/bin/sh" "COMPILER=arm-none-eabi-gcc" "ARCHIVER=arm-none-eabi-ar" "COMPILER_FLAGS=  -O2 -c" "EXTRA_COMPILER_FLAGS=-mcpu=cortex-a9 -mfpu=vfpv3 -mfloat-abi=hard -nostartfiles"
Running Make include in ps7_cortexa9_0/libsrc/usbps_v2_3/src
make -C ps7_cortexa9_0/libsrc/usbps_v2_3/src -s include  "SHELL=/bin/sh" "COMPILER=arm-none-eabi-gcc" "ARCHIVER=arm-none-eabi-ar" "COMPILER_FLAGS=  -O2 -c" "EXTRA_COMPILER_FLAGS=-mcpu=cortex-a9 -mfpu=vfpv3 -mfloat-abi=hard -nostartfiles"
Running Make include in ps7_cortexa9_0/libsrc/scutimer_v2_1/src
make -C ps7_cortexa9_0/libsrc/scutimer_v2_1/src -s include  "SHELL=/bin/sh" "COMPILER=arm-none-eabi-gcc" "ARCHIVER=arm-none-eabi-ar" "COMPILER_FLAGS=  -O2 -c" "EXTRA_COMPILER_FLAGS=-mcpu=cortex-a9 -mfpu=vfpv3 -mfloat-abi=hard -nostartfiles"
Running Make libs in ps7_cortexa9_0/libsrc/qspips_v3_3/src
make -C ps7_cortexa9_0/libsrc/qspips_v3_3/src -s libs  "SHELL=/bin/sh" "COMPILER=arm-none-eabi-gcc" "ARCHIVER=arm-none-eabi-ar" "COMPILER_FLAGS=  -O2 -c" "EXTRA_COMPILER_FLAGS=-mcpu=cortex-a9 -mfpu=vfpv3 -mfloat-abi=hard -nostartfiles"
Compiling qspips
arm-none-eabi-ar: creating ../../../lib/libxil.a
Running Make libs in ps7_cortexa9_0/libsrc/ddrps_v1_0/src
make -C ps7_cortexa9_0/libsrc/ddrps_v1_0/src -s libs  "SHELL=/bin/sh" "COMPILER=arm-none-eabi-gcc" "ARCHIVER=arm-none-eabi-ar" "COMPILER_FLAGS=  -O2 -c" "EXTRA_COMPILER_FLAGS=-mcpu=cortex-a9 -mfpu=vfpv3 -mfloat-abi=hard -nostartfiles"
Compiling ddrps
Running Make libs in ps7_cortexa9_0/libsrc/axidma_v9_1/src
make -C ps7_cortexa9_0/libsrc/axidma_v9_1/src -s libs  "SHELL=/bin/sh" "COMPILER=arm-none-eabi-gcc" "ARCHIVER=arm-none-eabi-ar" "COMPILER_FLAGS=  -O2 -c" "EXTRA_COMPILER_FLAGS=-mcpu=cortex-a9 -mfpu=vfpv3 -mfloat-abi=hard -nostartfiles"
Compiling axidma
Running Make libs in ps7_cortexa9_0/libsrc/cpu_cortexa9_v2_2/src
[...]
      ^
/home/tsotne/ownCloud/git/ETSE_GDSP/src/app/MMULT_AXI_2_DDR3/src/main.c: In function ‘execute_dma_transfer_routine_A’:
/home/tsotne/ownCloud/git/ETSE_GDSP/src/app/MMULT_AXI_2_DDR3/src/main.c:294:9: warning: variable ‘status’ set but not used [-Wunused-but-set-variable]
     u32 status;
         ^
/home/tsotne/ownCloud/git/ETSE_GDSP/src/app/MMULT_AXI_2_DDR3/src/main.c: In function ‘execute_dma_transfer_routine_B’:
/home/tsotne/ownCloud/git/ETSE_GDSP/src/app/MMULT_AXI_2_DDR3/src/main.c:309:9: warning: variable ‘status’ set but not used [-Wunused-but-set-variable]
     u32 status;
         ^
/home/tsotne/ownCloud/git/ETSE_GDSP/src/app/MMULT_AXI_2_DDR3/src/main.c: In function ‘unload_g’:
/home/tsotne/ownCloud/git/ETSE_GDSP/src/app/MMULT_AXI_2_DDR3/src/main.c:346:6: warning: unused variable ‘i’ [-Wunused-variable]
  u32 i;
      ^
/home/tsotne/ownCloud/git/ETSE_GDSP/src/app/MMULT_AXI_2_DDR3/src/main.c: In function ‘execute_dma_transfer_routine_19’:
/home/tsotne/ownCloud/git/ETSE_GDSP/src/app/MMULT_AXI_2_DDR3/src/main.c:456:9: warning: variable ‘status’ set but not used [-Wunused-but-set-variable]
     u32 status;
         ^
/home/tsotne/ownCloud/git/ETSE_GDSP/src/app/MMULT_AXI_2_DDR3/src/main.c: In function ‘execute_dma_transfer_routine_1’:
/home/tsotne/ownCloud/git/ETSE_GDSP/src/app/MMULT_AXI_2_DDR3/src/main.c:485:9: warning: variable ‘status’ set but not used [-Wunused-but-set-variable]
     u32 status;
         ^
/home/tsotne/ownCloud/git/ETSE_GDSP/src/app/MMULT_AXI_2_DDR3/src/main.c: In function ‘execute_dma_transfer_routine_11_33’:
/home/tsotne/ownCloud/git/ETSE_GDSP/src/app/MMULT_AXI_2_DDR3/src/main.c:501:9: warning: variable ‘status’ set but not used [-Wunused-but-set-variable]
     u32 status;
         ^
/home/tsotne/ownCloud/git/ETSE_GDSP/src/app/MMULT_AXI_2_DDR3/src/main.c: In function ‘execute_dma_transfer_routine_2’:
/home/tsotne/ownCloud/git/ETSE_GDSP/src/app/MMULT_AXI_2_DDR3/src/main.c:520:9: warning: variable ‘status’ set but not used [-Wunused-but-set-variable]
     u32 status;
         ^
/home/tsotne/ownCloud/git/ETSE_GDSP/src/app/MMULT_AXI_2_DDR3/src/main.c: In function ‘execute_dma_transfer_routine_3’:
/home/tsotne/ownCloud/git/ETSE_GDSP/src/app/MMULT_AXI_2_DDR3/src/main.c:535:9: warning: variable ‘status’ set but not used [-Wunused-but-set-variable]
     u32 status;
         ^
/home/tsotne/ownCloud/git/ETSE_GDSP/src/app/MMULT_AXI_2_DDR3/src/main.c: In function ‘execute_dma_transfer_routine_4’:
/home/tsotne/ownCloud/git/ETSE_GDSP/src/app/MMULT_AXI_2_DDR3/src/main.c:550:9: warning: variable ‘status’ set but not used [-Wunused-but-set-variable]
     u32 status;
         ^
In file included from /home/tsotne/ownCloud/git/ETSE_GDSP/src/app/MMULT_AXI_2_DDR3/src/main.c:6:0:
/home/tsotne/ownCloud/git/ETSE_GDSP/src/app/MMULT_AXI_2_DDR3/src/main.c: At top level:
/home/tsotne/ownCloud/git/ETSE_GDSP/src/app/MMULT_AXI_2_DDR3/src/mylib.h:24:13: warning: ‘clr’ defined but not used [-Wunused-function]
 static void clr(u32 BA, u32 reg_offset, u8 bit_ind) {
             ^
/home/tsotne/ownCloud/git/ETSE_GDSP/src/app/MMULT_AXI_2_DDR3/src/mylib.h:34:13: warning: ‘prrd’ defined but not used [-Wunused-function]
 static void prrd(u32 BA, u32 reg_offset, u8 bit_ind) {
             ^
/home/tsotne/ownCloud/git/ETSE_GDSP/src/app/MMULT_AXI_2_DDR3/src/mylib.h:49:13: warning: ‘prread’ defined but not used [-Wunused-function]
 static void prread(u32 BA, u32 reg_offset) {
             ^
/home/tsotne/ownCloud/git/ETSE_GDSP/src/app/MMULT_AXI_2_DDR3/src/mylib.h:67:12: warning: ‘check_DMA_normal_mode’ defined but not used [-Wunused-function]
 static int check_DMA_normal_mode() {
            ^
/home/tsotne/ownCloud/git/ETSE_GDSP/src/app/MMULT_AXI_2_DDR3/src/mylib.h:78:12: warning: ‘check_DMA_irq_disabled’ defined but not used [-Wunused-function]
 static int check_DMA_irq_disabled() {
            ^
/home/tsotne/ownCloud/git/ETSE_GDSP/src/app/MMULT_AXI_2_DDR3/src/mylib.h:90:12: warning: ‘check_DMA_idle’ defined but not used [-Wunused-function]
 static int check_DMA_idle() {
            ^
/home/tsotne/ownCloud/git/ETSE_GDSP/src/app/MMULT_AXI_2_DDR3/src/mylib.h:102:12: warning: ‘check_DMA_irq_event’ defined but not used [-Wunused-function]
 static int check_DMA_irq_event() {
            ^
/home/tsotne/ownCloud/git/ETSE_GDSP/src/app/MMULT_AXI_2_DDR3/src/mylib.h:114:12: warning: ‘enable_DMA_irq’ defined but not used [-Wunused-function]
 static int enable_DMA_irq() {
            ^
/home/tsotne/ownCloud/git/ETSE_GDSP/src/app/MMULT_AXI_2_DDR3/src/mylib.h:122:12: warning: ‘enable_DMA_soft_reset’ defined but not used [-Wunused-function]
 static int enable_DMA_soft_reset(void) {
            ^
/home/tsotne/ownCloud/git/ETSE_GDSP/src/app/MMULT_AXI_2_DDR3/src/main.c:564:13: warning: ‘test’ defined but not used [-Wunused-function]
 void static test() {
             ^
/home/tsotne/ownCloud/git/ETSE_GDSP/src/app/MMULT_AXI_2_DDR3/src/main.c:399:13: warning: ‘print_arr’ defined but not used [-Wunused-function]
 void static print_arr(void){
             ^
Finished building: /home/tsotne/ownCloud/git/ETSE_GDSP/src/app/MMULT_AXI_2_DDR3/src/main.c
 
Building file: ../src/platform.c
Invoking: ARM v7 gcc compiler
arm-none-eabi-gcc -Wall -O0 -g3 -c -fmessage-length=0 -MT"src/platform.o" -mcpu=cortex-a9 -mfpu=vfpv3 -mfloat-abi=hard -I../../ETSE_app_2_bsp/ps7_cortexa9_0/include -MMD -MP -MF"src/platform.d" -MT"src/platform.o" -o "src/platform.o" "../src/platform.c"
Finished building: ../src/platform.c
 
Building target: ETSE_app_2.elf
Invoking: ARM v7 gcc linker
arm-none-eabi-gcc -mcpu=cortex-a9 -mfpu=vfpv3 -mfloat-abi=hard -Wl,-build-id=none -specs=Xilinx.spec -Wl,-T -Wl,../src/lscript.ld -L../../ETSE_app_2_bsp/ps7_cortexa9_0/lib -o "ETSE_app_2.elf"  ./src/main.o ./src/platform.o   -Wl,--start-group,-lxil,-lgcc,-lc,--end-group
Finished building target: ETSE_app_2.elf
 
Invoking: ARM v7 Print Size
arm-none-eabi-size ETSE_app_2.elf  |tee "ETSE_app_2.elf.size"
   text	   data	    bss	    dec	    hex	filename
  33180	   1168	  22612	  56960	   de80	ETSE_app_2.elf
Finished building: ETSE_app_2.elf.size
 
13:37:53 **** Auto Build of configuration Debug for project ETSE_app_2 ****
make pre-build main-build 
a9-linaro-pre-build-step
 
Building file: /home/tsotne/ownCloud/git/ETSE_GDSP/src/app/MMULT_AXI_2_DDR3/src/main.c
Invoking: ARM v7 gcc compiler
arm-none-eabi-gcc -Wall -O0 -g3 -c -fmessage-length=0 -MT"src/main.o" -mcpu=cortex-a9 -mfpu=vfpv3 -mfloat-abi=hard -I../../ETSE_app_2_bsp/ps7_cortexa9_0/include -MMD -MP -MF"src/main.d" -MT"src/main.o" -o "src/main.o" "/home/tsotne/ownCloud/git/ETSE_GDSP/src/app/MMULT_AXI_2_DDR3/src/main.c"
/home/tsotne/ownCloud/git/ETSE_GDSP/src/app/MMULT_AXI_2_DDR3/src/main.c: In function ‘main’:
/home/tsotne/ownCloud/git/ETSE_GDSP/src/app/MMULT_AXI_2_DDR3/src/main.c:101:6: warning: variable ‘status’ set but not used [-Wunused-but-set-variable]
  u32 status;
      ^
/home/tsotne/ownCloud/git/ETSE_GDSP/src/app/MMULT_AXI_2_DDR3/src/main.c: In function ‘bundle_1’:
/home/tsotne/ownCloud/git/ETSE_GDSP/src/app/MMULT_AXI_2_DDR3/src/main.c:279:6: warning: variable ‘status’ set but not used [-Wunused-but-set-variable]
  u32 status;
      ^
/home/tsotne/ownCloud/git/ETSE_GDSP/src/app/MMULT_AXI_2_DDR3/src/main.c: In function ‘execute_dma_transfer_routine_A’:
/home/tsotne/ownCloud/git/ETSE_GDSP/src/app/MMULT_AXI_2_DDR3/src/main.c:294:9: warning: variable ‘status’ set but not used [-Wunused-but-set-variable]
     u32 status;
         ^
/home/tsotne/ownCloud/git/ETSE_GDSP/src/app/MMULT_AXI_2_DDR3/src/main.c: In function ‘execute_dma_transfer_routine_B’:
/home/tsotne/ownCloud/git/ETSE_GDSP/src/app/MMULT_AXI_2_DDR3/src/main.c:309:9: warning: variable ‘status’ set but not used [-Wunused-but-set-variable]
     u32 status;
         ^
/home/tsotne/ownCloud/git/ETSE_GDSP/src/app/MMULT_AXI_2_DDR3/src/main.c: In function ‘unload_g’:
/home/tsotne/ownCloud/git/ETSE_GDSP/src/app/MMULT_AXI_2_DDR3/src/main.c:346:6: warning: unused variable ‘i’ [-Wunused-variable]
  u32 i;
      ^
/home/tsotne/ownCloud/git/ETSE_GDSP/src/app/MMULT_AXI_2_DDR3/src/main.c: In function ‘execute_dma_transfer_routine_19’:
/home/tsotne/ownCloud/git/ETSE_GDSP/src/app/MMULT_AXI_2_DDR3/src/main.c:456:9: warning: variable ‘status’ set but not used [-Wunused-but-set-variable]
     u32 status;
         ^
/home/tsotne/ownCloud/git/ETSE_GDSP/src/app/MMULT_AXI_2_DDR3/src/main.c: In function ‘execute_dma_transfer_routine_1’:
/home/tsotne/ownCloud/git/ETSE_GDSP/src/app/MMULT_AXI_2_DDR3/src/main.c:485:9: warning: variable ‘status’ set but not used [-Wunused-but-set-variable]
     u32 status;
         ^
/home/tsotne/ownCloud/git/ETSE_GDSP/src/app/MMULT_AXI_2_DDR3/src/main.c: In function ‘execute_dma_transfer_routine_11_33’:
/home/tsotne/ownCloud/git/ETSE_GDSP/src/app/MMULT_AXI_2_DDR3/src/main.c:501:9: warning: variable ‘status’ set but not used [-Wunused-but-set-variable]
     u32 status;
         ^
/home/tsotne/ownCloud/git/ETSE_GDSP/src/app/MMULT_AXI_2_DDR3/src/main.c: In function ‘execute_dma_transfer_routine_2’:
/home/tsotne/ownCloud/git/ETSE_GDSP/src/app/MMULT_AXI_2_DDR3/src/main.c:520:9: warning: variable ‘status’ set but not used [-Wunused-but-set-variable]
     u32 status;
         ^
/home/tsotne/ownCloud/git/ETSE_GDSP/src/app/MMULT_AXI_2_DDR3/src/main.c: In function ‘execute_dma_transfer_routine_3’:
/home/tsotne/ownCloud/git/ETSE_GDSP/src/app/MMULT_AXI_2_DDR3/src/main.c:535:9: warning: variable ‘status’ set but not used [-Wunused-but-set-variable]
     u32 status;
         ^
/home/tsotne/ownCloud/git/ETSE_GDSP/src/app/MMULT_AXI_2_DDR3/src/main.c: In function ‘execute_dma_transfer_routine_4’:
/home/tsotne/ownCloud/git/ETSE_GDSP/src/app/MMULT_AXI_2_DDR3/src/main.c:550:9: warning: variable ‘status’ set but not used [-Wunused-but-set-variable]
     u32 status;
         ^
In file included from /home/tsotne/ownCloud/git/ETSE_GDSP/src/app/MMULT_AXI_2_DDR3/src/main.c:6:0:
/home/tsotne/ownCloud/git/ETSE_GDSP/src/app/MMULT_AXI_2_DDR3/src/main.c: At top level:
/home/tsotne/ownCloud/git/ETSE_GDSP/src/app/MMULT_AXI_2_DDR3/src/mylib.h:23:13: warning: ‘clr’ defined but not used [-Wunused-function]
 static void clr(u32 BA, u32 reg_offset, u8 bit_ind) {
             ^
/home/tsotne/ownCloud/git/ETSE_GDSP/src/app/MMULT_AXI_2_DDR3/src/mylib.h:33:13: warning: ‘prrd’ defined but not used [-Wunused-function]
 static void prrd(u32 BA, u32 reg_offset, u8 bit_ind) {
             ^
/home/tsotne/ownCloud/git/ETSE_GDSP/src/app/MMULT_AXI_2_DDR3/src/mylib.h:48:13: warning: ‘prread’ defined but not used [-Wunused-function]
 static void prread(u32 BA, u32 reg_offset) {
             ^
/home/tsotne/ownCloud/git/ETSE_GDSP/src/app/MMULT_AXI_2_DDR3/src/mylib.h:66:12: warning: ‘check_DMA_normal_mode’ defined but not used [-Wunused-function]
 static int check_DMA_normal_mode() {
            ^
/home/tsotne/ownCloud/git/ETSE_GDSP/src/app/MMULT_AXI_2_DDR3/src/mylib.h:77:12: warning: ‘check_DMA_irq_disabled’ defined but not used [-Wunused-function]
 static int check_DMA_irq_disabled() {
            ^
/home/tsotne/ownCloud/git/ETSE_GDSP/src/app/MMULT_AXI_2_DDR3/src/mylib.h:89:12: warning: ‘check_DMA_idle’ defined but not used [-Wunused-function]
 static int check_DMA_idle() {
            ^
/home/tsotne/ownCloud/git/ETSE_GDSP/src/app/MMULT_AXI_2_DDR3/src/mylib.h:101:12: warning: ‘check_DMA_irq_event’ defined but not used [-Wunused-function]
 static int check_DMA_irq_event() {
            ^
/home/tsotne/ownCloud/git/ETSE_GDSP/src/app/MMULT_AXI_2_DDR3/src/mylib.h:113:12: warning: ‘enable_DMA_irq’ defined but not used [-Wunused-function]
 static int enable_DMA_irq() {
            ^
/home/tsotne/ownCloud/git/ETSE_GDSP/src/app/MMULT_AXI_2_DDR3/src/mylib.h:121:12: warning: ‘enable_DMA_soft_reset’ defined but not used [-Wunused-function]
 static int enable_DMA_soft_reset(void) {
            ^
/home/tsotne/ownCloud/git/ETSE_GDSP/src/app/MMULT_AXI_2_DDR3/src/main.c:564:13: warning: ‘test’ defined but not used [-Wunused-function]
 void static test() {
             ^
/home/tsotne/ownCloud/git/ETSE_GDSP/src/app/MMULT_AXI_2_DDR3/src/main.c:399:13: warning: ‘print_arr’ defined but not used [-Wunused-function]
 void static print_arr(void){
             ^
Finished building: /home/tsotne/ownCloud/git/ETSE_GDSP/src/app/MMULT_AXI_2_DDR3/src/main.c
 
Building target: ETSE_app_2.elf
Invoking: ARM v7 gcc linker
arm-none-eabi-gcc -mcpu=cortex-a9 -mfpu=vfpv3 -mfloat-abi=hard -Wl,-build-id=none -specs=Xilinx.spec -Wl,-T -Wl,../src/lscript.ld -L../../ETSE_app_2_bsp/ps7_cortexa9_0/lib -o "ETSE_app_2.elf"  ./src/main.o ./src/platform.o   -Wl,--start-group,-lxil,-lgcc,-lc,--end-group
Finished building target: ETSE_app_2.elf
 
Invoking: ARM v7 Print Size
arm-none-eabi-size ETSE_app_2.elf  |tee "ETSE_app_2.elf.size"
   text	   data	    bss	    dec	    hex	filename
  33180	   1168	  22612	  56960	   de80	ETSE_app_2.elf
Finished building: ETSE_app_2.elf.size
 
15:40:13 **** Incremental Build of configuration Debug for project ETSE_app_2 ****
make pre-build main-build 
a9-linaro-pre-build-step
 
make: Nothing to be done for 'main-build'.
15:42:40 **** Auto Build of configuration Debug for project ETSE_app_2 ****
make pre-build main-build 
a9-linaro-pre-build-step
 
Building file: /home/tsotne/ownCloud/git/ETSE_GDSP/src/app/MMULT_AXI_2_DDR3/src/main.c
Invoking: ARM v7 gcc compiler
arm-none-eabi-gcc -Wall -O0 -g3 -c -fmessage-length=0 -MT"src/main.o" -mcpu=cortex-a9 -mfpu=vfpv3 -mfloat-abi=hard -I../../ETSE_app_2_bsp/ps7_cortexa9_0/include -MMD -MP -MF"src/main.d" -MT"src/main.o" -o "src/main.o" "/home/tsotne/ownCloud/git/ETSE_GDSP/src/app/MMULT_AXI_2_DDR3/src/main.c"
/home/tsotne/ownCloud/git/ETSE_GDSP/src/app/MMULT_AXI_2_DDR3/src/main.c: In function ‘main’:
/home/tsotne/ownCloud/git/ETSE_GDSP/src/app/MMULT_AXI_2_DDR3/src/main.c:101:6: warning: variable ‘status’ set but not used [-Wunused-but-set-variable]
  u32 status;
      ^
/home/tsotne/ownCloud/git/ETSE_GDSP/src/app/MMULT_AXI_2_DDR3/src/main.c: In function ‘bundle_1’:
/home/tsotne/ownCloud/git/ETSE_GDSP/src/app/MMULT_AXI_2_DDR3/src/main.c:279:6: warning: variable ‘status’ set but not used [-Wunused-but-set-variable]
  u32 status;
      ^
/home/tsotne/ownCloud/git/ETSE_GDSP/src/app/MMULT_AXI_2_DDR3/src/main.c: In function ‘execute_dma_transfer_routine_A’:
/home/tsotne/ownCloud/git/ETSE_GDSP/src/app/MMULT_AXI_2_DDR3/src/main.c:294:9: warning: variable ‘status’ set but not used [-Wunused-but-set-variable]
     u32 status;
         ^
/home/tsotne/ownCloud/git/ETSE_GDSP/src/app/MMULT_AXI_2_DDR3/src/main.c: In function ‘execute_dma_transfer_routine_B’:
/home/tsotne/ownCloud/git/ETSE_GDSP/src/app/MMULT_AXI_2_DDR3/src/main.c:309:9: warning: variable ‘status’ set but not used [-Wunused-but-set-variable]
     u32 status;
         ^
/home/tsotne/ownCloud/git/ETSE_GDSP/src/app/MMULT_AXI_2_DDR3/src/main.c: In function ‘unload_g’:
/home/tsotne/ownCloud/git/ETSE_GDSP/src/app/MMULT_AXI_2_DDR3/src/main.c:346:6: warning: unused variable ‘i’ [-Wunused-variable]
  u32 i;
      ^
/home/tsotne/ownCloud/git/ETSE_GDSP/src/app/MMULT_AXI_2_DDR3/src/main.c: In function ‘execute_dma_transfer_routine_19’:
/home/tsotne/ownCloud/git/ETSE_GDSP/src/app/MMULT_AXI_2_DDR3/src/main.c:456:9: warning: variable ‘status’ set but not used [-Wunused-but-set-variable]
     u32 status;
         ^
/home/tsotne/ownCloud/git/ETSE_GDSP/src/app/MMULT_AXI_2_DDR3/src/main.c: In function ‘execute_dma_transfer_routine_1’:
/home/tsotne/ownCloud/git/ETSE_GDSP/src/app/MMULT_AXI_2_DDR3/src/main.c:485:9: warning: variable ‘status’ set but not used [-Wunused-but-set-variable]
     u32 status;
         ^
/home/tsotne/ownCloud/git/ETSE_GDSP/src/app/MMULT_AXI_2_DDR3/src/main.c: In function ‘execute_dma_transfer_routine_11_33’:
/home/tsotne/ownCloud/git/ETSE_GDSP/src/app/MMULT_AXI_2_DDR3/src/main.c:501:9: warning: variable ‘status’ set but not used [-Wunused-but-set-variable]
     u32 status;
         ^
/home/tsotne/ownCloud/git/ETSE_GDSP/src/app/MMULT_AXI_2_DDR3/src/main.c: In function ‘execute_dma_transfer_routine_2’:
/home/tsotne/ownCloud/git/ETSE_GDSP/src/app/MMULT_AXI_2_DDR3/src/main.c:520:9: warning: variable ‘status’ set but not used [-Wunused-but-set-variable]
     u32 status;
         ^
/home/tsotne/ownCloud/git/ETSE_GDSP/src/app/MMULT_AXI_2_DDR3/src/main.c: In function ‘execute_dma_transfer_routine_3’:
/home/tsotne/ownCloud/git/ETSE_GDSP/src/app/MMULT_AXI_2_DDR3/src/main.c:535:9: warning: variable ‘status’ set but not used [-Wunused-but-set-variable]
     u32 status;
         ^
/home/tsotne/ownCloud/git/ETSE_GDSP/src/app/MMULT_AXI_2_DDR3/src/main.c: In function ‘execute_dma_transfer_routine_4’:
/home/tsotne/ownCloud/git/ETSE_GDSP/src/app/MMULT_AXI_2_DDR3/src/main.c:550:9: warning: variable ‘status’ set but not used [-Wunused-but-set-variable]
     u32 status;
         ^
In file included from /home/tsotne/ownCloud/git/ETSE_GDSP/src/app/MMULT_AXI_2_DDR3/src/main.c:6:0:
/home/tsotne/ownCloud/git/ETSE_GDSP/src/app/MMULT_AXI_2_DDR3/src/main.c: At top level:
/home/tsotne/ownCloud/git/ETSE_GDSP/src/app/MMULT_AXI_2_DDR3/src/mylib.h:23:13: warning: ‘clr’ defined but not used [-Wunused-function]
 static void clr(u32 BA, u32 reg_offset, u8 bit_ind) {
             ^
/home/tsotne/ownCloud/git/ETSE_GDSP/src/app/MMULT_AXI_2_DDR3/src/mylib.h:33:13: warning: ‘prrd’ defined but not used [-Wunused-function]
 static void prrd(u32 BA, u32 reg_offset, u8 bit_ind) {
             ^
/home/tsotne/ownCloud/git/ETSE_GDSP/src/app/MMULT_AXI_2_DDR3/src/mylib.h:48:13: warning: ‘prread’ defined but not used [-Wunused-function]
 static void prread(u32 BA, u32 reg_offset) {
             ^
/home/tsotne/ownCloud/git/ETSE_GDSP/src/app/MMULT_AXI_2_DDR3/src/mylib.h:66:12: warning: ‘check_DMA_normal_mode’ defined but not used [-Wunused-function]
 static int check_DMA_normal_mode() {
            ^
/home/tsotne/ownCloud/git/ETSE_GDSP/src/app/MMULT_AXI_2_DDR3/src/mylib.h:77:12: warning: ‘check_DMA_irq_disabled’ defined but not used [-Wunused-function]
 static int check_DMA_irq_disabled() {
            ^
/home/tsotne/ownCloud/git/ETSE_GDSP/src/app/MMULT_AXI_2_DDR3/src/mylib.h:89:12: warning: ‘check_DMA_idle’ defined but not used [-Wunused-function]
 static int check_DMA_idle() {
            ^
/home/tsotne/ownCloud/git/ETSE_GDSP/src/app/MMULT_AXI_2_DDR3/src/mylib.h:101:12: warning: ‘check_DMA_irq_event’ defined but not used [-Wunused-function]
 static int check_DMA_irq_event() {
            ^
/home/tsotne/ownCloud/git/ETSE_GDSP/src/app/MMULT_AXI_2_DDR3/src/mylib.h:113:12: warning: ‘enable_DMA_irq’ defined but not used [-Wunused-function]
 static int enable_DMA_irq() {
            ^
/home/tsotne/ownCloud/git/ETSE_GDSP/src/app/MMULT_AXI_2_DDR3/src/mylib.h:121:12: warning: ‘enable_DMA_soft_reset’ defined but not used [-Wunused-function]
 static int enable_DMA_soft_reset(void) {
            ^
/home/tsotne/ownCloud/git/ETSE_GDSP/src/app/MMULT_AXI_2_DDR3/src/main.c:564:13: warning: ‘test’ defined but not used [-Wunused-function]
 void static test() {
             ^
/home/tsotne/ownCloud/git/ETSE_GDSP/src/app/MMULT_AXI_2_DDR3/src/main.c:399:13: warning: ‘print_arr’ defined but not used [-Wunused-function]
 void static print_arr(void){
             ^
Finished building: /home/tsotne/ownCloud/git/ETSE_GDSP/src/app/MMULT_AXI_2_DDR3/src/main.c
 
Building target: ETSE_app_2.elf
Invoking: ARM v7 gcc linker
arm-none-eabi-gcc -mcpu=cortex-a9 -mfpu=vfpv3 -mfloat-abi=hard -Wl,-build-id=none -specs=Xilinx.spec -Wl,-T -Wl,../src/lscript.ld -L../../ETSE_app_2_bsp/ps7_cortexa9_0/lib -o "ETSE_app_2.elf"  ./src/main.o ./src/platform.o   -Wl,--start-group,-lxil,-lgcc,-lc,--end-group
Finished building target: ETSE_app_2.elf
 
Invoking: ARM v7 Print Size
arm-none-eabi-size ETSE_app_2.elf  |tee "ETSE_app_2.elf.size"
   text	   data	    bss	    dec	    hex	filename
  33240	   1168	  22612	  57020	   debc	ETSE_app_2.elf
Finished building: ETSE_app_2.elf.size
 
15:42:44 **** Incremental Build of configuration Debug for project ETSE_app_2 ****
make pre-build main-build 
a9-linaro-pre-build-step
 
make: Nothing to be done for 'main-build'.
