12:35:50 **** Auto Build of configuration Debug for project simple_transfer_2 ****
make pre-build main-build 
a9-linaro-pre-build-step
 
Building file: ../src/helloworld.c
Invoking: ARM v7 gcc compiler
arm-none-eabi-gcc -Wall -O0 -g3 -c -fmessage-length=0 -MT"src/helloworld.o" -mcpu=cortex-a9 -mfpu=vfpv3 -mfloat-abi=hard -I../../simple_transfer_2_bsp/ps7_cortexa9_0/include -MMD -MP -MF"src/helloworld.d" -MT"src/helloworld.o" -o "src/helloworld.o" "../src/helloworld.c"
../src/helloworld.c: In function 'main':
../src/helloworld.c:144:6: warning: variable 'status' set but not used [-Wunused-but-set-variable]
  u32 status;
      ^
In file included from ../src/helloworld.c:6:0:
../src/helloworld.c: At top level:
../src/mylib.h:22:13: warning: 'clr' defined but not used [-Wunused-function]
 static void clr(u32 BA, u32 reg_offset, u8 bit_ind) {
             ^
../src/mylib.h:42:12: warning: 'read' defined but not used [-Wunused-function]
 static u32 read(u32 BA, u32 reg_offset) {
            ^
../src/mylib.h:76:12: warning: 'check_DMA_irq_disabled' defined but not used [-Wunused-function]
 static int check_DMA_irq_disabled() {
            ^
../src/mylib.h:100:12: warning: 'check_DMA_irq_event' defined but not used [-Wunused-function]
 static int check_DMA_irq_event() {
            ^
../src/mylib.h:112:12: warning: 'enable_DMA_irq' defined but not used [-Wunused-function]
 static int enable_DMA_irq() {
            ^
../src/helloworld.c:247:13: warning: 'test' defined but not used [-Wunused-function]
 void static test() {
             ^
Finished building: ../src/helloworld.c
 
Building target: simple_transfer_2.elf
Invoking: ARM v7 gcc linker
arm-none-eabi-gcc -mcpu=cortex-a9 -mfpu=vfpv3 -mfloat-abi=hard -Wl,-build-id=none -specs=Xilinx.spec -Wl,-T -Wl,../src/lscript.ld -L../../simple_transfer_2_bsp/ps7_cortexa9_0/lib -o "simple_transfer_2.elf"  ./src/helloworld.o ./src/platform.o   -Wl,--start-group,-lxil,-lgcc,-lc,--end-group
Finished building target: simple_transfer_2.elf
 
Invoking: ARM v7 Print Size
arm-none-eabi-size simple_transfer_2.elf  |tee "simple_transfer_2.elf.size"
   text	   data	    bss	    dec	    hex	filename
  28624	   1160	  22612	  52396	   ccac	simple_transfer_2.elf
Finished building: simple_transfer_2.elf.size
 

12:35:51 Build Finished (took 164ms)

