11:31:51 **** Build of project hello_world_bsp ****
make -k all 
libgen -hw ../Virtex6_MUL_IP_CORE2_hw_platform/system.xml\
	       \
	       -pe microblaze_0 \
	       -log libgen.log \
	       system.mss
libgen
Xilinx EDK 14.7 Build EDK_P.20131013
Copyright (c) 1995-2012 Xilinx, Inc.  All rights reserved.

Command Line: libgen -hw ../Virtex6_MUL_IP_CORE2_hw_platform/system.xml -pe
microblaze_0 -log libgen.log system.mss 


Staging source files.
Running DRCs.
Running generate.
Running post_generate.
Running include - 'make -s include "COMPILER=mb-gcc" "ARCHIVER=mb-ar"
"COMPILER_FLAGS=-mlittle-endian -mno-xl-soft-mul -mxl-barrel-shift
-mxl-pattern-compare -mcpu=v8.50.c  -O2 -c" "EXTRA_COMPILER_FLAGS=-g
-ffunction-sections -fdata-sections"'.

Running libs - 'make -s libs "COMPILER=mb-gcc" "ARCHIVER=mb-ar"
"COMPILER_FLAGS=-mlittle-endian -mno-xl-soft-mul -mxl-barrel-shift
-mxl-pattern-compare -mcpu=v8.50.c  -O2 -c" "EXTRA_COMPILER_FLAGS=-g
-ffunction-sections -fdata-sections"'.
"Compiling common"
"Compiling standalone";
"Compiling v6_ddrx"
"Compiling uartlite"
"Compiling gpio"
"Compiling bram"
"Compiling cpu"
Running execs_generate.
'Finished building libraries'
11:32:06 **** Build of configuration Debug for project hello_world ****
make all 
'Building file: ../src/testperiph.c'
'Invoking: MicroBlaze gcc compiler'
mb-gcc -Wall -O0 -g3 -c -fmessage-length=0 -I../../hello_world_bsp/microblaze_0/include -mlittle-endian -mxl-barrel-shift -mxl-pattern-compare -mcpu=v8.50.c -mno-xl-soft-mul -Wl,--no-relax -ffunction-sections -fdata-sections -MMD -MP -MF"src/testperiph.d" -MT"src/testperiph.d" -o "src/testperiph.o" "../src/testperiph.c"
'Finished building: ../src/testperiph.c'
' '
'Building file: ../src/xgpio_tapp_example.c'
'Invoking: MicroBlaze gcc compiler'
mb-gcc -Wall -O0 -g3 -c -fmessage-length=0 -I../../hello_world_bsp/microblaze_0/include -mlittle-endian -mxl-barrel-shift -mxl-pattern-compare -mcpu=v8.50.c -mno-xl-soft-mul -Wl,--no-relax -ffunction-sections -fdata-sections -MMD -MP -MF"src/xgpio_tapp_example.d" -MT"src/xgpio_tapp_example.d" -o "src/xgpio_tapp_example.o" "../src/xgpio_tapp_example.c"
../src/xgpio_tapp_example.c: In function 'GpioOutputExample':
../src/xgpio_tapp_example.c:182:6: warning: unused variable 'Data' [-Wunused-variable]
'Finished building: ../src/xgpio_tapp_example.c'
' '
'Building file: ../src/xuartlite_selftest_example.c'
'Invoking: MicroBlaze gcc compiler'
mb-gcc -Wall -O0 -g3 -c -fmessage-length=0 -I../../hello_world_bsp/microblaze_0/include -mlittle-endian -mxl-barrel-shift -mxl-pattern-compare -mcpu=v8.50.c -mno-xl-soft-mul -Wl,--no-relax -ffunction-sections -fdata-sections -MMD -MP -MF"src/xuartlite_selftest_example.d" -MT"src/xuartlite_selftest_example.d" -o "src/xuartlite_selftest_example.o" "../src/xuartlite_selftest_example.c"
'Finished building: ../src/xuartlite_selftest_example.c'
' '
'Building target: hello_world.elf'
'Invoking: MicroBlaze gcc linker'
mb-gcc -Wl,-T -Wl,../src/lscript.ld -L../../hello_world_bsp/microblaze_0/lib -mlittle-endian -mxl-barrel-shift -mxl-pattern-compare -mcpu=v8.50.c -mno-xl-soft-mul -Wl,--no-relax -Wl,--gc-sections -o "hello_world.elf"  ./src/testperiph.o ./src/xgpio_tapp_example.o ./src/xuartlite_selftest_example.o   -Wl,--start-group,-lxil,-lgcc,-lc,--end-group
'Finished building target: hello_world.elf'
' '
'Invoking: MicroBlaze Print Size'
mb-size hello_world.elf  |tee "hello_world.elf.size"
   text	   data	    bss	    dec	    hex	filename
   5314	    336	   2206	   7856	   1eb0	hello_world.elf
'Finished building: hello_world.elf.size'
' '
'Invoking: Xilinx ELF Check'
elfcheck hello_world.elf -hw ../../Virtex6_MUL_IP_CORE2_hw_platform/system.xml -pe microblaze_0  |tee "hello_world.elf.elfcheck"
elfcheck
Xilinx EDK 14.7 Build EDK_P.20131013
Copyright (c) 1995-2012 Xilinx, Inc.  All rights reserved.

Command Line: elfcheck -hw ../../Virtex6_MUL_IP_CORE2_hw_platform/system.xml -pe
microblaze_0 hello_world.elf 

ELF file	: hello_world.elf
elfcheck passed.
'Finished building: hello_world.elf.elfcheck'
' '
11:50:50 **** Auto Build of configuration Debug for project hello_world ****
make all 
make: Nothing to be done for `all'.
11:54:27 **** Auto Build of configuration Debug for project hello_world ****
make all 
make: Nothing to be done for `all'.
11:55:08 **** Auto Build of configuration Debug for project hello_world ****
make all 
make: Nothing to be done for `all'.
11:55:20 **** Auto Build of configuration Debug for project hello_world ****
make all 
make: Nothing to be done for `all'.
11:56:45 **** Clean-only build of configuration Debug for project hello_world ****
make clean 
rm -rf  ./src/matrix_mul_ip_core_s_int_g_selftest.o ./src/testperiph.o ./src/xgpio_tapp_example.o ./src/xuartlite_selftest_example.o  ./src/matrix_mul_ip_core_s_int_g_selftest.d ./src/testperiph.d ./src/xgpio_tapp_example.d ./src/xuartlite_selftest_example.d  hello_world.elf.size  hello_world.elf.elfcheck  hello_world.elf
' '
11:56:45 **** Clean-only build of project hello_world_bsp ****
make -k clean 
rm -rf microblaze_0
11:56:47 **** Build of project hello_world_bsp ****
make -k all 
libgen -hw ../Virtex6_MUL_IP_CORE2_hw_platform/system.xml\
	       \
	       -pe microblaze_0 \
	       -log libgen.log \
	       system.mss
libgen
Xilinx EDK 14.7 Build EDK_P.20131013
Copyright (c) 1995-2012 Xilinx, Inc.  All rights reserved.

Command Line: libgen -hw ../Virtex6_MUL_IP_CORE2_hw_platform/system.xml -pe
microblaze_0 -log libgen.log system.mss 


Staging source files.
Running DRCs.
Running generate.
Running post_generate.
Running include - 'make -s include "COMPILER=mb-gcc" "ARCHIVER=mb-ar"
"COMPILER_FLAGS=-mlittle-endian -mno-xl-soft-mul -mxl-barrel-shift
-mxl-pattern-compare -mcpu=v8.50.c  -O2 -c" "EXTRA_COMPILER_FLAGS=-g
-ffunction-sections -fdata-sections"'.

Running libs - 'make -s libs "COMPILER=mb-gcc" "ARCHIVER=mb-ar"
"COMPILER_FLAGS=-mlittle-endian -mno-xl-soft-mul -mxl-barrel-shift
-mxl-pattern-compare -mcpu=v8.50.c  -O2 -c" "EXTRA_COMPILER_FLAGS=-g
-ffunction-sections -fdata-sections"'.
"Compiling common"
"Compiling standalone";
"Compiling v6_ddrx"
"Compiling uartlite"
"Compiling gpio"
"Compiling bram"
"Compiling cpu"
Running execs_generate.
'Finished building libraries'
11:56:56 **** Clean-only build of configuration Debug for project hello_world ****
make clean 
rm -rf  ./src/matrix_mul_ip_core_s_int_g_selftest.o ./src/testperiph.o ./src/xgpio_tapp_example.o ./src/xuartlite_selftest_example.o  ./src/matrix_mul_ip_core_s_int_g_selftest.d ./src/testperiph.d ./src/xgpio_tapp_example.d ./src/xuartlite_selftest_example.d  hello_world.elf.size  hello_world.elf.elfcheck  hello_world.elf
' '
11:56:56 **** Build of configuration Debug for project hello_world ****
make all 
'Building file: C:/FPGA/Internship_Jobs/Codes/Virtex6_MUL_IP_CORE2/drivers/matrix_mul_ip_core_s_int_g_v1_00_a/src/matrix_mul_ip_core_s_int_g_selftest.c'
'Invoking: MicroBlaze gcc compiler'
mb-gcc -Wall -O0 -g3 -c -fmessage-length=0 -I../../hello_world_bsp/microblaze_0/include -mlittle-endian -mxl-barrel-shift -mxl-pattern-compare -mcpu=v8.50.c -mno-xl-soft-mul -Wl,--no-relax -ffunction-sections -fdata-sections -MMD -MP -MF"src/matrix_mul_ip_core_s_int_g_selftest.d" -MT"src/matrix_mul_ip_core_s_int_g_selftest.d" -o "src/matrix_mul_ip_core_s_int_g_selftest.o" "C:/FPGA/Internship_Jobs/Codes/Virtex6_MUL_IP_CORE2/drivers/matrix_mul_ip_core_s_int_g_v1_00_a/src/matrix_mul_ip_core_s_int_g_selftest.c"
'Finished building: C:/FPGA/Internship_Jobs/Codes/Virtex6_MUL_IP_CORE2/drivers/matrix_mul_ip_core_s_int_g_v1_00_a/src/matrix_mul_ip_core_s_int_g_selftest.c'
' '
'Building file: ../src/testperiph.c'
'Invoking: MicroBlaze gcc compiler'
mb-gcc -Wall -O0 -g3 -c -fmessage-length=0 -I../../hello_world_bsp/microblaze_0/include -mlittle-endian -mxl-barrel-shift -mxl-pattern-compare -mcpu=v8.50.c -mno-xl-soft-mul -Wl,--no-relax -ffunction-sections -fdata-sections -MMD -MP -MF"src/testperiph.d" -MT"src/testperiph.d" -o "src/testperiph.o" "../src/testperiph.c"
'Finished building: ../src/testperiph.c'
' '
'Building file: ../src/xgpio_tapp_example.c'
'Invoking: MicroBlaze gcc compiler'
mb-gcc -Wall -O0 -g3 -c -fmessage-length=0 -I../../hello_world_bsp/microblaze_0/include -mlittle-endian -mxl-barrel-shift -mxl-pattern-compare -mcpu=v8.50.c -mno-xl-soft-mul -Wl,--no-relax -ffunction-sections -fdata-sections -MMD -MP -MF"src/xgpio_tapp_example.d" -MT"src/xgpio_tapp_example.d" -o "src/xgpio_tapp_example.o" "../src/xgpio_tapp_example.c"
../src/xgpio_tapp_example.c: In function 'GpioOutputExample':
../src/xgpio_tapp_example.c:182:6: warning: unused variable 'Data' [-Wunused-variable]
'Finished building: ../src/xgpio_tapp_example.c'
' '
'Building file: ../src/xuartlite_selftest_example.c'
'Invoking: MicroBlaze gcc compiler'
mb-gcc -Wall -O0 -g3 -c -fmessage-length=0 -I../../hello_world_bsp/microblaze_0/include -mlittle-endian -mxl-barrel-shift -mxl-pattern-compare -mcpu=v8.50.c -mno-xl-soft-mul -Wl,--no-relax -ffunction-sections -fdata-sections -MMD -MP -MF"src/xuartlite_selftest_example.d" -MT"src/xuartlite_selftest_example.d" -o "src/xuartlite_selftest_example.o" "../src/xuartlite_selftest_example.c"
'Finished building: ../src/xuartlite_selftest_example.c'
' '
'Building target: hello_world.elf'
'Invoking: MicroBlaze gcc linker'
mb-gcc -Wl,-T -Wl,../src/lscript.ld -L../../hello_world_bsp/microblaze_0/lib -mlittle-endian -mxl-barrel-shift -mxl-pattern-compare -mcpu=v8.50.c -mno-xl-soft-mul -Wl,--no-relax -Wl,--gc-sections -o "hello_world.elf"  ./src/matrix_mul_ip_core_s_int_g_selftest.o ./src/testperiph.o ./src/xgpio_tapp_example.o ./src/xuartlite_selftest_example.o   -Wl,--start-group,-lxil,-lgcc,-lc,--end-group
'Finished building target: hello_world.elf'
' '
'Invoking: MicroBlaze Print Size'
mb-size hello_world.elf  |tee "hello_world.elf.size"
   text	   data	    bss	    dec	    hex	filename
   5314	    336	   2206	   7856	   1eb0	hello_world.elf
'Finished building: hello_world.elf.size'
' '
'Invoking: Xilinx ELF Check'
elfcheck hello_world.elf -hw ../../Virtex6_MUL_IP_CORE2_hw_platform/system.xml -pe microblaze_0  |tee "hello_world.elf.elfcheck"
elfcheck
Xilinx EDK 14.7 Build EDK_P.20131013
Copyright (c) 1995-2012 Xilinx, Inc.  All rights reserved.

Command Line: elfcheck -hw ../../Virtex6_MUL_IP_CORE2_hw_platform/system.xml -pe
microblaze_0 hello_world.elf 

ELF file	: hello_world.elf
elfcheck passed.
'Finished building: hello_world.elf.elfcheck'
' '
12:00:32 **** Incremental Build of project hello_world_bsp ****
make -k all 
'Finished building libraries'
12:00:32 **** Incremental Build of configuration Debug for project hello_world ****
make all 
'Building file: ../src/testperiph.c'
'Invoking: MicroBlaze gcc compiler'
mb-gcc -Wall -O0 -g3 -c -fmessage-length=0 -I../../hello_world_bsp/microblaze_0/include -mlittle-endian -mxl-barrel-shift -mxl-pattern-compare -mcpu=v8.50.c -mno-xl-soft-mul -Wl,--no-relax -ffunction-sections -fdata-sections -MMD -MP -MF"src/testperiph.d" -MT"src/testperiph.d" -o "src/testperiph.o" "../src/testperiph.c"
../src/testperiph.c: In function 'main':
../src/testperiph.c:138:4: warning: implicit declaration of function 'MATRIX_MUL_IP_CORE_SelfTest' [-Wimplicit-function-declaration]
../src/testperiph.c:43:6: warning: unused variable 'a' [-Wunused-variable]
'Finished building: ../src/testperiph.c'
' '
'Building target: hello_world.elf'
'Invoking: MicroBlaze gcc linker'
mb-gcc -Wl,-T -Wl,../src/lscript.ld -L../../hello_world_bsp/microblaze_0/lib -mlittle-endian -mxl-barrel-shift -mxl-pattern-compare -mcpu=v8.50.c -mno-xl-soft-mul -Wl,--no-relax -Wl,--gc-sections -o "hello_world.elf"  ./src/matrix_mul_ip_core_s_int_g_selftest.o ./src/testperiph.o ./src/xgpio_tapp_example.o ./src/xuartlite_selftest_example.o   -Wl,--start-group,-lxil,-lgcc,-lc,--end-group
'Finished building target: hello_world.elf'
' '
'Invoking: MicroBlaze Print Size'
mb-size hello_world.elf  |tee "hello_world.elf.size"
   text	   data	    bss	    dec	    hex	filename
   8950	    272	   2080	  11302	   2c26	hello_world.elf
'Finished building: hello_world.elf.size'
' '
'Invoking: Xilinx ELF Check'
elfcheck hello_world.elf -hw ../../Virtex6_MUL_IP_CORE2_hw_platform/system.xml -pe microblaze_0  |tee "hello_world.elf.elfcheck"
elfcheck
Xilinx EDK 14.7 Build EDK_P.20131013
Copyright (c) 1995-2012 Xilinx, Inc.  All rights reserved.

Command Line: elfcheck -hw ../../Virtex6_MUL_IP_CORE2_hw_platform/system.xml -pe
microblaze_0 hello_world.elf 

ELF file	: hello_world.elf
elfcheck passed.
'Finished building: hello_world.elf.elfcheck'
' '
12:01:53 **** Incremental Build of configuration Debug for project hello_world ****
make all 
make: Nothing to be done for `all'.
12:03:19 **** Incremental Build of configuration Debug for project hello_world ****
make all 
make: Nothing to be done for `all'.
12:05:50 **** Incremental Build of configuration Debug for project hello_world ****
make all 
make: Nothing to be done for `all'.
12:09:21 **** Incremental Build of configuration Debug for project hello_world ****
make all 
'Building file: C:/FPGA/Internship_Jobs/Codes/Virtex6_MUL_IP_CORE2/drivers/matrix_mul_ip_core_s_int_g_v1_00_a/src/matrix_mul_ip_core_s_int_g_selftest.c'
'Invoking: MicroBlaze gcc compiler'
mb-gcc -Wall -O0 -g3 -c -fmessage-length=0 -I../../hello_world_bsp/microblaze_0/include -mlittle-endian -mxl-barrel-shift -mxl-pattern-compare -mcpu=v8.50.c -mno-xl-soft-mul -Wl,--no-relax -ffunction-sections -fdata-sections -MMD -MP -MF"src/matrix_mul_ip_core_s_int_g_selftest.d" -MT"src/matrix_mul_ip_core_s_int_g_selftest.d" -o "src/matrix_mul_ip_core_s_int_g_selftest.o" "C:/FPGA/Internship_Jobs/Codes/Virtex6_MUL_IP_CORE2/drivers/matrix_mul_ip_core_s_int_g_v1_00_a/src/matrix_mul_ip_core_s_int_g_selftest.c"
'Finished building: C:/FPGA/Internship_Jobs/Codes/Virtex6_MUL_IP_CORE2/drivers/matrix_mul_ip_core_s_int_g_v1_00_a/src/matrix_mul_ip_core_s_int_g_selftest.c'
' '
'Building target: hello_world.elf'
'Invoking: MicroBlaze gcc linker'
mb-gcc -Wl,-T -Wl,../src/lscript.ld -L../../hello_world_bsp/microblaze_0/lib -mlittle-endian -mxl-barrel-shift -mxl-pattern-compare -mcpu=v8.50.c -mno-xl-soft-mul -Wl,--no-relax -Wl,--gc-sections -o "hello_world.elf"  ./src/matrix_mul_ip_core_s_int_g_selftest.o ./src/testperiph.o ./src/xgpio_tapp_example.o ./src/xuartlite_selftest_example.o   -Wl,--start-group,-lxil,-lgcc,-lc,--end-group
'Finished building target: hello_world.elf'
' '
'Invoking: MicroBlaze Print Size'
mb-size hello_world.elf  |tee "hello_world.elf.size"
   text	   data	    bss	    dec	    hex	filename
   9286	    272	   2080	  11638	   2d76	hello_world.elf
'Finished building: hello_world.elf.size'
' '
'Invoking: Xilinx ELF Check'
elfcheck hello_world.elf -hw ../../Virtex6_MUL_IP_CORE2_hw_platform/system.xml -pe microblaze_0  |tee "hello_world.elf.elfcheck"
elfcheck
Xilinx EDK 14.7 Build EDK_P.20131013
Copyright (c) 1995-2012 Xilinx, Inc.  All rights reserved.

Command Line: elfcheck -hw ../../Virtex6_MUL_IP_CORE2_hw_platform/system.xml -pe
microblaze_0 hello_world.elf 

ELF file	: hello_world.elf
elfcheck passed.
'Finished building: hello_world.elf.elfcheck'
' '
12:41:48 **** Incremental Build of configuration Debug for project hello_world ****
make all 
make: Nothing to be done for `all'.
12:43:07 **** Incremental Build of configuration Debug for project hello_world ****
make all 
'Building file: C:/FPGA/Internship_Jobs/Codes/Virtex6_MUL_IP_CORE2/drivers/matrix_mul_ip_core_s_int_g_v1_00_a/src/matrix_mul_ip_core_s_int_g_selftest.c'
'Invoking: MicroBlaze gcc compiler'
mb-gcc -Wall -O0 -g3 -c -fmessage-length=0 -I../../hello_world_bsp/microblaze_0/include -mlittle-endian -mxl-barrel-shift -mxl-pattern-compare -mcpu=v8.50.c -mno-xl-soft-mul -Wl,--no-relax -ffunction-sections -fdata-sections -MMD -MP -MF"src/matrix_mul_ip_core_s_int_g_selftest.d" -MT"src/matrix_mul_ip_core_s_int_g_selftest.d" -o "src/matrix_mul_ip_core_s_int_g_selftest.o" "C:/FPGA/Internship_Jobs/Codes/Virtex6_MUL_IP_CORE2/drivers/matrix_mul_ip_core_s_int_g_v1_00_a/src/matrix_mul_ip_core_s_int_g_selftest.c"
'Finished building: C:/FPGA/Internship_Jobs/Codes/Virtex6_MUL_IP_CORE2/drivers/matrix_mul_ip_core_s_int_g_v1_00_a/src/matrix_mul_ip_core_s_int_g_selftest.c'
' '
'Building target: hello_world.elf'
'Invoking: MicroBlaze gcc linker'
mb-gcc -Wl,-T -Wl,../src/lscript.ld -L../../hello_world_bsp/microblaze_0/lib -mlittle-endian -mxl-barrel-shift -mxl-pattern-compare -mcpu=v8.50.c -mno-xl-soft-mul -Wl,--no-relax -Wl,--gc-sections -o "hello_world.elf"  ./src/matrix_mul_ip_core_s_int_g_selftest.o ./src/testperiph.o ./src/xgpio_tapp_example.o ./src/xuartlite_selftest_example.o   -Wl,--start-group,-lxil,-lgcc,-lc,--end-group
'Finished building target: hello_world.elf'
' '
'Invoking: MicroBlaze Print Size'
mb-size hello_world.elf  |tee "hello_world.elf.size"
   text	   data	    bss	    dec	    hex	filename
   9126	    272	   2080	  11478	   2cd6	hello_world.elf
'Finished building: hello_world.elf.size'
' '
'Invoking: Xilinx ELF Check'
elfcheck hello_world.elf -hw ../../Virtex6_MUL_IP_CORE2_hw_platform/system.xml -pe microblaze_0  |tee "hello_world.elf.elfcheck"
elfcheck
Xilinx EDK 14.7 Build EDK_P.20131013
Copyright (c) 1995-2012 Xilinx, Inc.  All rights reserved.

Command Line: elfcheck -hw ../../Virtex6_MUL_IP_CORE2_hw_platform/system.xml -pe
microblaze_0 hello_world.elf 

ELF file	: hello_world.elf
elfcheck passed.
'Finished building: hello_world.elf.elfcheck'
' '
13:00:34 **** Incremental Build of configuration Debug for project hello_world ****
make all 
'Building file: C:/FPGA/Internship_Jobs/Codes/Virtex6_MUL_IP_CORE2/drivers/matrix_mul_ip_core_s_int_g_v1_00_a/src/matrix_mul_ip_core_s_int_g_selftest.c'
'Invoking: MicroBlaze gcc compiler'
mb-gcc -Wall -O0 -g3 -c -fmessage-length=0 -I../../hello_world_bsp/microblaze_0/include -mlittle-endian -mxl-barrel-shift -mxl-pattern-compare -mcpu=v8.50.c -mno-xl-soft-mul -Wl,--no-relax -ffunction-sections -fdata-sections -MMD -MP -MF"src/matrix_mul_ip_core_s_int_g_selftest.d" -MT"src/matrix_mul_ip_core_s_int_g_selftest.d" -o "src/matrix_mul_ip_core_s_int_g_selftest.o" "C:/FPGA/Internship_Jobs/Codes/Virtex6_MUL_IP_CORE2/drivers/matrix_mul_ip_core_s_int_g_v1_00_a/src/matrix_mul_ip_core_s_int_g_selftest.c"
'Finished building: C:/FPGA/Internship_Jobs/Codes/Virtex6_MUL_IP_CORE2/drivers/matrix_mul_ip_core_s_int_g_v1_00_a/src/matrix_mul_ip_core_s_int_g_selftest.c'
' '
'Building target: hello_world.elf'
'Invoking: MicroBlaze gcc linker'
mb-gcc -Wl,-T -Wl,../src/lscript.ld -L../../hello_world_bsp/microblaze_0/lib -mlittle-endian -mxl-barrel-shift -mxl-pattern-compare -mcpu=v8.50.c -mno-xl-soft-mul -Wl,--no-relax -Wl,--gc-sections -o "hello_world.elf"  ./src/matrix_mul_ip_core_s_int_g_selftest.o ./src/testperiph.o ./src/xgpio_tapp_example.o ./src/xuartlite_selftest_example.o   -Wl,--start-group,-lxil,-lgcc,-lc,--end-group
'Finished building target: hello_world.elf'
' '
'Invoking: MicroBlaze Print Size'
mb-size hello_world.elf  |tee "hello_world.elf.size"
   text	   data	    bss	    dec	    hex	filename
   9122	    272	   2086	  11480	   2cd8	hello_world.elf
'Finished building: hello_world.elf.size'
' '
'Invoking: Xilinx ELF Check'
elfcheck hello_world.elf -hw ../../Virtex6_MUL_IP_CORE2_hw_platform/system.xml -pe microblaze_0  |tee "hello_world.elf.elfcheck"
elfcheck
Xilinx EDK 14.7 Build EDK_P.20131013
Copyright (c) 1995-2012 Xilinx, Inc.  All rights reserved.

Command Line: elfcheck -hw ../../Virtex6_MUL_IP_CORE2_hw_platform/system.xml -pe
microblaze_0 hello_world.elf 

ELF file	: hello_world.elf
elfcheck passed.
'Finished building: hello_world.elf.elfcheck'
' '
13:03:54 **** Incremental Build of configuration Debug for project hello_world ****
make all 
make: Nothing to be done for `all'.
13:25:55 **** Incremental Build of project hello_world_bsp ****
make -k all 
'Finished building libraries'
13:25:55 **** Incremental Build of configuration Debug for project hello_world ****
make all 
'Building file: C:/FPGA/Internship_Jobs/Codes/Virtex6_MUL_IP_CORE2/drivers/matrix_mul_ip_core_s_int_g_v1_00_a/src/matrix_mul_ip_core_s_int_g_selftest.c'
'Invoking: MicroBlaze gcc compiler'
mb-gcc -Wall -O0 -g3 -c -fmessage-length=0 -I../../hello_world_bsp/microblaze_0/include -mlittle-endian -mxl-barrel-shift -mxl-pattern-compare -mcpu=v8.50.c -mno-xl-soft-mul -Wl,--no-relax -ffunction-sections -fdata-sections -MMD -MP -MF"src/matrix_mul_ip_core_s_int_g_selftest.d" -MT"src/matrix_mul_ip_core_s_int_g_selftest.d" -o "src/matrix_mul_ip_core_s_int_g_selftest.o" "C:/FPGA/Internship_Jobs/Codes/Virtex6_MUL_IP_CORE2/drivers/matrix_mul_ip_core_s_int_g_v1_00_a/src/matrix_mul_ip_core_s_int_g_selftest.c"
'Finished building: C:/FPGA/Internship_Jobs/Codes/Virtex6_MUL_IP_CORE2/drivers/matrix_mul_ip_core_s_int_g_v1_00_a/src/matrix_mul_ip_core_s_int_g_selftest.c'
' '
'Building target: hello_world.elf'
'Invoking: MicroBlaze gcc linker'
mb-gcc -Wl,-T -Wl,../src/lscript.ld -L../../hello_world_bsp/microblaze_0/lib -mlittle-endian -mxl-barrel-shift -mxl-pattern-compare -mcpu=v8.50.c -mno-xl-soft-mul -Wl,--no-relax -Wl,--gc-sections -o "hello_world.elf"  ./src/matrix_mul_ip_core_s_int_g_selftest.o ./src/testperiph.o ./src/xgpio_tapp_example.o ./src/xuartlite_selftest_example.o   -Wl,--start-group,-lxil,-lgcc,-lc,--end-group
'Finished building target: hello_world.elf'
' '
'Invoking: MicroBlaze Print Size'
mb-size hello_world.elf  |tee "hello_world.elf.size"
   text	   data	    bss	    dec	    hex	filename
   9126	    272	   2080	  11478	   2cd6	hello_world.elf
'Finished building: hello_world.elf.size'
' '
'Invoking: Xilinx ELF Check'
elfcheck hello_world.elf -hw ../../Virtex6_MUL_IP_CORE2_hw_platform/system.xml -pe microblaze_0  |tee "hello_world.elf.elfcheck"
elfcheck
Xilinx EDK 14.7 Build EDK_P.20131013
Copyright (c) 1995-2012 Xilinx, Inc.  All rights reserved.

Command Line: elfcheck -hw ../../Virtex6_MUL_IP_CORE2_hw_platform/system.xml -pe
microblaze_0 hello_world.elf 

ELF file	: hello_world.elf
elfcheck passed.
'Finished building: hello_world.elf.elfcheck'
' '
13:27:27 **** Incremental Build of configuration Debug for project hello_world ****
make all 
make: Nothing to be done for `all'.
13:31:27 **** Incremental Build of configuration Debug for project hello_world ****
make all 
'Building file: C:/FPGA/Internship_Jobs/Codes/Virtex6_MUL_IP_CORE2/drivers/matrix_mul_ip_core_s_int_g_v1_00_a/src/matrix_mul_ip_core_s_int_g_selftest.c'
'Invoking: MicroBlaze gcc compiler'
mb-gcc -Wall -O0 -g3 -c -fmessage-length=0 -I../../hello_world_bsp/microblaze_0/include -mlittle-endian -mxl-barrel-shift -mxl-pattern-compare -mcpu=v8.50.c -mno-xl-soft-mul -Wl,--no-relax -ffunction-sections -fdata-sections -MMD -MP -MF"src/matrix_mul_ip_core_s_int_g_selftest.d" -MT"src/matrix_mul_ip_core_s_int_g_selftest.d" -o "src/matrix_mul_ip_core_s_int_g_selftest.o" "C:/FPGA/Internship_Jobs/Codes/Virtex6_MUL_IP_CORE2/drivers/matrix_mul_ip_core_s_int_g_v1_00_a/src/matrix_mul_ip_core_s_int_g_selftest.c"
'Finished building: C:/FPGA/Internship_Jobs/Codes/Virtex6_MUL_IP_CORE2/drivers/matrix_mul_ip_core_s_int_g_v1_00_a/src/matrix_mul_ip_core_s_int_g_selftest.c'
' '
'Building target: hello_world.elf'
'Invoking: MicroBlaze gcc linker'
mb-gcc -Wl,-T -Wl,../src/lscript.ld -L../../hello_world_bsp/microblaze_0/lib -mlittle-endian -mxl-barrel-shift -mxl-pattern-compare -mcpu=v8.50.c -mno-xl-soft-mul -Wl,--no-relax -Wl,--gc-sections -o "hello_world.elf"  ./src/matrix_mul_ip_core_s_int_g_selftest.o ./src/testperiph.o ./src/xgpio_tapp_example.o ./src/xuartlite_selftest_example.o   -Wl,--start-group,-lxil,-lgcc,-lc,--end-group
'Finished building target: hello_world.elf'
' '
'Invoking: MicroBlaze Print Size'
mb-size hello_world.elf  |tee "hello_world.elf.size"
   text	   data	    bss	    dec	    hex	filename
   9122	    272	   2086	  11480	   2cd8	hello_world.elf
'Finished building: hello_world.elf.size'
' '
'Invoking: Xilinx ELF Check'
elfcheck hello_world.elf -hw ../../Virtex6_MUL_IP_CORE2_hw_platform/system.xml -pe microblaze_0  |tee "hello_world.elf.elfcheck"
elfcheck
Xilinx EDK 14.7 Build EDK_P.20131013
Copyright (c) 1995-2012 Xilinx, Inc.  All rights reserved.

Command Line: elfcheck -hw ../../Virtex6_MUL_IP_CORE2_hw_platform/system.xml -pe
microblaze_0 hello_world.elf 

ELF file	: hello_world.elf
elfcheck passed.
'Finished building: hello_world.elf.elfcheck'
' '
14:35:05 **** Incremental Build of project hello_world_bsp ****
make -k all 
'Finished building libraries'
14:35:09 **** Incremental Build of configuration Debug for project hello_world ****
make all 
make: Nothing to be done for `all'.
14:35:16 **** Clean-only build of configuration Debug for project hello_world ****
make clean 
rm -rf  ./src/matrix_mul_ip_core_s_int_g_selftest.o ./src/testperiph.o ./src/xgpio_tapp_example.o ./src/xuartlite_selftest_example.o  ./src/matrix_mul_ip_core_s_int_g_selftest.d ./src/testperiph.d ./src/xgpio_tapp_example.d ./src/xuartlite_selftest_example.d  hello_world.elf.size  hello_world.elf.elfcheck  hello_world.elf
' '
14:35:16 **** Build of project hello_world_bsp ****
make -k all 
'Finished building libraries'
14:35:16 **** Build of configuration Debug for project hello_world ****
make all 
'Building file: C:/FPGA/Internship_Jobs/Codes/Virtex6_MUL_IP_CORE2/drivers/matrix_mul_ip_core_s_int_g_v1_00_a/src/matrix_mul_ip_core_s_int_g_selftest.c'
'Invoking: MicroBlaze gcc compiler'
mb-gcc -Wall -O0 -g3 -c -fmessage-length=0 -I../../hello_world_bsp/microblaze_0/include -mlittle-endian -mxl-barrel-shift -mxl-pattern-compare -mcpu=v8.50.c -mno-xl-soft-mul -Wl,--no-relax -ffunction-sections -fdata-sections -MMD -MP -MF"src/matrix_mul_ip_core_s_int_g_selftest.d" -MT"src/matrix_mul_ip_core_s_int_g_selftest.d" -o "src/matrix_mul_ip_core_s_int_g_selftest.o" "C:/FPGA/Internship_Jobs/Codes/Virtex6_MUL_IP_CORE2/drivers/matrix_mul_ip_core_s_int_g_v1_00_a/src/matrix_mul_ip_core_s_int_g_selftest.c"
'Finished building: C:/FPGA/Internship_Jobs/Codes/Virtex6_MUL_IP_CORE2/drivers/matrix_mul_ip_core_s_int_g_v1_00_a/src/matrix_mul_ip_core_s_int_g_selftest.c'
' '
'Building file: ../src/testperiph.c'
'Invoking: MicroBlaze gcc compiler'
mb-gcc -Wall -O0 -g3 -c -fmessage-length=0 -I../../hello_world_bsp/microblaze_0/include -mlittle-endian -mxl-barrel-shift -mxl-pattern-compare -mcpu=v8.50.c -mno-xl-soft-mul -Wl,--no-relax -ffunction-sections -fdata-sections -MMD -MP -MF"src/testperiph.d" -MT"src/testperiph.d" -o "src/testperiph.o" "../src/testperiph.c"
../src/testperiph.c: In function 'main':
../src/testperiph.c:138:4: warning: implicit declaration of function 'MATRIX_MUL_IP_CORE_SelfTest' [-Wimplicit-function-declaration]
../src/testperiph.c:43:6: warning: unused variable 'a' [-Wunused-variable]
'Finished building: ../src/testperiph.c'
' '
'Building file: ../src/xgpio_tapp_example.c'
'Invoking: MicroBlaze gcc compiler'
mb-gcc -Wall -O0 -g3 -c -fmessage-length=0 -I../../hello_world_bsp/microblaze_0/include -mlittle-endian -mxl-barrel-shift -mxl-pattern-compare -mcpu=v8.50.c -mno-xl-soft-mul -Wl,--no-relax -ffunction-sections -fdata-sections -MMD -MP -MF"src/xgpio_tapp_example.d" -MT"src/xgpio_tapp_example.d" -o "src/xgpio_tapp_example.o" "../src/xgpio_tapp_example.c"
../src/xgpio_tapp_example.c: In function 'GpioOutputExample':
../src/xgpio_tapp_example.c:182:6: warning: unused variable 'Data' [-Wunused-variable]
'Finished building: ../src/xgpio_tapp_example.c'
' '
'Building file: ../src/xuartlite_selftest_example.c'
'Invoking: MicroBlaze gcc compiler'
mb-gcc -Wall -O0 -g3 -c -fmessage-length=0 -I../../hello_world_bsp/microblaze_0/include -mlittle-endian -mxl-barrel-shift -mxl-pattern-compare -mcpu=v8.50.c -mno-xl-soft-mul -Wl,--no-relax -ffunction-sections -fdata-sections -MMD -MP -MF"src/xuartlite_selftest_example.d" -MT"src/xuartlite_selftest_example.d" -o "src/xuartlite_selftest_example.o" "../src/xuartlite_selftest_example.c"
'Finished building: ../src/xuartlite_selftest_example.c'
' '
'Building target: hello_world.elf'
'Invoking: MicroBlaze gcc linker'
mb-gcc -Wl,-T -Wl,../src/lscript.ld -L../../hello_world_bsp/microblaze_0/lib -mlittle-endian -mxl-barrel-shift -mxl-pattern-compare -mcpu=v8.50.c -mno-xl-soft-mul -Wl,--no-relax -Wl,--gc-sections -o "hello_world.elf"  ./src/matrix_mul_ip_core_s_int_g_selftest.o ./src/testperiph.o ./src/xgpio_tapp_example.o ./src/xuartlite_selftest_example.o   -Wl,--start-group,-lxil,-lgcc,-lc,--end-group
'Finished building target: hello_world.elf'
' '
'Invoking: MicroBlaze Print Size'
mb-size hello_world.elf  |tee "hello_world.elf.size"
   text	   data	    bss	    dec	    hex	filename
   9122	    272	   2086	  11480	   2cd8	hello_world.elf
'Finished building: hello_world.elf.size'
' '
'Invoking: Xilinx ELF Check'
elfcheck hello_world.elf -hw ../../Virtex6_MUL_IP_CORE2_hw_platform/system.xml -pe microblaze_0  |tee "hello_world.elf.elfcheck"
elfcheck
Xilinx EDK 14.7 Build EDK_P.20131013
Copyright (c) 1995-2012 Xilinx, Inc.  All rights reserved.

Command Line: elfcheck -hw ../../Virtex6_MUL_IP_CORE2_hw_platform/system.xml -pe
microblaze_0 hello_world.elf 

ELF file	: hello_world.elf
elfcheck passed.
'Finished building: hello_world.elf.elfcheck'
' '
14:35:28 **** Clean-only build of project hello_world_bsp ****
make -k clean 
rm -rf microblaze_0
14:35:33 **** Incremental Build of project hello_world_bsp ****
make -k all 
libgen -hw ../Virtex6_MUL_IP_CORE2_hw_platform/system.xml\
	       \
	       -pe microblaze_0 \
	       -log libgen.log \
	       system.mss
libgen
Xilinx EDK 14.7 Build EDK_P.20131013
Copyright (c) 1995-2012 Xilinx, Inc.  All rights reserved.

Command Line: libgen -hw ../Virtex6_MUL_IP_CORE2_hw_platform/system.xml -pe
microblaze_0 -log libgen.log system.mss 


Staging source files.
Running DRCs.
Running generate.
Running post_generate.
Running include - 'make -s include "COMPILER=mb-gcc" "ARCHIVER=mb-ar"
"COMPILER_FLAGS=-mlittle-endian -mno-xl-soft-mul -mxl-barrel-shift
-mxl-pattern-compare -mcpu=v8.50.c  -O2 -c" "EXTRA_COMPILER_FLAGS=-g
-ffunction-sections -fdata-sections"'.

Running libs - 'make -s libs "COMPILER=mb-gcc" "ARCHIVER=mb-ar"
"COMPILER_FLAGS=-mlittle-endian -mno-xl-soft-mul -mxl-barrel-shift
-mxl-pattern-compare -mcpu=v8.50.c  -O2 -c" "EXTRA_COMPILER_FLAGS=-g
-ffunction-sections -fdata-sections"'.
"Compiling common"
"Compiling standalone";
"Compiling v6_ddrx"
"Compiling uartlite"
"Compiling gpio"
"Compiling bram"
"Compiling cpu"
Running execs_generate.
'Finished building libraries'
14:36:02 **** Incremental Build of configuration Debug for project hello_world ****
make all 
make: Nothing to be done for `all'.
14:38:11 **** Incremental Build of configuration Debug for project hello_world ****
make all 
make: Nothing to be done for `all'.
14:38:53 **** Incremental Build of project hello_world_bsp ****
make -k all 
'Finished building libraries'
14:38:54 **** Incremental Build of configuration Debug for project hello_world ****
make all 
make: Nothing to be done for `all'.
14:41:30 **** Incremental Build of configuration Debug for project hello_world ****
make all 
make: Nothing to be done for `all'.
14:43:39 **** Incremental Build of configuration Debug for project hello_world ****
make all 
'Building file: C:/FPGA/Internship_Jobs/Codes/Virtex6_MUL_IP_CORE2/drivers/matrix_mul_ip_core_s_int_g_v1_00_a/src/matrix_mul_ip_core_s_int_g_selftest.c'
'Invoking: MicroBlaze gcc compiler'
mb-gcc -Wall -O0 -g3 -c -fmessage-length=0 -I../../hello_world_bsp/microblaze_0/include -mlittle-endian -mxl-barrel-shift -mxl-pattern-compare -mcpu=v8.50.c -mno-xl-soft-mul -Wl,--no-relax -ffunction-sections -fdata-sections -MMD -MP -MF"src/matrix_mul_ip_core_s_int_g_selftest.d" -MT"src/matrix_mul_ip_core_s_int_g_selftest.d" -o "src/matrix_mul_ip_core_s_int_g_selftest.o" "C:/FPGA/Internship_Jobs/Codes/Virtex6_MUL_IP_CORE2/drivers/matrix_mul_ip_core_s_int_g_v1_00_a/src/matrix_mul_ip_core_s_int_g_selftest.c"
'Finished building: C:/FPGA/Internship_Jobs/Codes/Virtex6_MUL_IP_CORE2/drivers/matrix_mul_ip_core_s_int_g_v1_00_a/src/matrix_mul_ip_core_s_int_g_selftest.c'
' '
'Building target: hello_world.elf'
'Invoking: MicroBlaze gcc linker'
mb-gcc -Wl,-T -Wl,../src/lscript.ld -L../../hello_world_bsp/microblaze_0/lib -mlittle-endian -mxl-barrel-shift -mxl-pattern-compare -mcpu=v8.50.c -mno-xl-soft-mul -Wl,--no-relax -Wl,--gc-sections -o "hello_world.elf"  ./src/matrix_mul_ip_core_s_int_g_selftest.o ./src/testperiph.o ./src/xgpio_tapp_example.o ./src/xuartlite_selftest_example.o   -Wl,--start-group,-lxil,-lgcc,-lc,--end-group
'Finished building target: hello_world.elf'
' '
'Invoking: MicroBlaze Print Size'
mb-size hello_world.elf  |tee "hello_world.elf.size"
   text	   data	    bss	    dec	    hex	filename
   9126	    272	   2080	  11478	   2cd6	hello_world.elf
'Finished building: hello_world.elf.size'
' '
'Invoking: Xilinx ELF Check'
elfcheck hello_world.elf -hw ../../Virtex6_MUL_IP_CORE2_hw_platform/system.xml -pe microblaze_0  |tee "hello_world.elf.elfcheck"
elfcheck
Xilinx EDK 14.7 Build EDK_P.20131013
Copyright (c) 1995-2012 Xilinx, Inc.  All rights reserved.

Command Line: elfcheck -hw ../../Virtex6_MUL_IP_CORE2_hw_platform/system.xml -pe
microblaze_0 hello_world.elf 

ELF file	: hello_world.elf
elfcheck passed.
'Finished building: hello_world.elf.elfcheck'
' '
14:44:15 **** Incremental Build of configuration Debug for project hello_world ****
make all 
'Building file: C:/FPGA/Internship_Jobs/Codes/Virtex6_MUL_IP_CORE2/drivers/matrix_mul_ip_core_s_int_g_v1_00_a/src/matrix_mul_ip_core_s_int_g_selftest.c'
'Invoking: MicroBlaze gcc compiler'
mb-gcc -Wall -O0 -g3 -c -fmessage-length=0 -I../../hello_world_bsp/microblaze_0/include -mlittle-endian -mxl-barrel-shift -mxl-pattern-compare -mcpu=v8.50.c -mno-xl-soft-mul -Wl,--no-relax -ffunction-sections -fdata-sections -MMD -MP -MF"src/matrix_mul_ip_core_s_int_g_selftest.d" -MT"src/matrix_mul_ip_core_s_int_g_selftest.d" -o "src/matrix_mul_ip_core_s_int_g_selftest.o" "C:/FPGA/Internship_Jobs/Codes/Virtex6_MUL_IP_CORE2/drivers/matrix_mul_ip_core_s_int_g_v1_00_a/src/matrix_mul_ip_core_s_int_g_selftest.c"
'Finished building: C:/FPGA/Internship_Jobs/Codes/Virtex6_MUL_IP_CORE2/drivers/matrix_mul_ip_core_s_int_g_v1_00_a/src/matrix_mul_ip_core_s_int_g_selftest.c'
' '
'Building target: hello_world.elf'
'Invoking: MicroBlaze gcc linker'
mb-gcc -Wl,-T -Wl,../src/lscript.ld -L../../hello_world_bsp/microblaze_0/lib -mlittle-endian -mxl-barrel-shift -mxl-pattern-compare -mcpu=v8.50.c -mno-xl-soft-mul -Wl,--no-relax -Wl,--gc-sections -o "hello_world.elf"  ./src/matrix_mul_ip_core_s_int_g_selftest.o ./src/testperiph.o ./src/xgpio_tapp_example.o ./src/xuartlite_selftest_example.o   -Wl,--start-group,-lxil,-lgcc,-lc,--end-group
'Finished building target: hello_world.elf'
' '
'Invoking: MicroBlaze Print Size'
mb-size hello_world.elf  |tee "hello_world.elf.size"
   text	   data	    bss	    dec	    hex	filename
   9126	    272	   2080	  11478	   2cd6	hello_world.elf
'Finished building: hello_world.elf.size'
' '
'Invoking: Xilinx ELF Check'
elfcheck hello_world.elf -hw ../../Virtex6_MUL_IP_CORE2_hw_platform/system.xml -pe microblaze_0  |tee "hello_world.elf.elfcheck"
elfcheck
Xilinx EDK 14.7 Build EDK_P.20131013
Copyright (c) 1995-2012 Xilinx, Inc.  All rights reserved.

Command Line: elfcheck -hw ../../Virtex6_MUL_IP_CORE2_hw_platform/system.xml -pe
microblaze_0 hello_world.elf 

ELF file	: hello_world.elf
elfcheck passed.
'Finished building: hello_world.elf.elfcheck'
' '
20:07:23 **** Build of project hello_world_bsp ****
make -k all 
'Finished building libraries'
20:07:23 **** Build of configuration Debug for project hello_world ****
make all 
make: Nothing to be done for `all'.
20:08:50 **** Incremental Build of configuration Debug for project hello_world ****
make all 
'Building file: C:/FPGA/Internship_Jobs/Codes/Virtex6_MUL_IP_CORE2/drivers/matrix_mul_ip_core_s_int_g_v1_00_a/src/matrix_mul_ip_core_s_int_g_selftest.c'
'Invoking: MicroBlaze gcc compiler'
mb-gcc -Wall -O0 -g3 -c -fmessage-length=0 -I../../hello_world_bsp/microblaze_0/include -mlittle-endian -mxl-barrel-shift -mxl-pattern-compare -mcpu=v8.50.c -mno-xl-soft-mul -Wl,--no-relax -ffunction-sections -fdata-sections -MMD -MP -MF"src/matrix_mul_ip_core_s_int_g_selftest.d" -MT"src/matrix_mul_ip_core_s_int_g_selftest.d" -o "src/matrix_mul_ip_core_s_int_g_selftest.o" "C:/FPGA/Internship_Jobs/Codes/Virtex6_MUL_IP_CORE2/drivers/matrix_mul_ip_core_s_int_g_v1_00_a/src/matrix_mul_ip_core_s_int_g_selftest.c"
'Finished building: C:/FPGA/Internship_Jobs/Codes/Virtex6_MUL_IP_CORE2/drivers/matrix_mul_ip_core_s_int_g_v1_00_a/src/matrix_mul_ip_core_s_int_g_selftest.c'
' '
'Building target: hello_world.elf'
'Invoking: MicroBlaze gcc linker'
mb-gcc -Wl,-T -Wl,../src/lscript.ld -L../../hello_world_bsp/microblaze_0/lib -mlittle-endian -mxl-barrel-shift -mxl-pattern-compare -mcpu=v8.50.c -mno-xl-soft-mul -Wl,--no-relax -Wl,--gc-sections -o "hello_world.elf"  ./src/matrix_mul_ip_core_s_int_g_selftest.o ./src/testperiph.o ./src/xgpio_tapp_example.o ./src/xuartlite_selftest_example.o   -Wl,--start-group,-lxil,-lgcc,-lc,--end-group
'Finished building target: hello_world.elf'
' '
'Invoking: MicroBlaze Print Size'
mb-size hello_world.elf  |tee "hello_world.elf.size"
   text	   data	    bss	    dec	    hex	filename
   9142	    272	   2080	  11494	   2ce6	hello_world.elf
'Finished building: hello_world.elf.size'
' '
'Invoking: Xilinx ELF Check'
elfcheck hello_world.elf -hw ../../Virtex6_MUL_IP_CORE2_hw_platform/system.xml -pe microblaze_0  |tee "hello_world.elf.elfcheck"
elfcheck
Xilinx EDK 14.7 Build EDK_P.20131013
Copyright (c) 1995-2012 Xilinx, Inc.  All rights reserved.

Command Line: elfcheck -hw ../../Virtex6_MUL_IP_CORE2_hw_platform/system.xml -pe
microblaze_0 hello_world.elf 

ELF file	: hello_world.elf
elfcheck passed.
'Finished building: hello_world.elf.elfcheck'
' '
20:09:04 **** Incremental Build of configuration Debug for project hello_world ****
make all 
'Building file: C:/FPGA/Internship_Jobs/Codes/Virtex6_MUL_IP_CORE2/drivers/matrix_mul_ip_core_s_int_g_v1_00_a/src/matrix_mul_ip_core_s_int_g_selftest.c'
'Invoking: MicroBlaze gcc compiler'
mb-gcc -Wall -O0 -g3 -c -fmessage-length=0 -I../../hello_world_bsp/microblaze_0/include -mlittle-endian -mxl-barrel-shift -mxl-pattern-compare -mcpu=v8.50.c -mno-xl-soft-mul -Wl,--no-relax -ffunction-sections -fdata-sections -MMD -MP -MF"src/matrix_mul_ip_core_s_int_g_selftest.d" -MT"src/matrix_mul_ip_core_s_int_g_selftest.d" -o "src/matrix_mul_ip_core_s_int_g_selftest.o" "C:/FPGA/Internship_Jobs/Codes/Virtex6_MUL_IP_CORE2/drivers/matrix_mul_ip_core_s_int_g_v1_00_a/src/matrix_mul_ip_core_s_int_g_selftest.c"
'Finished building: C:/FPGA/Internship_Jobs/Codes/Virtex6_MUL_IP_CORE2/drivers/matrix_mul_ip_core_s_int_g_v1_00_a/src/matrix_mul_ip_core_s_int_g_selftest.c'
' '
'Building target: hello_world.elf'
'Invoking: MicroBlaze gcc linker'
mb-gcc -Wl,-T -Wl,../src/lscript.ld -L../../hello_world_bsp/microblaze_0/lib -mlittle-endian -mxl-barrel-shift -mxl-pattern-compare -mcpu=v8.50.c -mno-xl-soft-mul -Wl,--no-relax -Wl,--gc-sections -o "hello_world.elf"  ./src/matrix_mul_ip_core_s_int_g_selftest.o ./src/testperiph.o ./src/xgpio_tapp_example.o ./src/xuartlite_selftest_example.o   -Wl,--start-group,-lxil,-lgcc,-lc,--end-group
'Finished building target: hello_world.elf'
' '
'Invoking: MicroBlaze Print Size'
mb-size hello_world.elf  |tee "hello_world.elf.size"
   text	   data	    bss	    dec	    hex	filename
   9142	    272	   2080	  11494	   2ce6	hello_world.elf
'Finished building: hello_world.elf.size'
' '
'Invoking: Xilinx ELF Check'
elfcheck hello_world.elf -hw ../../Virtex6_MUL_IP_CORE2_hw_platform/system.xml -pe microblaze_0  |tee "hello_world.elf.elfcheck"
elfcheck
Xilinx EDK 14.7 Build EDK_P.20131013
Copyright (c) 1995-2012 Xilinx, Inc.  All rights reserved.

Command Line: elfcheck -hw ../../Virtex6_MUL_IP_CORE2_hw_platform/system.xml -pe
microblaze_0 hello_world.elf 

ELF file	: hello_world.elf
elfcheck passed.
'Finished building: hello_world.elf.elfcheck'
' '
