20:09:04 **** Incremental Build of configuration Debug for project hello_world ****
make all 
'Building file: C:/FPGA/Internship_Jobs/Codes/Virtex6_MUL_IP_CORE2/drivers/matrix_mul_ip_core_s_int_g_v1_00_a/src/matrix_mul_ip_core_s_int_g_selftest.c'
'Invoking: MicroBlaze gcc compiler'
mb-gcc -Wall -O0 -g3 -c -fmessage-length=0 -I../../hello_world_bsp/microblaze_0/include -mlittle-endian -mxl-barrel-shift -mxl-pattern-compare -mcpu=v8.50.c -mno-xl-soft-mul -Wl,--no-relax -ffunction-sections -fdata-sections -MMD -MP -MF"src/matrix_mul_ip_core_s_int_g_selftest.d" -MT"src/matrix_mul_ip_core_s_int_g_selftest.d" -o "src/matrix_mul_ip_core_s_int_g_selftest.o" "C:/FPGA/Internship_Jobs/Codes/Virtex6_MUL_IP_CORE2/drivers/matrix_mul_ip_core_s_int_g_v1_00_a/src/matrix_mul_ip_core_s_int_g_selftest.c"
'Finished building: C:/FPGA/Internship_Jobs/Codes/Virtex6_MUL_IP_CORE2/drivers/matrix_mul_ip_core_s_int_g_v1_00_a/src/matrix_mul_ip_core_s_int_g_selftest.c'
' '
'Building target: hello_world.elf'
'Invoking: MicroBlaze gcc linker'
mb-gcc -Wl,-T -Wl,../src/lscript.ld -L../../hello_world_bsp/microblaze_0/lib -mlittle-endian -mxl-barrel-shift -mxl-pattern-compare -mcpu=v8.50.c -mno-xl-soft-mul -Wl,--no-relax -Wl,--gc-sections -o "hello_world.elf"  ./src/matrix_mul_ip_core_s_int_g_selftest.o ./src/testperiph.o ./src/xgpio_tapp_example.o ./src/xuartlite_selftest_example.o   -Wl,--start-group,-lxil,-lgcc,-lc,--end-group
'Finished building target: hello_world.elf'
' '
'Invoking: MicroBlaze Print Size'
mb-size hello_world.elf  |tee "hello_world.elf.size"
   text	   data	    bss	    dec	    hex	filename
   9142	    272	   2080	  11494	   2ce6	hello_world.elf
'Finished building: hello_world.elf.size'
' '
'Invoking: Xilinx ELF Check'
elfcheck hello_world.elf -hw ../../Virtex6_MUL_IP_CORE2_hw_platform/system.xml -pe microblaze_0  |tee "hello_world.elf.elfcheck"
elfcheck
Xilinx EDK 14.7 Build EDK_P.20131013
Copyright (c) 1995-2012 Xilinx, Inc.  All rights reserved.

Command Line: elfcheck -hw ../../Virtex6_MUL_IP_CORE2_hw_platform/system.xml -pe
microblaze_0 hello_world.elf 

ELF file	: hello_world.elf
elfcheck passed.
'Finished building: hello_world.elf.elfcheck'
' '

20:09:07 Build Finished (took 2s.217ms)

